
Discarded input sections

 .eh_frame      0x0000000000000000       0xe8 ./idt/ints.o
 .eh_frame      0x0000000000000000       0x40 ./idt/idt.o
 .eh_frame      0x0000000000000000       0x40 ./debug.o
 .eh_frame      0x0000000000000000       0x38 ./gdt/gdt.o
 .eh_frame      0x0000000000000000       0x50 ./mem/memutils.o
 .eh_frame      0x0000000000000000      0x250 ./mem/pageframeallocator.o
 .eh_frame      0x0000000000000000       0x40 ./lib/bitmap.o
 .eh_frame      0x0000000000000000       0x80 ./lib/mem.o
 .eh_frame      0x0000000000000000       0x40 ./lib/string.o
 .eh_frame      0x0000000000000000       0x30 ./lib/math.o
 .eh_frame      0x0000000000000000       0x98 ./terminal/terminal.o
 .eh_frame      0x0000000000000000       0x90 ./kernel.o
 .eh_frame      0x0000000000000000      0x128 ./graphics/framebuffer.o
 .eh_frame      0x0000000000000000       0x70 ./panic.o

Memory Configuration

Name             Origin             Length             Attributes
*default*        0x0000000000000000 0xffffffffffffffff

Linker script and memory map

LOAD ./idt/ints.o
LOAD ./idt/idt.o
LOAD ./debug.o
LOAD ./gdt/gdt.o
LOAD ./mem/memutils.o
LOAD ./mem/pageframeallocator.o
LOAD ./lib/bitmap.o
LOAD ./lib/mem.o
LOAD ./lib/string.o
LOAD ./lib/math.o
LOAD ./terminal/terminal.o
LOAD ./kernel.o
LOAD ./graphics/framebuffer.o
LOAD ./panic.o
LOAD ./gdt/gdtasm.o
LOAD font.o
                0xffffffff80000000                . = 0xffffffff80000000

.text           0xffffffff80000000     0x169b
 *(.text .text.*)
 .text          0xffffffff80000000       0xb2 ./idt/ints.o
                0xffffffff80000000                pageFaultHandler
                0xffffffff80000030                doubleFaultHandler
                0xffffffff80000060                gpFaultHandler
                0xffffffff80000090                keyboardInterruptHandler
                0xffffffff800000a0                mouseInterruptHandler
                0xffffffff800000b0                pitInterruptHandler
 *fill*         0xffffffff800000b2        0xe 
 .text          0xffffffff800000c0       0x39 ./idt/idt.o
                0xffffffff800000c0                idt_setOffset
                0xffffffff800000e0                idt_getOffset
 *fill*         0xffffffff800000f9        0x7 
 .text          0xffffffff80000100      0x299 ./debug.o
                0xffffffff80000100                kprintf
 *fill*         0xffffffff80000399        0x7 
 .text          0xffffffff800003a0       0x30 ./gdt/gdt.o
                0xffffffff800003a0                gdt_init
 .text          0xffffffff800003d0       0x59 ./mem/memutils.o
                0xffffffff800003d0                getMemoryMappingName
                0xffffffff800003f0                getMemorySize
 *fill*         0xffffffff80000429        0x7 
 .text          0xffffffff80000430      0x656 ./mem/pageframeallocator.o
                0xffffffff80000430                mem_pageframeallocator_initBitmap
                0xffffffff80000470                mem_pageframeallocator_freePage
                0xffffffff800004f0                mem_pageframeallocator_freePages
                0xffffffff80000540                mem_pageframeallocator_lockPage
                0xffffffff800005b0                mem_pageframeallocator_requestPage
                0xffffffff80000660                mem_pageframeallocator_lockPages
                0xffffffff800006b0                mem_pageframeallocator_unreservePage
                0xffffffff80000730                mem_pageframeallocator_unreservePages
                0xffffffff80000780                mem_pageframeallocator_reservePage
                0xffffffff800007f0                mem_pageframeallocator_init
                0xffffffff800009f0                mem_pageframeallocator_reservePages
                0xffffffff80000a40                mem_getFreeRAM
                0xffffffff80000a50                mem_getUsedRAM
                0xffffffff80000a60                mem_getReservedRAM
                0xffffffff80000a70                mem_getTotalRAM
 *fill*         0xffffffff80000a86        0xa 
 .text          0xffffffff80000a90       0x67 ./lib/bitmap.o
                0xffffffff80000a90                bitmap_get
                0xffffffff80000ac0                bitmap_set
 *fill*         0xffffffff80000af7        0x9 
 .text          0xffffffff80000b00      0x10b ./lib/mem.o
                0xffffffff80000b00                memcpy
                0xffffffff80000b30                memset
                0xffffffff80000b50                memmove
                0xffffffff80000ba0                memcmp
                0xffffffff80000be0                strlen
 *fill*         0xffffffff80000c0b        0x5 
 .text          0xffffffff80000c10      0x108 ./lib/string.o
                0xffffffff80000c10                itoa
                0xffffffff80000ca0                uitoa
 *fill*         0xffffffff80000d18        0x8 
 .text          0xffffffff80000d20        0xb ./lib/math.o
                0xffffffff80000d20                abs
 *fill*         0xffffffff80000d2b        0x5 
 .text          0xffffffff80000d30      0x1fb ./terminal/terminal.o
                0xffffffff80000d30                terminalInit
                0xffffffff80000d50                terminalWrite
                0xffffffff80000e00                terminalWriteChar
                0xffffffff80000e80                terminalWriteln
 *fill*         0xffffffff80000f2b        0x5 
 .text          0xffffffff80000f30      0x3a3 ./kernel.o
                0xffffffff80000f30                setIdtGate
                0xffffffff80000f80                initInterrupts
                0xffffffff800010b0                _start
 *fill*         0xffffffff800012d3        0xd 
 .text          0xffffffff800012e0      0x296 ./graphics/framebuffer.o
                0xffffffff800012e0                drawPoint
                0xffffffff80001310                drawLine
                0xffffffff80001370                drawHorizontalLine
                0xffffffff800013a0                drawCharBg
                0xffffffff80001490                drawChar
                0xffffffff800014a0                drawString
                0xffffffff800014f0                drawStringBg
                0xffffffff80001560                translateToOffset
 *fill*         0xffffffff80001576        0xa 
 .text          0xffffffff80001580       0xf1 ./panic.o
                0xffffffff80001580                traceStackTrace
                0xffffffff800015e0                panic
 *fill*         0xffffffff80001671        0xf 
 .text          0xffffffff80001680       0x1b ./gdt/gdtasm.o
                0xffffffff80001680                loadGDT

.iplt           0xffffffff8000169b        0x0
 .iplt          0xffffffff8000169b        0x0 ./idt/ints.o
                0xffffffff8000269b                . = (. + CONSTANT (MAXPAGESIZE))

.rodata         0xffffffff800026a0      0x60a
 *(.rodata .rodata.*)
 .rodata.str1.1
                0xffffffff800026a0       0x2a ./idt/ints.o
 *fill*         0xffffffff800026ca        0x6 
 .rodata.str1.8
                0xffffffff800026d0       0x22 ./idt/ints.o
 *fill*         0xffffffff800026f2        0x6 
 .rodata.str1.8
                0xffffffff800026f8       0x20 ./debug.o
 .rodata.str1.1
                0xffffffff80002718       0x1e ./debug.o
 *fill*         0xffffffff80002736        0x2 
 .rodata        0xffffffff80002738      0x1a0 ./debug.o
 .rodata.str1.1
                0xffffffff800028d8       0x79 ./mem/memutils.o
 *fill*         0xffffffff80002951        0xf 
 .rodata        0xffffffff80002960       0x40 ./mem/memutils.o
 .rodata.str1.1
                0xffffffff800029a0       0x33 ./mem/pageframeallocator.o
 *fill*         0xffffffff800029d3        0x5 
 .rodata.str1.8
                0xffffffff800029d8       0x2d ./mem/pageframeallocator.o
 *fill*         0xffffffff80002a05        0x3 
 .rodata.str1.8
                0xffffffff80002a08       0x48 ./lib/string.o
 .rodata.str1.8
                0xffffffff80002a50      0x16b ./kernel.o
 .rodata.str1.1
                0xffffffff80002bbb       0x56 ./kernel.o
 .rodata.str1.1
                0xffffffff80002c11       0x2a ./panic.o
                                         0x2d (size before relaxing)
 *fill*         0xffffffff80002c3b        0x5 
 .rodata.str1.8
                0xffffffff80002c40       0x6a ./panic.o

.rela.dyn       0xffffffff80002cb0        0x0
 .rela.got      0xffffffff80002cb0        0x0 ./idt/ints.o
 .rela.iplt     0xffffffff80002cb0        0x0 ./idt/ints.o
                0xffffffff80003cb0                . = (. + CONSTANT (MAXPAGESIZE))

.data           0xffffffff80004000     0x254c
 *(.data .data.*)
 .data          0xffffffff80004000        0x0 ./idt/ints.o
 .data          0xffffffff80004000        0x0 ./idt/idt.o
 .data          0xffffffff80004000        0x0 ./debug.o
 .data          0xffffffff80004000     0x1000 ./gdt/gdt.o
                0xffffffff80004000                defaultGDT
 .data          0xffffffff80005000        0x0 ./mem/memutils.o
 .data          0xffffffff80005000        0x0 ./mem/pageframeallocator.o
 .data          0xffffffff80005000        0x0 ./lib/bitmap.o
 .data          0xffffffff80005000        0x0 ./lib/mem.o
 .data          0xffffffff80005000        0x0 ./lib/string.o
 .data          0xffffffff80005000        0x0 ./lib/math.o
 .data          0xffffffff80005000        0x4 ./terminal/terminal.o
                0xffffffff80005000                terminal_color
 *fill*         0xffffffff80005004       0x1c 
 .data          0xffffffff80005020       0x70 ./kernel.o
 .data          0xffffffff80005090        0x0 ./graphics/framebuffer.o
 .data          0xffffffff80005090        0x0 ./panic.o
 .data          0xffffffff80005090     0x14bc font.o
                0xffffffff80005090                _binary_font_bin_start
                0xffffffff8000654c                _binary_font_bin_end

.got            0xffffffff80006550        0x0
 .got           0xffffffff80006550        0x0 ./idt/ints.o

.got.plt        0xffffffff80006550        0x0
 .got.plt       0xffffffff80006550        0x0 ./idt/ints.o

.igot.plt       0xffffffff80006550        0x0
 .igot.plt      0xffffffff80006550        0x0 ./idt/ints.o

.bss            0xffffffff80006550       0x68
 *(COMMON)
 *(.bss .bss.*)
 .bss           0xffffffff80006550        0x0 ./idt/ints.o
 .bss           0xffffffff80006550        0x0 ./idt/idt.o
 .bss           0xffffffff80006550        0x0 ./debug.o
 .bss           0xffffffff80006550        0xa ./gdt/gdt.o
                0xffffffff80006550                gdtDescriptor
 .bss           0xffffffff8000655a        0x0 ./mem/memutils.o
 *fill*         0xffffffff8000655a        0x6 
 .bss           0xffffffff80006560       0x30 ./mem/pageframeallocator.o
                0xffffffff80006560                mem_pfaBitmap
                0xffffffff80006570                bitmapIdx
                0xffffffff80006578                mem_usedMemory
                0xffffffff80006580                mem_reservedMemory
                0xffffffff80006588                mem_freeMemory
 .bss           0xffffffff80006590        0x0 ./lib/bitmap.o
 .bss           0xffffffff80006590        0x0 ./lib/mem.o
 .bss           0xffffffff80006590        0x0 ./lib/string.o
 .bss           0xffffffff80006590        0x0 ./lib/math.o
 .bss           0xffffffff80006590        0xc ./terminal/terminal.o
                0xffffffff80006590                terminal_charsPerLine
                0xffffffff80006594                terminal_charY
                0xffffffff80006598                terminal_charX
 *fill*         0xffffffff8000659c        0x4 
 .bss           0xffffffff800065a0        0xa ./kernel.o
                0xffffffff800065a0                idtr
 *fill*         0xffffffff800065aa        0x6 
 .bss           0xffffffff800065b0        0x8 ./graphics/framebuffer.o
                0xffffffff800065b0                fb
 .bss           0xffffffff800065b8        0x0 ./panic.o

/DISCARD/
 *(.eh_frame)
 *(.note .note.*)
OUTPUT(kernel.elf elf64-x86-64)

.debug_info     0x0000000000000000     0x3ee9
 .debug_info    0x0000000000000000      0x231 ./idt/ints.o
 .debug_info    0x0000000000000231      0x1b8 ./idt/idt.o
 .debug_info    0x00000000000003e9      0x410 ./debug.o
 .debug_info    0x00000000000007f9      0x200 ./gdt/gdt.o
 .debug_info    0x00000000000009f9      0x1a3 ./mem/memutils.o
 .debug_info    0x0000000000000b9c      0xb56 ./mem/pageframeallocator.o
 .debug_info    0x00000000000016f2      0x196 ./lib/bitmap.o
 .debug_info    0x0000000000001888      0x35c ./lib/mem.o
 .debug_info    0x0000000000001be4      0x207 ./lib/string.o
 .debug_info    0x0000000000001deb       0xac ./lib/math.o
 .debug_info    0x0000000000001e97      0x494 ./terminal/terminal.o
 .debug_info    0x000000000000232b      0xdc1 ./kernel.o
 .debug_info    0x00000000000030ec      0xac2 ./graphics/framebuffer.o
 .debug_info    0x0000000000003bae      0x2eb ./panic.o
 .debug_info    0x0000000000003e99       0x50 ./gdt/gdtasm.o

.debug_abbrev   0x0000000000000000     0x1553
 .debug_abbrev  0x0000000000000000      0x136 ./idt/ints.o
 .debug_abbrev  0x0000000000000136       0xf8 ./idt/idt.o
 .debug_abbrev  0x000000000000022e      0x184 ./debug.o
 .debug_abbrev  0x00000000000003b2       0xf8 ./gdt/gdt.o
 .debug_abbrev  0x00000000000004aa      0x105 ./mem/memutils.o
 .debug_abbrev  0x00000000000005af      0x2d6 ./mem/pageframeallocator.o
 .debug_abbrev  0x0000000000000885       0xeb ./lib/bitmap.o
 .debug_abbrev  0x0000000000000970      0x121 ./lib/mem.o
 .debug_abbrev  0x0000000000000a91       0xe2 ./lib/string.o
 .debug_abbrev  0x0000000000000b73       0x74 ./lib/math.o
 .debug_abbrev  0x0000000000000be7      0x1f6 ./terminal/terminal.o
 .debug_abbrev  0x0000000000000ddd      0x2e8 ./kernel.o
 .debug_abbrev  0x00000000000010c5      0x2ce ./graphics/framebuffer.o
 .debug_abbrev  0x0000000000001393      0x1a5 ./panic.o
 .debug_abbrev  0x0000000000001538       0x1b ./gdt/gdtasm.o

.debug_aranges  0x0000000000000000      0x2d0
 .debug_aranges
                0x0000000000000000       0x30 ./idt/ints.o
 .debug_aranges
                0x0000000000000030       0x30 ./idt/idt.o
 .debug_aranges
                0x0000000000000060       0x30 ./debug.o
 .debug_aranges
                0x0000000000000090       0x30 ./gdt/gdt.o
 .debug_aranges
                0x00000000000000c0       0x30 ./mem/memutils.o
 .debug_aranges
                0x00000000000000f0       0x30 ./mem/pageframeallocator.o
 .debug_aranges
                0x0000000000000120       0x30 ./lib/bitmap.o
 .debug_aranges
                0x0000000000000150       0x30 ./lib/mem.o
 .debug_aranges
                0x0000000000000180       0x30 ./lib/string.o
 .debug_aranges
                0x00000000000001b0       0x30 ./lib/math.o
 .debug_aranges
                0x00000000000001e0       0x30 ./terminal/terminal.o
 .debug_aranges
                0x0000000000000210       0x30 ./kernel.o
 .debug_aranges
                0x0000000000000240       0x30 ./graphics/framebuffer.o
 .debug_aranges
                0x0000000000000270       0x30 ./panic.o
 .debug_aranges
                0x00000000000002a0       0x30 ./gdt/gdtasm.o

.debug_line     0x0000000000000000     0x18f2
 .debug_line    0x0000000000000000       0xfe ./idt/ints.o
 .debug_line    0x00000000000000fe       0xa3 ./idt/idt.o
 .debug_line    0x00000000000001a1      0x15e ./debug.o
 .debug_line    0x00000000000002ff       0x8f ./gdt/gdt.o
 .debug_line    0x000000000000038e       0xbb ./mem/memutils.o
 .debug_line    0x0000000000000449      0x5bf ./mem/pageframeallocator.o
 .debug_line    0x0000000000000a08       0xd4 ./lib/bitmap.o
 .debug_line    0x0000000000000adc      0x1f2 ./lib/mem.o
 .debug_line    0x0000000000000cce      0x197 ./lib/string.o
 .debug_line    0x0000000000000e65       0x65 ./lib/math.o
 .debug_line    0x0000000000000eca      0x239 ./terminal/terminal.o
 .debug_line    0x0000000000001103      0x308 ./kernel.o
 .debug_line    0x000000000000140b      0x368 ./graphics/framebuffer.o
 .debug_line    0x0000000000001773      0x134 ./panic.o
 .debug_line    0x00000000000018a7       0x4b ./gdt/gdtasm.o

.debug_str      0x0000000000000000      0x99a
 .debug_str     0x0000000000000000      0x1be ./idt/ints.o
                                        0x1eb (size before relaxing)
 .debug_str     0x00000000000001be       0x75 ./idt/idt.o
                                        0x1d4 (size before relaxing)
 .debug_str     0x0000000000000233       0xc5 ./debug.o
                                        0x23d (size before relaxing)
 .debug_str     0x00000000000002f8       0xa3 ./gdt/gdt.o
                                        0x1f8 (size before relaxing)
 .debug_str     0x000000000000039b       0x83 ./mem/memutils.o
                                        0x1c6 (size before relaxing)
 .debug_str     0x000000000000041e      0x276 ./mem/pageframeallocator.o
                                        0x45e (size before relaxing)
 .debug_str     0x0000000000000694       0x22 ./lib/bitmap.o
                                        0x193 (size before relaxing)
 .debug_str     0x00000000000006b6       0x21 ./lib/mem.o
                                        0x190 (size before relaxing)
 .debug_str     0x00000000000006d7      0x156 ./lib/string.o
 .debug_str     0x00000000000006d7      0x132 ./lib/math.o
 .debug_str     0x00000000000006d7      0x13a ./terminal/terminal.o
                                        0x2c6 (size before relaxing)
 .debug_str     0x0000000000000811       0xc2 ./kernel.o
                                        0x5b2 (size before relaxing)
 .debug_str     0x00000000000008d3       0xa2 ./graphics/framebuffer.o
                                        0x2d9 (size before relaxing)
 .debug_str     0x0000000000000975       0x25 ./panic.o
                                        0x1a3 (size before relaxing)

.debug_line_str
                0x0000000000000000      0x24a
 .debug_line_str
                0x0000000000000000       0x8c ./idt/ints.o
                                         0xaf (size before relaxing)
 .debug_line_str
                0x000000000000008c       0x10 ./idt/idt.o
                                         0x9c (size before relaxing)
 .debug_line_str
                0x000000000000009c       0x58 ./debug.o
                                         0xdd (size before relaxing)
 .debug_line_str
                0x00000000000000f4       0x1f ./gdt/gdt.o
                                         0x9c (size before relaxing)
 .debug_line_str
                0x0000000000000113       0x2e ./mem/memutils.o
                                         0xb5 (size before relaxing)
 .debug_line_str
                0x0000000000000141       0x4a ./mem/pageframeallocator.o
                                        0x10c (size before relaxing)
 .debug_line_str
                0x000000000000018b        0xd ./lib/bitmap.o
                                         0x9d (size before relaxing)
 .debug_line_str
                0x0000000000000198        0xa ./lib/mem.o
                                         0x94 (size before relaxing)
 .debug_line_str
                0x00000000000001a2        0xd ./lib/string.o
                                         0x94 (size before relaxing)
 .debug_line_str
                0x00000000000001af        0xb ./lib/math.o
                                         0x8e (size before relaxing)
 .debug_line_str
                0x00000000000001ba       0x4f ./terminal/terminal.o
                                        0x103 (size before relaxing)
 .debug_line_str
                0x0000000000000209       0x22 ./kernel.o
                                        0x12f (size before relaxing)
 .debug_line_str
                0x000000000000022b       0x17 ./graphics/framebuffer.o
                                         0xe0 (size before relaxing)
 .debug_line_str
                0x0000000000000242        0x8 ./panic.o
                                         0xb5 (size before relaxing)

.comment        0x0000000000000000       0x12
 .comment       0x0000000000000000       0x12 ./idt/ints.o
                                         0x13 (size before relaxing)
 .comment       0x0000000000000012       0x13 ./idt/idt.o
 .comment       0x0000000000000012       0x13 ./debug.o
 .comment       0x0000000000000012       0x13 ./gdt/gdt.o
 .comment       0x0000000000000012       0x13 ./mem/memutils.o
 .comment       0x0000000000000012       0x13 ./mem/pageframeallocator.o
 .comment       0x0000000000000012       0x13 ./lib/bitmap.o
 .comment       0x0000000000000012       0x13 ./lib/mem.o
 .comment       0x0000000000000012       0x13 ./lib/string.o
 .comment       0x0000000000000012       0x13 ./lib/math.o
 .comment       0x0000000000000012       0x13 ./terminal/terminal.o
 .comment       0x0000000000000012       0x13 ./kernel.o
 .comment       0x0000000000000012       0x13 ./graphics/framebuffer.o
 .comment       0x0000000000000012       0x13 ./panic.o

.debug_loclists
                0x0000000000000000     0x143f
 .debug_loclists
                0x0000000000000000       0x7f ./idt/idt.o
 .debug_loclists
                0x000000000000007f       0xd8 ./debug.o
 .debug_loclists
                0x0000000000000157       0x50 ./mem/memutils.o
 .debug_loclists
                0x00000000000001a7      0x56c ./mem/pageframeallocator.o
 .debug_loclists
                0x0000000000000713       0xb3 ./lib/bitmap.o
 .debug_loclists
                0x00000000000007c6      0x17c ./lib/mem.o
 .debug_loclists
                0x0000000000000942      0x184 ./lib/string.o
 .debug_loclists
                0x0000000000000ac6       0x67 ./terminal/terminal.o
 .debug_loclists
                0x0000000000000b2d      0x200 ./kernel.o
 .debug_loclists
                0x0000000000000d2d      0x66e ./graphics/framebuffer.o
 .debug_loclists
                0x000000000000139b       0xa4 ./panic.o

.debug_rnglists
                0x0000000000000000      0x231
 .debug_rnglists
                0x0000000000000000       0x17 ./debug.o
 .debug_rnglists
                0x0000000000000017       0x1a ./mem/memutils.o
 .debug_rnglists
                0x0000000000000031       0x90 ./mem/pageframeallocator.o
 .debug_rnglists
                0x00000000000000c1       0x13 ./lib/mem.o
 .debug_rnglists
                0x00000000000000d4       0x1f ./terminal/terminal.o
 .debug_rnglists
                0x00000000000000f3       0x75 ./kernel.o
 .debug_rnglists
                0x0000000000000168       0xab ./graphics/framebuffer.o
 .debug_rnglists
                0x0000000000000213       0x1e ./panic.o

.debug_pubnames
                0x0000000000000000        0x0
 .debug_pubnames
                0x0000000000000000        0x0 ./gdt/gdtasm.o

.debug_frame    0x0000000000000000        0x0
 .debug_frame   0x0000000000000000        0x0 ./gdt/gdtasm.o

.debug_loc      0x0000000000000000        0x0
 .debug_loc     0x0000000000000000        0x0 ./gdt/gdtasm.o
