
Discarded input sections

 .eh_frame      0x0000000000000000       0xe8 ./idt/ints.o
 .eh_frame      0x0000000000000000       0x40 ./idt/idt.o
 .eh_frame      0x0000000000000000       0x38 ./gdt/gdt.o
 .group         0x0000000000000000        0xc ./acpi/acpi.o
 .eh_frame      0x0000000000000000       0xf0 ./acpi/acpi.o
 .eh_frame      0x0000000000000000       0xd0 ./mem/paging.o
 .eh_frame      0x0000000000000000       0x98 ./mem/memutils.o
 .eh_frame      0x0000000000000000      0x110 ./mem/heap.o
 .eh_frame      0x0000000000000000      0x230 ./mem/pageframeallocator.o
 .eh_frame      0x0000000000000000       0x58 ./lib/io.o
 .eh_frame      0x0000000000000000       0x40 ./lib/bitmap.o
 .eh_frame      0x0000000000000000       0x80 ./lib/mem.o
 .eh_frame      0x0000000000000000       0x30 ./lib/math.o
 .eh_frame      0x0000000000000000      0x108 ./lib/string.o
 .eh_frame      0x0000000000000000       0xf0 ./lib/serial.o
 .eh_frame      0x0000000000000000       0xb0 ./terminal/terminal.o
 .eh_frame      0x0000000000000000       0x90 ./panic.o
 .group         0x0000000000000000        0xc ./kernel.o
 .group         0x0000000000000000        0xc ./kernel.o
 .group         0x0000000000000000        0xc ./kernel.o
 .text._ZN6Logger4infoEPcz
                0x0000000000000000      0x15b ./kernel.o
 .eh_frame      0x0000000000000000      0x198 ./kernel.o
 .eh_frame      0x0000000000000000      0x110 ./graphics/framebuffer.o
 .eh_frame      0x0000000000000000      0x170 ./debug.o

Memory Configuration

Name             Origin             Length             Attributes
*default*        0x0000000000000000 0xffffffffffffffff

Linker script and memory map

LOAD ./idt/ints.o
LOAD ./idt/idt.o
LOAD ./gdt/gdt.o
LOAD ./acpi/acpi.o
LOAD ./acpi/rsdt.o
LOAD ./mem/paging.o
LOAD ./mem/memutils.o
LOAD ./mem/heap.o
LOAD ./mem/pageframeallocator.o
LOAD ./lib/io.o
LOAD ./lib/bitmap.o
LOAD ./lib/mem.o
LOAD ./lib/math.o
LOAD ./lib/string.o
LOAD ./lib/serial.o
LOAD ./terminal/terminal.o
LOAD ./panic.o
LOAD ./kernel.o
LOAD ./graphics/framebuffer.o
LOAD ./debug.o
LOAD ./gdt/gdtasm.o
LOAD font.o
                0xffffffff80000000                . = 0xffffffff80000000

.text           0xffffffff80000000     0x2f2b
 *(.text .text.*)
 .text          0xffffffff80000000       0xc2 ./idt/ints.o
                0xffffffff80000000                pageFaultHandler(interrupt_frame*)
                0xffffffff80000040                doubleFaultHandler(interrupt_frame*)
                0xffffffff80000070                gpFaultHandler(interrupt_frame*)
                0xffffffff800000a0                keyboardInterruptHandler(interrupt_frame*)
                0xffffffff800000b0                mouseInterruptHandler(interrupt_frame*)
                0xffffffff800000c0                pitInterruptHandler(interrupt_frame*)
 *fill*         0xffffffff800000c2        0xe 
 .text          0xffffffff800000d0       0x39 ./idt/idt.o
                0xffffffff800000d0                idt_setOffset(IDTDescEntry*, unsigned long)
                0xffffffff800000f0                idt_getOffset(IDTDescEntry*)
 *fill*         0xffffffff80000109        0x7 
 .text          0xffffffff80000110       0x30 ./gdt/gdt.o
                0xffffffff80000110                gdt_init()
 .text          0xffffffff80000140      0x151 ./acpi/acpi.o
                0xffffffff80000140                doChecksum(ACPISDTHeader*)
                0xffffffff80000170                ACPI::findTable(char*)
                0xffffffff80000220                ACPI::init(Logger*)
 *fill*         0xffffffff80000291        0xf 
 .text._ZN6Logger4infoEPcz
                0xffffffff800002a0      0x15b ./acpi/acpi.o
                0xffffffff800002a0                Logger::info(char*, ...)
 .text          0xffffffff800003fb        0x0 ./acpi/rsdt.o
 *fill*         0xffffffff800003fb        0x5 
 .text          0xffffffff80000400      0x359 ./mem/paging.o
                0xffffffff80000400                PageDirectoryEntry::SetFlag(PT_Flag, bool)
                0xffffffff80000430                PageDirectoryEntry::GetFlag(PT_Flag)
                0xffffffff80000450                PageDirectoryEntry::SetAddress(unsigned long)
                0xffffffff80000480                PageDirectoryEntry::GetAddress()
                0xffffffff80000490                PageMapIndexer_From(PageMapIndexer*, unsigned long)
                0xffffffff800004d0                PageTable_MapMemory(PageTable*, void*, void*, bool)
 *fill*         0xffffffff80000759        0x7 
 .text          0xffffffff80000760       0xbb ./mem/memutils.o
                0xffffffff80000760                getMemoryMappingName(unsigned long)
                0xffffffff80000780                getMemorySize(limine_memmap_response)
                0xffffffff800007c0                getMemoryArealSize(limine_memmap_response)
                0xffffffff80000800                toPhys(unsigned long)
                0xffffffff80000810                toVirt(unsigned long)
 *fill*         0xffffffff8000081b        0x5 
 .text          0xffffffff80000820      0x345 ./mem/heap.o
                0xffffffff80000820                initHeap(void*, unsigned long)
                0xffffffff800008b0                HeapSegHdr::split(unsigned long)
                0xffffffff80000920                HeapSegHdr::combineForward()
                0xffffffff80000980                free(void*)
                0xffffffff80000a00                expandHeap(unsigned long)
                0xffffffff80000ac0                malloc(unsigned long)
                0xffffffff80000b50                HeapSegHdr::combineBackward()
 *fill*         0xffffffff80000b65        0xb 
 .text          0xffffffff80000b70      0x6e9 ./mem/pageframeallocator.o
                0xffffffff80000b70                mem_pageframeallocator_initBitmap(unsigned long, void*)
                0xffffffff80000bc0                mem_pageframeallocator_lockPage(void*)
                0xffffffff80000c50                mem_pageframeallocator_requestPage()
                0xffffffff80000d00                mem_pageframeallocator_lockPageNonAvailable(void*)
                0xffffffff80000d70                mem_pageframeallocator_freePage(void*)
                0xffffffff80000e00                mem_pageframeallocator_init(limine_memmap_response, limine_hhdm_response*)
                0xffffffff800010d0                mem_pageframeallocator_freePages(void*, unsigned long)
                0xffffffff80001120                mem_pageframeallocator_lockPages(void*, unsigned long)
                0xffffffff80001170                mem_pageframeallocator_lockPagesNonAvailable(void*, unsigned long)
                0xffffffff800011c0                mem_getFreeRAM()
                0xffffffff800011d0                mem_getUsedRAM()
                0xffffffff800011e0                mem_getTotalRAM()
                0xffffffff800011f0                mem_getMemoryMapSize()
                0xffffffff80001200                mem_getMemoryMapForAddress(unsigned long)
 *fill*         0xffffffff80001259        0x7 
 .text          0xffffffff80001260       0x25 ./lib/io.o
                0xffffffff80001260                outb(unsigned short, unsigned char)
                0xffffffff80001270                inb(unsigned short)
                0xffffffff80001280                io_wait()
 *fill*         0xffffffff80001285        0xb 
 .text          0xffffffff80001290       0x79 ./lib/bitmap.o
                0xffffffff80001290                Bitmap::get(unsigned long)
                0xffffffff800012c0                Bitmap::set(unsigned long, bool)
 *fill*         0xffffffff80001309        0x7 
 .text          0xffffffff80001310      0x10b ./lib/mem.o
                0xffffffff80001310                memcpy(void*, void const*, unsigned long)
                0xffffffff80001340                memset(void*, int, unsigned long)
                0xffffffff80001360                memmove(void*, void const*, unsigned long)
                0xffffffff800013b0                memcmp(void const*, void const*, unsigned long)
                0xffffffff800013f0                strlen(unsigned char*)
 *fill*         0xffffffff8000141b        0x5 
 .text          0xffffffff80001420        0xb ./lib/math.o
                0xffffffff80001420                abs(long)
 *fill*         0xffffffff8000142b        0x5 
 .text          0xffffffff80001430      0x29a ./lib/string.o
                0xffffffff80001430                itoa(long, char*, long)
                0xffffffff800014c0                uitoa(unsigned long, char*, unsigned long)
                0xffffffff80001540                strncmp(char*, char*, unsigned long)
                0xffffffff80001580                FastStringBuilder::FastStringBuilder(int)
                0xffffffff80001580                FastStringBuilder::FastStringBuilder(int)
                0xffffffff800015b0                FastStringBuilder::~FastStringBuilder()
                0xffffffff800015b0                FastStringBuilder::~FastStringBuilder()
                0xffffffff800015c0                FastStringBuilder::append(char*)
                0xffffffff800015f0                FastStringBuilder::build()
                0xffffffff800016a0                FastStringBuilder::buildAndDestroy()
 *fill*         0xffffffff800016ca        0x6 
 .text          0xffffffff800016d0      0x1a5 ./lib/serial.o
                0xffffffff800016d0                serial_init()
                0xffffffff80001790                serial_received()
                0xffffffff800017b0                serial_read()
                0xffffffff800017e0                is_transmit_empty()
                0xffffffff80001800                serial_write(char)
                0xffffffff80001830                serial_writemany(char*)
 *fill*         0xffffffff80001875        0xb 
 .text          0xffffffff80001880      0x16d ./terminal/terminal.o
                0xffffffff80001880                Terminal::init()
                0xffffffff800018c0                Terminal::writechar(char)
                0xffffffff80001970                Terminal::write(char*)
                0xffffffff800019b0                Terminal::writeln(char*)
 *fill*         0xffffffff800019ed        0x3 
 .text          0xffffffff800019f0      0x146 ./panic.o
                0xffffffff800019f0                traceStackTrace(unsigned int)
                0xffffffff80001a50                traceStackTraceOnlySerial(unsigned int)
                0xffffffff80001ab0                panic(char*)
 *fill*         0xffffffff80001b36        0xa 
 .text          0xffffffff80001b40      0x7cf ./kernel.o
                0xffffffff80001b40                setIdtGate(void*, unsigned char, unsigned char, unsigned char)
                0xffffffff80001b90                initInterrupts(unsigned long)
                0xffffffff80001cc0                _start
 *fill*         0xffffffff8000230f        0x1 
 .text._ZN6Logger4warnEPcz
                0xffffffff80002310      0x15b ./kernel.o
                0xffffffff80002310                Logger::warn(char*, ...)
 *fill*         0xffffffff8000246b        0x5 
 .text._ZN6Logger5errorEPcz
                0xffffffff80002470      0x15b ./kernel.o
                0xffffffff80002470                Logger::error(char*, ...)
 *fill*         0xffffffff800025cb        0x5 
 .text          0xffffffff800025d0      0x216 ./graphics/framebuffer.o
                0xffffffff800025d0                drawPoint(unsigned int, unsigned int, unsigned int)
                0xffffffff80002600                drawLine(unsigned int, unsigned int, unsigned int, unsigned int, unsigned int)
                0xffffffff80002660                drawHorizontalLine(unsigned int, unsigned int, unsigned int, unsigned int)
                0xffffffff80002690                drawCharBg(unsigned char, unsigned int, unsigned int, unsigned int, unsigned int)
                0xffffffff80002720                drawChar(unsigned char, unsigned int, unsigned int, unsigned int)
                0xffffffff80002730                drawString(unsigned char*, unsigned int, unsigned int, unsigned int)
                0xffffffff80002780                drawStringBg(unsigned char*, unsigned int, unsigned int, unsigned int, unsigned int)
                0xffffffff800027d0                translateToOffset(unsigned int, unsigned int)
 *fill*         0xffffffff800027e6        0xa 
 .text          0xffffffff800027f0      0x715 ./debug.o
                0xffffffff800027f0                __write(char*, bool, bool)
                0xffffffff800029b0                __writeChar(char, bool, bool)
                0xffffffff80002b00                _kprintf(char*, bool, bool, __va_list_tag*)
                0xffffffff80002de0                vakprintf(char*, __va_list_tag*)
                0xffffffff80002df0                kprintf(char*, ...)
                0xffffffff80002e40                vakprintf_both(char*, __va_list_tag*)
                0xffffffff80002e60                kprintf_both(char*, ...)
                0xffffffff80002eb0                vakprintf_serial(char*, __va_list_tag*)
                0xffffffff80002ec0                kprintf_serial(char*, ...)
 *fill*         0xffffffff80002f05        0xb 
 .text          0xffffffff80002f10       0x1b ./gdt/gdtasm.o
                0xffffffff80002f10                loadGDT

.iplt           0xffffffff80002f2b        0x0
 .iplt          0xffffffff80002f2b        0x0 ./idt/ints.o
                0xffffffff80003f2b                . = (. + CONSTANT (MAXPAGESIZE))

.rodata         0xffffffff80003f40      0xda8
 *(.rodata .rodata.*)
 .rodata.str1.1
                0xffffffff80003f40       0x3a ./idt/ints.o
 *fill*         0xffffffff80003f7a        0x6 
 .rodata.str1.8
                0xffffffff80003f80       0x22 ./idt/ints.o
 .rodata._ZN6Logger4infoEPcz.str1.1
                0xffffffff80003fa2       0x16 ./acpi/acpi.o
                                         0x18 (size before relaxing)
 .rodata.str1.1
                0xffffffff80003fb8       0x33 ./acpi/acpi.o
                                         0x38 (size before relaxing)
 *fill*         0xffffffff80003feb        0x5 
 .rodata.str1.8
                0xffffffff80003ff0       0x4c ./mem/paging.o
 .rodata.str1.1
                0xffffffff8000403c       0x22 ./mem/paging.o
 .rodata.str1.1
                0xffffffff8000405e       0x79 ./mem/memutils.o
 *fill*         0xffffffff800040d7        0x9 
 .rodata        0xffffffff800040e0       0x40 ./mem/memutils.o
 .rodata.str1.8
                0xffffffff80004120      0x173 ./mem/pageframeallocator.o
 .rodata.str1.1
                0xffffffff80004293       0x39 ./mem/pageframeallocator.o
 *fill*         0xffffffff800042cc        0x4 
 .rodata.str1.8
                0xffffffff800042d0       0x48 ./lib/string.o
 .rodata.str1.1
                0xffffffff80004318       0x1e ./lib/string.o
 .rodata.str1.1
                0xffffffff80004336        0x6 ./terminal/terminal.o
 .rodata.str1.1
                0xffffffff8000433c       0x3a ./panic.o
                                         0x3d (size before relaxing)
 *fill*         0xffffffff80004376        0x2 
 .rodata.str1.8
                0xffffffff80004378       0x6a ./panic.o
 .rodata._ZN6Logger4infoEPcz.str1.1
                0xffffffff800043e2       0x18 ./kernel.o
 .rodata._ZN6Logger4warnEPcz.str1.1
                0xffffffff800043e2        0xf ./kernel.o
 .rodata._ZN6Logger5errorEPcz.str1.1
                0xffffffff800043f1        0xf ./kernel.o
 .rodata.str1.8
                0xffffffff80004400      0x2b7 ./kernel.o
 .rodata.str1.1
                0xffffffff800046b7      0x20d ./kernel.o
                                        0x214 (size before relaxing)
 .rodata.str1.1
                0xffffffff800048c4       0x2e ./debug.o
 *fill*         0xffffffff800048f2        0x6 
 .rodata        0xffffffff800048f8      0x3d0 ./debug.o
 .rodata.str1.8
                0xffffffff80004cc8       0x20 ./debug.o

.rela.dyn       0xffffffff80004ce8        0x0
 .rela.got      0xffffffff80004ce8        0x0 ./idt/ints.o
 .rela.iplt     0xffffffff80004ce8        0x0 ./idt/ints.o
                0xffffffff80005ce8                . = (. + CONSTANT (MAXPAGESIZE))

.data           0xffffffff80006000     0x260c
 *(.data .data.*)
 .data          0xffffffff80006000        0x0 ./idt/ints.o
 .data          0xffffffff80006000        0x0 ./idt/idt.o
 .data          0xffffffff80006000     0x1000 ./gdt/gdt.o
                0xffffffff80006000                defaultGDT
 .data          0xffffffff80007000        0x0 ./acpi/acpi.o
 .data          0xffffffff80007000        0x0 ./acpi/rsdt.o
 .data          0xffffffff80007000        0x0 ./mem/paging.o
 .data          0xffffffff80007000        0x0 ./mem/memutils.o
 .data          0xffffffff80007000        0x0 ./mem/heap.o
 .data          0xffffffff80007000        0x0 ./mem/pageframeallocator.o
 .data          0xffffffff80007000        0x0 ./lib/io.o
 .data          0xffffffff80007000        0x0 ./lib/bitmap.o
 .data          0xffffffff80007000        0x0 ./lib/mem.o
 .data          0xffffffff80007000        0x0 ./lib/math.o
 .data          0xffffffff80007000        0x0 ./lib/string.o
 .data          0xffffffff80007000        0x0 ./lib/serial.o
 .data          0xffffffff80007000       0x14 ./terminal/terminal.o
                0xffffffff80007000                gTerminal
 .data          0xffffffff80007014        0x0 ./panic.o
 *fill*         0xffffffff80007014        0xc 
 .data          0xffffffff80007020      0x130 ./kernel.o
 .data          0xffffffff80007150        0x0 ./graphics/framebuffer.o
 .data          0xffffffff80007150        0x0 ./debug.o
 .data          0xffffffff80007150     0x14bc font.o
                0xffffffff80007150                _binary_font_incbin_start
                0xffffffff8000860c                _binary_font_incbin_end

.got            0xffffffff80008610        0x0
 .got           0xffffffff80008610        0x0 ./idt/ints.o

.got.plt        0xffffffff80008610        0x0
 .got.plt       0xffffffff80008610        0x0 ./idt/ints.o

.igot.plt       0xffffffff80008610        0x0
 .igot.plt      0xffffffff80008610        0x0 ./idt/ints.o

.bss            0xffffffff80008610       0xda
 *(COMMON)
 *(.bss .bss.*)
 .bss           0xffffffff80008610        0x0 ./idt/ints.o
 .bss           0xffffffff80008610        0x0 ./idt/idt.o
 .bss           0xffffffff80008610        0xa ./gdt/gdt.o
                0xffffffff80008610                gdtDescriptor
 *fill*         0xffffffff8000861a        0x6 
 .bss           0xffffffff80008620       0x10 ./acpi/acpi.o
                0xffffffff80008620                ACPI::facp
                0xffffffff80008628                ACPI::logger
 .bss           0xffffffff80008630        0x8 ./acpi/rsdt.o
                0xffffffff80008630                gRSDT
 .bss           0xffffffff80008638        0x8 ./mem/paging.o
                0xffffffff80008638                globalPageTable
 .bss           0xffffffff80008640       0x10 ./mem/memutils.o
                0xffffffff80008640                mem_kVirtOffset
                0xffffffff80008648                mem_hhdmOffset
 .bss           0xffffffff80008650       0x18 ./mem/heap.o
                0xffffffff80008650                LastHdr
                0xffffffff80008658                heapEnd
                0xffffffff80008660                heapStart
 *fill*         0xffffffff80008668        0x8 
 .bss           0xffffffff80008670       0x60 ./mem/pageframeallocator.o
                0xffffffff80008670                oomPanics
                0xffffffff80008680                __memmap
                0xffffffff800086a0                mem_pfaBitmap
                0xffffffff800086b0                end
                0xffffffff800086b8                bitmapIdx
                0xffffffff800086c0                mem_usedMemory
                0xffffffff800086c8                mem_freeMemory
 .bss           0xffffffff800086d0        0x0 ./lib/io.o
 .bss           0xffffffff800086d0        0x0 ./lib/bitmap.o
 .bss           0xffffffff800086d0        0x0 ./lib/mem.o
 .bss           0xffffffff800086d0        0x0 ./lib/math.o
 .bss           0xffffffff800086d0        0x0 ./lib/string.o
 .bss           0xffffffff800086d0        0x0 ./lib/serial.o
 .bss           0xffffffff800086d0        0x0 ./terminal/terminal.o
 .bss           0xffffffff800086d0        0x0 ./panic.o
 .bss           0xffffffff800086d0        0xa ./kernel.o
                0xffffffff800086d0                idtr
 *fill*         0xffffffff800086da        0x6 
 .bss           0xffffffff800086e0        0x8 ./graphics/framebuffer.o
                0xffffffff800086e0                gFramebuffer
 .bss           0xffffffff800086e8        0x2 ./debug.o
                0xffffffff800086e8                currentlyReadingColor
                0xffffffff800086e9                currentlyReadingAnything

/DISCARD/
 *(.eh_frame)
 *(.note .note.*)
OUTPUT(kernel.elf elf64-x86-64)

.debug_info     0x0000000000000000     0x91a9
 .debug_info    0x0000000000000000      0x29a ./idt/ints.o
 .debug_info    0x000000000000029a      0x1cc ./idt/idt.o
 .debug_info    0x0000000000000466      0x204 ./gdt/gdt.o
 .debug_info    0x000000000000066a      0xfc2 ./acpi/acpi.o
 .debug_info    0x000000000000162c      0x1a5 ./acpi/rsdt.o
 .debug_info    0x00000000000017d1      0x9e4 ./mem/paging.o
 .debug_info    0x00000000000021b5      0x2b7 ./mem/memutils.o
 .debug_info    0x000000000000246c      0x6bc ./mem/heap.o
 .debug_info    0x0000000000002b28      0xd18 ./mem/pageframeallocator.o
 .debug_info    0x0000000000003840      0x12f ./lib/io.o
 .debug_info    0x000000000000396f      0x1f0 ./lib/bitmap.o
 .debug_info    0x0000000000003b5f      0x375 ./lib/mem.o
 .debug_info    0x0000000000003ed4       0xb0 ./lib/math.o
 .debug_info    0x0000000000003f84      0x728 ./lib/string.o
 .debug_info    0x00000000000046ac      0x46a ./lib/serial.o
 .debug_info    0x0000000000004b16      0x580 ./terminal/terminal.o
 .debug_info    0x0000000000005096      0x439 ./panic.o
 .debug_info    0x00000000000054cf     0x27cf ./kernel.o
 .debug_info    0x0000000000007c9e      0xa2f ./graphics/framebuffer.o
 .debug_info    0x00000000000086cd      0xa8c ./debug.o
 .debug_info    0x0000000000009159       0x50 ./gdt/gdtasm.o

.debug_abbrev   0x0000000000000000     0x2abd
 .debug_abbrev  0x0000000000000000      0x152 ./idt/ints.o
 .debug_abbrev  0x0000000000000152       0xff ./idt/idt.o
 .debug_abbrev  0x0000000000000251       0xf8 ./gdt/gdt.o
 .debug_abbrev  0x0000000000000349      0x4f6 ./acpi/acpi.o
 .debug_abbrev  0x000000000000083f       0xc5 ./acpi/rsdt.o
 .debug_abbrev  0x0000000000000904      0x318 ./mem/paging.o
 .debug_abbrev  0x0000000000000c1c      0x131 ./mem/memutils.o
 .debug_abbrev  0x0000000000000d4d      0x30a ./mem/heap.o
 .debug_abbrev  0x0000000000001057      0x367 ./mem/pageframeallocator.o
 .debug_abbrev  0x00000000000013be       0xc0 ./lib/io.o
 .debug_abbrev  0x000000000000147e      0x14f ./lib/bitmap.o
 .debug_abbrev  0x00000000000015cd      0x128 ./lib/mem.o
 .debug_abbrev  0x00000000000016f5       0x74 ./lib/math.o
 .debug_abbrev  0x0000000000001769      0x2ca ./lib/string.o
 .debug_abbrev  0x0000000000001a33      0x198 ./lib/serial.o
 .debug_abbrev  0x0000000000001bcb      0x247 ./terminal/terminal.o
 .debug_abbrev  0x0000000000001e12      0x1cc ./panic.o
 .debug_abbrev  0x0000000000001fde      0x559 ./kernel.o
 .debug_abbrev  0x0000000000002537      0x2a3 ./graphics/framebuffer.o
 .debug_abbrev  0x00000000000027da      0x2c8 ./debug.o
 .debug_abbrev  0x0000000000002aa2       0x1b ./gdt/gdtasm.o

.debug_aranges  0x0000000000000000      0x420
 .debug_aranges
                0x0000000000000000       0x30 ./idt/ints.o
 .debug_aranges
                0x0000000000000030       0x30 ./idt/idt.o
 .debug_aranges
                0x0000000000000060       0x30 ./gdt/gdt.o
 .debug_aranges
                0x0000000000000090       0x40 ./acpi/acpi.o
 .debug_aranges
                0x00000000000000d0       0x20 ./acpi/rsdt.o
 .debug_aranges
                0x00000000000000f0       0x30 ./mem/paging.o
 .debug_aranges
                0x0000000000000120       0x30 ./mem/memutils.o
 .debug_aranges
                0x0000000000000150       0x30 ./mem/heap.o
 .debug_aranges
                0x0000000000000180       0x30 ./mem/pageframeallocator.o
 .debug_aranges
                0x00000000000001b0       0x30 ./lib/io.o
 .debug_aranges
                0x00000000000001e0       0x30 ./lib/bitmap.o
 .debug_aranges
                0x0000000000000210       0x30 ./lib/mem.o
 .debug_aranges
                0x0000000000000240       0x30 ./lib/math.o
 .debug_aranges
                0x0000000000000270       0x30 ./lib/string.o
 .debug_aranges
                0x00000000000002a0       0x30 ./lib/serial.o
 .debug_aranges
                0x00000000000002d0       0x30 ./terminal/terminal.o
 .debug_aranges
                0x0000000000000300       0x30 ./panic.o
 .debug_aranges
                0x0000000000000330       0x60 ./kernel.o
 .debug_aranges
                0x0000000000000390       0x30 ./graphics/framebuffer.o
 .debug_aranges
                0x00000000000003c0       0x30 ./debug.o
 .debug_aranges
                0x00000000000003f0       0x30 ./gdt/gdtasm.o

.debug_line     0x0000000000000000     0x345f
 .debug_line    0x0000000000000000      0x107 ./idt/ints.o
 .debug_line    0x0000000000000107       0xa3 ./idt/idt.o
 .debug_line    0x00000000000001aa       0x91 ./gdt/gdt.o
 .debug_line    0x000000000000023b      0x2c7 ./acpi/acpi.o
 .debug_line    0x0000000000000502       0x56 ./acpi/rsdt.o
 .debug_line    0x0000000000000558      0x3fb ./mem/paging.o
 .debug_line    0x0000000000000953      0x100 ./mem/memutils.o
 .debug_line    0x0000000000000a53      0x41b ./mem/heap.o
 .debug_line    0x0000000000000e6e      0x64d ./mem/pageframeallocator.o
 .debug_line    0x00000000000014bb       0x7a ./lib/io.o
 .debug_line    0x0000000000001535       0xf0 ./lib/bitmap.o
 .debug_line    0x0000000000001625      0x1e2 ./lib/mem.o
 .debug_line    0x0000000000001807       0x62 ./lib/math.o
 .debug_line    0x0000000000001869      0x375 ./lib/string.o
 .debug_line    0x0000000000001bde      0x1d3 ./lib/serial.o
 .debug_line    0x0000000000001db1      0x1ca ./terminal/terminal.o
 .debug_line    0x0000000000001f7b      0x1bc ./panic.o
 .debug_line    0x0000000000002137      0xa85 ./kernel.o
 .debug_line    0x0000000000002bbc      0x30a ./graphics/framebuffer.o
 .debug_line    0x0000000000002ec6      0x54e ./debug.o
 .debug_line    0x0000000000003414       0x4b ./gdt/gdtasm.o

.debug_str      0x0000000000000000     0x1dbe
 .debug_str     0x0000000000000000      0x2fe ./idt/ints.o
                                        0x34a (size before relaxing)
 .debug_str     0x00000000000002fe       0xab ./idt/idt.o
                                        0x243 (size before relaxing)
 .debug_str     0x00000000000003a9      0x180 ./gdt/gdt.o
                                        0x20a (size before relaxing)
 .debug_str     0x0000000000000529      0x892 ./acpi/acpi.o
                                        0xb28 (size before relaxing)
 .debug_str     0x0000000000000dbb      0x20b ./acpi/rsdt.o
 .debug_str     0x0000000000000dbb      0x100 ./mem/paging.o
                                        0x469 (size before relaxing)
 .debug_str     0x0000000000000ebb      0x121 ./mem/memutils.o
                                        0x29e (size before relaxing)
 .debug_str     0x0000000000000fdc      0x153 ./mem/heap.o
                                        0x50e (size before relaxing)
 .debug_str     0x000000000000112f      0x479 ./mem/pageframeallocator.o
                                        0x7bc (size before relaxing)
 .debug_str     0x00000000000015a8       0x3a ./lib/io.o
                                        0x180 (size before relaxing)
 .debug_str     0x00000000000015e2       0x15 ./lib/bitmap.o
                                        0x1e3 (size before relaxing)
 .debug_str     0x00000000000015f7       0x66 ./lib/mem.o
                                        0x1f3 (size before relaxing)
 .debug_str     0x000000000000165d        0x8 ./lib/math.o
                                        0x13f (size before relaxing)
 .debug_str     0x0000000000001665       0x81 ./lib/string.o
                                        0x3a9 (size before relaxing)
 .debug_str     0x00000000000016e6       0xcf ./lib/serial.o
                                        0x22b (size before relaxing)
 .debug_str     0x00000000000017b5      0x190 ./terminal/terminal.o
                                        0x38a (size before relaxing)
 .debug_str     0x0000000000001945       0x81 ./panic.o
                                        0x301 (size before relaxing)
 .debug_str     0x00000000000019c6      0x215 ./kernel.o
                                       0x10ba (size before relaxing)
 .debug_str     0x0000000000001bdb      0x139 ./graphics/framebuffer.o
                                        0x394 (size before relaxing)
 .debug_str     0x0000000000001d14       0xaa ./debug.o
                                        0x517 (size before relaxing)

.debug_line_str
                0x0000000000000000      0x39d
 .debug_line_str
                0x0000000000000000       0x96 ./idt/ints.o
                                         0xbd (size before relaxing)
 .debug_line_str
                0x0000000000000096       0x12 ./idt/idt.o
                                         0xa2 (size before relaxing)
 .debug_line_str
                0x00000000000000a8       0x21 ./gdt/gdt.o
                                         0xa2 (size before relaxing)
 .debug_line_str
                0x00000000000000c9       0xc5 ./acpi/acpi.o
                                        0x158 (size before relaxing)
 .debug_line_str
                0x000000000000018e        0xe ./acpi/rsdt.o
                                         0xb0 (size before relaxing)
 .debug_line_str
                0x000000000000019c       0x5c ./mem/paging.o
                                        0x127 (size before relaxing)
 .debug_line_str
                0x00000000000001f8       0x25 ./mem/memutils.o
                                         0xc6 (size before relaxing)
 .debug_line_str
                0x000000000000021d        0xd ./mem/heap.o
                                         0xcd (size before relaxing)
 .debug_line_str
                0x000000000000022a       0x24 ./mem/pageframeallocator.o
                                        0x112 (size before relaxing)
 .debug_line_str
                0x000000000000024e        0xb ./lib/io.o
                                         0x8e (size before relaxing)
 .debug_line_str
                0x0000000000000259        0xf ./lib/bitmap.o
                                         0xa3 (size before relaxing)
 .debug_line_str
                0x0000000000000268        0xc ./lib/mem.o
                                         0x9a (size before relaxing)
 .debug_line_str
                0x0000000000000274        0xd ./lib/math.o
                                         0x94 (size before relaxing)
 .debug_line_str
                0x0000000000000281       0x2d ./lib/string.o
                                         0xe2 (size before relaxing)
 .debug_line_str
                0x00000000000002ae       0x14 ./lib/serial.o
                                         0x9f (size before relaxing)
 .debug_line_str
                0x00000000000002c2       0x71 ./terminal/terminal.o
                                        0x12c (size before relaxing)
 .debug_line_str
                0x0000000000000333        0xa ./panic.o
                                         0xbb (size before relaxing)
 .debug_line_str
                0x000000000000033d       0x3d ./kernel.o
                                        0x1c9 (size before relaxing)
 .debug_line_str
                0x000000000000037a       0x19 ./graphics/framebuffer.o
                                         0xe6 (size before relaxing)
 .debug_line_str
                0x0000000000000393        0xa ./debug.o
                                         0xec (size before relaxing)

.comment        0x0000000000000000       0x12
 .comment       0x0000000000000000       0x12 ./idt/ints.o
                                         0x13 (size before relaxing)
 .comment       0x0000000000000012       0x13 ./idt/idt.o
 .comment       0x0000000000000012       0x13 ./gdt/gdt.o
 .comment       0x0000000000000012       0x13 ./acpi/acpi.o
 .comment       0x0000000000000012       0x13 ./acpi/rsdt.o
 .comment       0x0000000000000012       0x13 ./mem/paging.o
 .comment       0x0000000000000012       0x13 ./mem/memutils.o
 .comment       0x0000000000000012       0x13 ./mem/heap.o
 .comment       0x0000000000000012       0x13 ./mem/pageframeallocator.o
 .comment       0x0000000000000012       0x13 ./lib/io.o
 .comment       0x0000000000000012       0x13 ./lib/bitmap.o
 .comment       0x0000000000000012       0x13 ./lib/mem.o
 .comment       0x0000000000000012       0x13 ./lib/math.o
 .comment       0x0000000000000012       0x13 ./lib/string.o
 .comment       0x0000000000000012       0x13 ./lib/serial.o
 .comment       0x0000000000000012       0x13 ./terminal/terminal.o
 .comment       0x0000000000000012       0x13 ./panic.o
 .comment       0x0000000000000012       0x13 ./kernel.o
 .comment       0x0000000000000012       0x13 ./graphics/framebuffer.o
 .comment       0x0000000000000012       0x13 ./debug.o

.debug_loclists
                0x0000000000000000     0x334f
 .debug_loclists
                0x0000000000000000       0x7f ./idt/idt.o
 .debug_loclists
                0x000000000000007f      0x364 ./acpi/acpi.o
 .debug_loclists
                0x00000000000003e3      0x71d ./mem/paging.o
 .debug_loclists
                0x0000000000000b00       0x99 ./mem/memutils.o
 .debug_loclists
                0x0000000000000b99      0x38d ./mem/heap.o
 .debug_loclists
                0x0000000000000f26      0x70c ./mem/pageframeallocator.o
 .debug_loclists
                0x0000000000001632       0x14 ./lib/io.o
 .debug_loclists
                0x0000000000001646       0x8b ./lib/bitmap.o
 .debug_loclists
                0x00000000000016d1      0x17c ./lib/mem.o
 .debug_loclists
                0x000000000000184d      0x344 ./lib/string.o
 .debug_loclists
                0x0000000000001b91       0x49 ./lib/serial.o
 .debug_loclists
                0x0000000000001bda      0x12e ./terminal/terminal.o
 .debug_loclists
                0x0000000000001d08       0xbc ./panic.o
 .debug_loclists
                0x0000000000001dc4      0xc20 ./kernel.o
 .debug_loclists
                0x00000000000029e4      0x58d ./graphics/framebuffer.o
 .debug_loclists
                0x0000000000002f71      0x3de ./debug.o

.debug_rnglists
                0x0000000000000000      0x54c
 .debug_rnglists
                0x0000000000000000       0x66 ./acpi/acpi.o
 .debug_rnglists
                0x0000000000000066       0xb4 ./mem/paging.o
 .debug_rnglists
                0x000000000000011a       0x2c ./mem/memutils.o
 .debug_rnglists
                0x0000000000000146       0x48 ./mem/heap.o
 .debug_rnglists
                0x000000000000018e       0x9e ./mem/pageframeallocator.o
 .debug_rnglists
                0x000000000000022c       0x13 ./lib/mem.o
 .debug_rnglists
                0x000000000000023f       0x3d ./lib/string.o
 .debug_rnglists
                0x000000000000027c       0x17 ./lib/serial.o
 .debug_rnglists
                0x0000000000000293       0x15 ./terminal/terminal.o
 .debug_rnglists
                0x00000000000002a8      0x1a5 ./kernel.o
 .debug_rnglists
                0x000000000000044d       0xa9 ./graphics/framebuffer.o
 .debug_rnglists
                0x00000000000004f6       0x56 ./debug.o

.debug_pubnames
                0x0000000000000000        0x0
 .debug_pubnames
                0x0000000000000000        0x0 ./gdt/gdtasm.o

.debug_frame    0x0000000000000000        0x0
 .debug_frame   0x0000000000000000        0x0 ./gdt/gdtasm.o

.debug_loc      0x0000000000000000        0x0
 .debug_loc     0x0000000000000000        0x0 ./gdt/gdtasm.o
