
Discarded input sections

 .eh_frame      0x0000000000000000       0xe8 ./idt/ints.o
 .eh_frame      0x0000000000000000       0x40 ./idt/idt.o
 .eh_frame      0x0000000000000000       0x38 ./gdt/gdt.o
 .group         0x0000000000000000        0xc ./acpi/acpi.o
 .eh_frame      0x0000000000000000      0x118 ./acpi/acpi.o
 .eh_frame      0x0000000000000000       0xd0 ./mem/paging.o
 .eh_frame      0x0000000000000000       0x98 ./mem/memutils.o
 .eh_frame      0x0000000000000000      0x110 ./mem/heap.o
 .eh_frame      0x0000000000000000      0x230 ./mem/pageframeallocator.o
 .eh_frame      0x0000000000000000       0x58 ./lib/io.o
 .eh_frame      0x0000000000000000       0x40 ./lib/bitmap.o
 .eh_frame      0x0000000000000000       0x80 ./lib/mem.o
 .eh_frame      0x0000000000000000       0x30 ./lib/math.o
 .eh_frame      0x0000000000000000      0x108 ./lib/string.o
 .eh_frame      0x0000000000000000       0xf0 ./lib/serial.o
 .eh_frame      0x0000000000000000       0xb0 ./terminal/terminal.o
 .eh_frame      0x0000000000000000       0x90 ./panic.o
 .group         0x0000000000000000        0xc ./kernel.o
 .group         0x0000000000000000        0xc ./kernel.o
 .group         0x0000000000000000        0xc ./kernel.o
 .text._ZN6Logger4infoEPcz
                0x0000000000000000      0x15b ./kernel.o
 .eh_frame      0x0000000000000000      0x198 ./kernel.o
 .eh_frame      0x0000000000000000      0x110 ./graphics/framebuffer.o
 .eh_frame      0x0000000000000000      0x170 ./debug.o

Memory Configuration

Name             Origin             Length             Attributes
*default*        0x0000000000000000 0xffffffffffffffff

Linker script and memory map

LOAD ./idt/ints.o
LOAD ./idt/idt.o
LOAD ./gdt/gdt.o
LOAD ./acpi/acpi.o
LOAD ./acpi/rsdt.o
LOAD ./mem/paging.o
LOAD ./mem/memutils.o
LOAD ./mem/heap.o
LOAD ./mem/pageframeallocator.o
LOAD ./lib/io.o
LOAD ./lib/bitmap.o
LOAD ./lib/mem.o
LOAD ./lib/math.o
LOAD ./lib/string.o
LOAD ./lib/serial.o
LOAD ./terminal/terminal.o
LOAD ./panic.o
LOAD ./kernel.o
LOAD ./graphics/framebuffer.o
LOAD ./debug.o
LOAD ./gdt/gdtasm.o
LOAD font.o
                0xffffffff80000000                . = 0xffffffff80000000

.text           0xffffffff80000000     0x2e5b
 *(.text .text.*)
 .text          0xffffffff80000000       0xc2 ./idt/ints.o
                0xffffffff80000000                pageFaultHandler(interrupt_frame*)
                0xffffffff80000040                doubleFaultHandler(interrupt_frame*)
                0xffffffff80000070                gpFaultHandler(interrupt_frame*)
                0xffffffff800000a0                keyboardInterruptHandler(interrupt_frame*)
                0xffffffff800000b0                mouseInterruptHandler(interrupt_frame*)
                0xffffffff800000c0                pitInterruptHandler(interrupt_frame*)
 *fill*         0xffffffff800000c2        0xe 
 .text          0xffffffff800000d0       0x39 ./idt/idt.o
                0xffffffff800000d0                idt_setOffset(IDTDescEntry*, unsigned long)
                0xffffffff800000f0                idt_getOffset(IDTDescEntry*)
 *fill*         0xffffffff80000109        0x7 
 .text          0xffffffff80000110       0x30 ./gdt/gdt.o
                0xffffffff80000110                gdt_init()
 .text          0xffffffff80000140      0x141 ./acpi/acpi.o
                0xffffffff80000140                doChecksum(ACPISDTHeader*)
                0xffffffff80000170                ACPI::init(Logger*)
                0xffffffff80000200                ACPI::findTable(char*)
 *fill*         0xffffffff80000281        0xf 
 .text._ZN6Logger4infoEPcz
                0xffffffff80000290      0x15b ./acpi/acpi.o
                0xffffffff80000290                Logger::info(char*, ...)
 *fill*         0xffffffff800003eb        0x1 
 .text.unlikely
                0xffffffff800003ec       0x13 ./acpi/acpi.o
 .text          0xffffffff800003ff        0x0 ./acpi/rsdt.o
 *fill*         0xffffffff800003ff        0x1 
 .text          0xffffffff80000400      0x359 ./mem/paging.o
                0xffffffff80000400                PageDirectoryEntry::SetFlag(PT_Flag, bool)
                0xffffffff80000430                PageDirectoryEntry::GetFlag(PT_Flag)
                0xffffffff80000450                PageDirectoryEntry::SetAddress(unsigned long)
                0xffffffff80000480                PageDirectoryEntry::GetAddress()
                0xffffffff80000490                PageMapIndexer_From(PageMapIndexer*, unsigned long)
                0xffffffff800004d0                PageTable_MapMemory(PageTable*, void*, void*, bool)
 *fill*         0xffffffff80000759        0x7 
 .text          0xffffffff80000760       0xbb ./mem/memutils.o
                0xffffffff80000760                getMemoryMappingName(unsigned long)
                0xffffffff80000780                getMemorySize(limine_memmap_response)
                0xffffffff800007c0                getMemoryArealSize(limine_memmap_response)
                0xffffffff80000800                toPhys(unsigned long)
                0xffffffff80000810                toVirt(unsigned long)
 *fill*         0xffffffff8000081b        0x5 
 .text          0xffffffff80000820      0x345 ./mem/heap.o
                0xffffffff80000820                initHeap(void*, unsigned long)
                0xffffffff800008b0                HeapSegHdr::split(unsigned long)
                0xffffffff80000920                HeapSegHdr::combineForward()
                0xffffffff80000980                free(void*)
                0xffffffff80000a00                expandHeap(unsigned long)
                0xffffffff80000ac0                malloc(unsigned long)
                0xffffffff80000b50                HeapSegHdr::combineBackward()
 *fill*         0xffffffff80000b65        0xb 
 .text          0xffffffff80000b70      0x6e9 ./mem/pageframeallocator.o
                0xffffffff80000b70                mem_pageframeallocator_initBitmap(unsigned long, void*)
                0xffffffff80000bc0                mem_pageframeallocator_lockPage(void*)
                0xffffffff80000c50                mem_pageframeallocator_requestPage()
                0xffffffff80000d00                mem_pageframeallocator_lockPageNonAvailable(void*)
                0xffffffff80000d70                mem_pageframeallocator_freePage(void*)
                0xffffffff80000e00                mem_pageframeallocator_init(limine_memmap_response, limine_hhdm_response*)
                0xffffffff800010d0                mem_pageframeallocator_freePages(void*, unsigned long)
                0xffffffff80001120                mem_pageframeallocator_lockPages(void*, unsigned long)
                0xffffffff80001170                mem_pageframeallocator_lockPagesNonAvailable(void*, unsigned long)
                0xffffffff800011c0                mem_getFreeRAM()
                0xffffffff800011d0                mem_getUsedRAM()
                0xffffffff800011e0                mem_getTotalRAM()
                0xffffffff800011f0                mem_getMemoryMapSize()
                0xffffffff80001200                mem_getMemoryMapForAddress(unsigned long)
 *fill*         0xffffffff80001259        0x7 
 .text          0xffffffff80001260       0x25 ./lib/io.o
                0xffffffff80001260                outb(unsigned short, unsigned char)
                0xffffffff80001270                inb(unsigned short)
                0xffffffff80001280                io_wait()
 *fill*         0xffffffff80001285        0xb 
 .text          0xffffffff80001290       0x79 ./lib/bitmap.o
                0xffffffff80001290                Bitmap::get(unsigned long)
                0xffffffff800012c0                Bitmap::set(unsigned long, bool)
 *fill*         0xffffffff80001309        0x7 
 .text          0xffffffff80001310      0x10b ./lib/mem.o
                0xffffffff80001310                memcpy(void*, void const*, unsigned long)
                0xffffffff80001340                memset(void*, int, unsigned long)
                0xffffffff80001360                memmove(void*, void const*, unsigned long)
                0xffffffff800013b0                memcmp(void const*, void const*, unsigned long)
                0xffffffff800013f0                strlen(unsigned char*)
 *fill*         0xffffffff8000141b        0x5 
 .text          0xffffffff80001420        0xb ./lib/math.o
                0xffffffff80001420                abs(long)
 *fill*         0xffffffff8000142b        0x5 
 .text          0xffffffff80001430      0x29a ./lib/string.o
                0xffffffff80001430                itoa(long, char*, long)
                0xffffffff800014c0                uitoa(unsigned long, char*, unsigned long)
                0xffffffff80001540                strncmp(char*, char*, unsigned long)
                0xffffffff80001580                FastStringBuilder::FastStringBuilder(int)
                0xffffffff80001580                FastStringBuilder::FastStringBuilder(int)
                0xffffffff800015b0                FastStringBuilder::~FastStringBuilder()
                0xffffffff800015b0                FastStringBuilder::~FastStringBuilder()
                0xffffffff800015c0                FastStringBuilder::append(char*)
                0xffffffff800015f0                FastStringBuilder::build()
                0xffffffff800016a0                FastStringBuilder::buildAndDestroy()
 *fill*         0xffffffff800016ca        0x6 
 .text          0xffffffff800016d0      0x1a5 ./lib/serial.o
                0xffffffff800016d0                serial_init()
                0xffffffff80001790                serial_received()
                0xffffffff800017b0                serial_read()
                0xffffffff800017e0                is_transmit_empty()
                0xffffffff80001800                serial_write(char)
                0xffffffff80001830                serial_writemany(char*)
 *fill*         0xffffffff80001875        0xb 
 .text          0xffffffff80001880      0x16d ./terminal/terminal.o
                0xffffffff80001880                Terminal::init()
                0xffffffff800018c0                Terminal::writechar(char)
                0xffffffff80001970                Terminal::write(char*)
                0xffffffff800019b0                Terminal::writeln(char*)
 *fill*         0xffffffff800019ed        0x3 
 .text          0xffffffff800019f0      0x146 ./panic.o
                0xffffffff800019f0                traceStackTrace(unsigned int)
                0xffffffff80001a50                traceStackTraceOnlySerial(unsigned int)
                0xffffffff80001ab0                panic(char*)
 *fill*         0xffffffff80001b36        0xa 
 .text          0xffffffff80001b40      0x764 ./kernel.o
                0xffffffff80001b40                setIdtGate(void*, unsigned char, unsigned char, unsigned char)
                0xffffffff80001b90                initInterrupts(unsigned long)
                0xffffffff80001cc0                _start
 *fill*         0xffffffff800022a4        0xc 
 .text._ZN6Logger4warnEPcz
                0xffffffff800022b0      0x15b ./kernel.o
                0xffffffff800022b0                Logger::warn(char*, ...)
 *fill*         0xffffffff8000240b        0x5 
 .text._ZN6Logger5errorEPcz
                0xffffffff80002410      0x15b ./kernel.o
                0xffffffff80002410                Logger::error(char*, ...)
 *fill*         0xffffffff8000256b        0x5 
 .text          0xffffffff80002570      0x216 ./graphics/framebuffer.o
                0xffffffff80002570                drawPoint(unsigned int, unsigned int, unsigned int)
                0xffffffff800025a0                drawLine(unsigned int, unsigned int, unsigned int, unsigned int, unsigned int)
                0xffffffff80002600                drawHorizontalLine(unsigned int, unsigned int, unsigned int, unsigned int)
                0xffffffff80002630                drawCharBg(unsigned char, unsigned int, unsigned int, unsigned int, unsigned int)
                0xffffffff800026c0                drawChar(unsigned char, unsigned int, unsigned int, unsigned int)
                0xffffffff800026d0                drawString(unsigned char*, unsigned int, unsigned int, unsigned int)
                0xffffffff80002720                drawStringBg(unsigned char*, unsigned int, unsigned int, unsigned int, unsigned int)
                0xffffffff80002770                translateToOffset(unsigned int, unsigned int)
 *fill*         0xffffffff80002786        0xa 
 .text          0xffffffff80002790      0x6a5 ./debug.o
                0xffffffff80002790                __write(char*, bool, bool)
                0xffffffff80002930                __writeChar(char, bool, bool)
                0xffffffff80002a40                _kprintf(char*, bool, bool, __va_list_tag*)
                0xffffffff80002d10                vakprintf(char*, __va_list_tag*)
                0xffffffff80002d20                kprintf(char*, ...)
                0xffffffff80002d70                vakprintf_both(char*, __va_list_tag*)
                0xffffffff80002d90                kprintf_both(char*, ...)
                0xffffffff80002de0                vakprintf_serial(char*, __va_list_tag*)
                0xffffffff80002df0                kprintf_serial(char*, ...)
 *fill*         0xffffffff80002e35        0xb 
 .text          0xffffffff80002e40       0x1b ./gdt/gdtasm.o
                0xffffffff80002e40                loadGDT

.iplt           0xffffffff80002e5b        0x0
 .iplt          0xffffffff80002e5b        0x0 ./idt/ints.o
                0xffffffff80003e5b                . = (. + CONSTANT (MAXPAGESIZE))

.rodata         0xffffffff80003e60      0xd66
 *(.rodata .rodata.*)
 .rodata.str1.1
                0xffffffff80003e60       0x3a ./idt/ints.o
 *fill*         0xffffffff80003e9a        0x6 
 .rodata.str1.8
                0xffffffff80003ea0       0x22 ./idt/ints.o
 .rodata._ZN6Logger4infoEPcz.str1.1
                0xffffffff80003ec2       0x16 ./acpi/acpi.o
                                         0x18 (size before relaxing)
 .rodata.str1.1
                0xffffffff80003ed8        0x5 ./acpi/acpi.o
 *fill*         0xffffffff80003edd        0x3 
 .rodata.str1.8
                0xffffffff80003ee0       0x4c ./mem/paging.o
 .rodata.str1.1
                0xffffffff80003f2c       0x22 ./mem/paging.o
 .rodata.str1.1
                0xffffffff80003f4e       0x79 ./mem/memutils.o
 *fill*         0xffffffff80003fc7       0x19 
 .rodata        0xffffffff80003fe0       0x40 ./mem/memutils.o
 .rodata.str1.8
                0xffffffff80004020      0x173 ./mem/pageframeallocator.o
 .rodata.str1.1
                0xffffffff80004193       0x39 ./mem/pageframeallocator.o
 *fill*         0xffffffff800041cc        0x4 
 .rodata.str1.8
                0xffffffff800041d0       0x48 ./lib/string.o
 .rodata.str1.1
                0xffffffff80004218       0x1e ./lib/string.o
 .rodata.str1.1
                0xffffffff80004236        0x6 ./terminal/terminal.o
 .rodata.str1.1
                0xffffffff8000423c       0x3a ./panic.o
                                         0x3d (size before relaxing)
 *fill*         0xffffffff80004276        0x2 
 .rodata.str1.8
                0xffffffff80004278       0x6a ./panic.o
 .rodata._ZN6Logger4infoEPcz.str1.1
                0xffffffff800042e2       0x18 ./kernel.o
 .rodata._ZN6Logger4warnEPcz.str1.1
                0xffffffff800042e2        0xf ./kernel.o
 .rodata._ZN6Logger5errorEPcz.str1.1
                0xffffffff800042f1        0xf ./kernel.o
 .rodata.str1.8
                0xffffffff80004300      0x2b7 ./kernel.o
 .rodata.str1.1
                0xffffffff800045b7      0x1fa ./kernel.o
                                        0x201 (size before relaxing)
 *fill*         0xffffffff800047b1        0x7 
 .rodata        0xffffffff800047b8      0x3d0 ./debug.o
 .rodata.str1.8
                0xffffffff80004b88       0x20 ./debug.o
 .rodata.str1.1
                0xffffffff80004ba8       0x1e ./debug.o

.rela.dyn       0xffffffff80004bc8        0x0
 .rela.got      0xffffffff80004bc8        0x0 ./idt/ints.o
 .rela.iplt     0xffffffff80004bc8        0x0 ./idt/ints.o
                0xffffffff80005bc8                . = (. + CONSTANT (MAXPAGESIZE))

.data           0xffffffff80006000     0x260c
 *(.data .data.*)
 .data          0xffffffff80006000        0x0 ./idt/ints.o
 .data          0xffffffff80006000        0x0 ./idt/idt.o
 .data          0xffffffff80006000     0x1000 ./gdt/gdt.o
                0xffffffff80006000                defaultGDT
 .data          0xffffffff80007000        0x0 ./acpi/acpi.o
 .data          0xffffffff80007000        0x0 ./acpi/rsdt.o
 .data          0xffffffff80007000        0x0 ./mem/paging.o
 .data          0xffffffff80007000        0x0 ./mem/memutils.o
 .data          0xffffffff80007000        0x0 ./mem/heap.o
 .data          0xffffffff80007000        0x0 ./mem/pageframeallocator.o
 .data          0xffffffff80007000        0x0 ./lib/io.o
 .data          0xffffffff80007000        0x0 ./lib/bitmap.o
 .data          0xffffffff80007000        0x0 ./lib/mem.o
 .data          0xffffffff80007000        0x0 ./lib/math.o
 .data          0xffffffff80007000        0x0 ./lib/string.o
 .data          0xffffffff80007000        0x0 ./lib/serial.o
 .data          0xffffffff80007000       0x14 ./terminal/terminal.o
                0xffffffff80007000                gTerminal
 .data          0xffffffff80007014        0x0 ./panic.o
 *fill*         0xffffffff80007014        0xc 
 .data          0xffffffff80007020      0x130 ./kernel.o
 .data          0xffffffff80007150        0x0 ./graphics/framebuffer.o
 .data          0xffffffff80007150        0x0 ./debug.o
 .data          0xffffffff80007150     0x14bc font.o
                0xffffffff80007150                _binary_font_incbin_start
                0xffffffff8000860c                _binary_font_incbin_end

.got            0xffffffff80008610        0x0
 .got           0xffffffff80008610        0x0 ./idt/ints.o

.got.plt        0xffffffff80008610        0x0
 .got.plt       0xffffffff80008610        0x0 ./idt/ints.o

.igot.plt       0xffffffff80008610        0x0
 .igot.plt      0xffffffff80008610        0x0 ./idt/ints.o

.bss            0xffffffff80008610       0xda
 *(COMMON)
 *(.bss .bss.*)
 .bss           0xffffffff80008610        0x0 ./idt/ints.o
 .bss           0xffffffff80008610        0x0 ./idt/idt.o
 .bss           0xffffffff80008610        0xa ./gdt/gdt.o
                0xffffffff80008610                gdtDescriptor
 *fill*         0xffffffff8000861a        0x6 
 .bss           0xffffffff80008620       0x10 ./acpi/acpi.o
                0xffffffff80008620                ACPI::facp
                0xffffffff80008628                ACPI::logger
 .bss           0xffffffff80008630        0x8 ./acpi/rsdt.o
                0xffffffff80008630                gRSDT
 .bss           0xffffffff80008638        0x8 ./mem/paging.o
                0xffffffff80008638                globalPageTable
 .bss           0xffffffff80008640       0x10 ./mem/memutils.o
                0xffffffff80008640                mem_kVirtOffset
                0xffffffff80008648                mem_hhdmOffset
 .bss           0xffffffff80008650       0x18 ./mem/heap.o
                0xffffffff80008650                LastHdr
                0xffffffff80008658                heapEnd
                0xffffffff80008660                heapStart
 *fill*         0xffffffff80008668        0x8 
 .bss           0xffffffff80008670       0x60 ./mem/pageframeallocator.o
                0xffffffff80008670                oomPanics
                0xffffffff80008680                __memmap
                0xffffffff800086a0                mem_pfaBitmap
                0xffffffff800086b0                end
                0xffffffff800086b8                bitmapIdx
                0xffffffff800086c0                mem_usedMemory
                0xffffffff800086c8                mem_freeMemory
 .bss           0xffffffff800086d0        0x0 ./lib/io.o
 .bss           0xffffffff800086d0        0x0 ./lib/bitmap.o
 .bss           0xffffffff800086d0        0x0 ./lib/mem.o
 .bss           0xffffffff800086d0        0x0 ./lib/math.o
 .bss           0xffffffff800086d0        0x0 ./lib/string.o
 .bss           0xffffffff800086d0        0x0 ./lib/serial.o
 .bss           0xffffffff800086d0        0x0 ./terminal/terminal.o
 .bss           0xffffffff800086d0        0x0 ./panic.o
 .bss           0xffffffff800086d0        0xa ./kernel.o
                0xffffffff800086d0                idtr
 *fill*         0xffffffff800086da        0x6 
 .bss           0xffffffff800086e0        0x8 ./graphics/framebuffer.o
                0xffffffff800086e0                gFramebuffer
 .bss           0xffffffff800086e8        0x2 ./debug.o
                0xffffffff800086e8                currentlyReadingColor
                0xffffffff800086e9                currentlyReadingAnything

/DISCARD/
 *(.eh_frame)
 *(.note .note.*)
OUTPUT(kernel.elf elf64-x86-64)

.debug_info     0x0000000000000000     0x8ed0
 .debug_info    0x0000000000000000      0x29a ./idt/ints.o
 .debug_info    0x000000000000029a      0x1cc ./idt/idt.o
 .debug_info    0x0000000000000466      0x204 ./gdt/gdt.o
 .debug_info    0x000000000000066a      0xe58 ./acpi/acpi.o
 .debug_info    0x00000000000014c2      0x1a5 ./acpi/rsdt.o
 .debug_info    0x0000000000001667      0x9e4 ./mem/paging.o
 .debug_info    0x000000000000204b      0x2b7 ./mem/memutils.o
 .debug_info    0x0000000000002302      0x6bc ./mem/heap.o
 .debug_info    0x00000000000029be      0xd18 ./mem/pageframeallocator.o
 .debug_info    0x00000000000036d6      0x12f ./lib/io.o
 .debug_info    0x0000000000003805      0x1f0 ./lib/bitmap.o
 .debug_info    0x00000000000039f5      0x375 ./lib/mem.o
 .debug_info    0x0000000000003d6a       0xb0 ./lib/math.o
 .debug_info    0x0000000000003e1a      0x72e ./lib/string.o
 .debug_info    0x0000000000004548      0x46a ./lib/serial.o
 .debug_info    0x00000000000049b2      0x580 ./terminal/terminal.o
 .debug_info    0x0000000000004f32      0x439 ./panic.o
 .debug_info    0x000000000000536b     0x26ae ./kernel.o
 .debug_info    0x0000000000007a19      0xa2f ./graphics/framebuffer.o
 .debug_info    0x0000000000008448      0xa38 ./debug.o
 .debug_info    0x0000000000008e80       0x50 ./gdt/gdtasm.o

.debug_abbrev   0x0000000000000000     0x2a62
 .debug_abbrev  0x0000000000000000      0x152 ./idt/ints.o
 .debug_abbrev  0x0000000000000152       0xff ./idt/idt.o
 .debug_abbrev  0x0000000000000251       0xf8 ./gdt/gdt.o
 .debug_abbrev  0x0000000000000349      0x49b ./acpi/acpi.o
 .debug_abbrev  0x00000000000007e4       0xc5 ./acpi/rsdt.o
 .debug_abbrev  0x00000000000008a9      0x318 ./mem/paging.o
 .debug_abbrev  0x0000000000000bc1      0x131 ./mem/memutils.o
 .debug_abbrev  0x0000000000000cf2      0x30a ./mem/heap.o
 .debug_abbrev  0x0000000000000ffc      0x367 ./mem/pageframeallocator.o
 .debug_abbrev  0x0000000000001363       0xc0 ./lib/io.o
 .debug_abbrev  0x0000000000001423      0x14f ./lib/bitmap.o
 .debug_abbrev  0x0000000000001572      0x128 ./lib/mem.o
 .debug_abbrev  0x000000000000169a       0x74 ./lib/math.o
 .debug_abbrev  0x000000000000170e      0x2ca ./lib/string.o
 .debug_abbrev  0x00000000000019d8      0x198 ./lib/serial.o
 .debug_abbrev  0x0000000000001b70      0x247 ./terminal/terminal.o
 .debug_abbrev  0x0000000000001db7      0x1cc ./panic.o
 .debug_abbrev  0x0000000000001f83      0x551 ./kernel.o
 .debug_abbrev  0x00000000000024d4      0x2a3 ./graphics/framebuffer.o
 .debug_abbrev  0x0000000000002777      0x2d0 ./debug.o
 .debug_abbrev  0x0000000000002a47       0x1b ./gdt/gdtasm.o

.debug_aranges  0x0000000000000000      0x430
 .debug_aranges
                0x0000000000000000       0x30 ./idt/ints.o
 .debug_aranges
                0x0000000000000030       0x30 ./idt/idt.o
 .debug_aranges
                0x0000000000000060       0x30 ./gdt/gdt.o
 .debug_aranges
                0x0000000000000090       0x50 ./acpi/acpi.o
 .debug_aranges
                0x00000000000000e0       0x20 ./acpi/rsdt.o
 .debug_aranges
                0x0000000000000100       0x30 ./mem/paging.o
 .debug_aranges
                0x0000000000000130       0x30 ./mem/memutils.o
 .debug_aranges
                0x0000000000000160       0x30 ./mem/heap.o
 .debug_aranges
                0x0000000000000190       0x30 ./mem/pageframeallocator.o
 .debug_aranges
                0x00000000000001c0       0x30 ./lib/io.o
 .debug_aranges
                0x00000000000001f0       0x30 ./lib/bitmap.o
 .debug_aranges
                0x0000000000000220       0x30 ./lib/mem.o
 .debug_aranges
                0x0000000000000250       0x30 ./lib/math.o
 .debug_aranges
                0x0000000000000280       0x30 ./lib/string.o
 .debug_aranges
                0x00000000000002b0       0x30 ./lib/serial.o
 .debug_aranges
                0x00000000000002e0       0x30 ./terminal/terminal.o
 .debug_aranges
                0x0000000000000310       0x30 ./panic.o
 .debug_aranges
                0x0000000000000340       0x60 ./kernel.o
 .debug_aranges
                0x00000000000003a0       0x30 ./graphics/framebuffer.o
 .debug_aranges
                0x00000000000003d0       0x30 ./debug.o
 .debug_aranges
                0x0000000000000400       0x30 ./gdt/gdtasm.o

.debug_line     0x0000000000000000     0x33bf
 .debug_line    0x0000000000000000      0x107 ./idt/ints.o
 .debug_line    0x0000000000000107       0xa3 ./idt/idt.o
 .debug_line    0x00000000000001aa       0x91 ./gdt/gdt.o
 .debug_line    0x000000000000023b      0x2f5 ./acpi/acpi.o
 .debug_line    0x0000000000000530       0x56 ./acpi/rsdt.o
 .debug_line    0x0000000000000586      0x3fb ./mem/paging.o
 .debug_line    0x0000000000000981      0x100 ./mem/memutils.o
 .debug_line    0x0000000000000a81      0x41b ./mem/heap.o
 .debug_line    0x0000000000000e9c      0x64d ./mem/pageframeallocator.o
 .debug_line    0x00000000000014e9       0x7a ./lib/io.o
 .debug_line    0x0000000000001563       0xf0 ./lib/bitmap.o
 .debug_line    0x0000000000001653      0x1e2 ./lib/mem.o
 .debug_line    0x0000000000001835       0x62 ./lib/math.o
 .debug_line    0x0000000000001897      0x371 ./lib/string.o
 .debug_line    0x0000000000001c08      0x1d3 ./lib/serial.o
 .debug_line    0x0000000000001ddb      0x1ca ./terminal/terminal.o
 .debug_line    0x0000000000001fa5      0x1bc ./panic.o
 .debug_line    0x0000000000002161      0xa06 ./kernel.o
 .debug_line    0x0000000000002b67      0x30a ./graphics/framebuffer.o
 .debug_line    0x0000000000002e71      0x503 ./debug.o
 .debug_line    0x0000000000003374       0x4b ./gdt/gdtasm.o

.debug_str      0x0000000000000000     0x1dbe
 .debug_str     0x0000000000000000      0x2fe ./idt/ints.o
                                        0x34a (size before relaxing)
 .debug_str     0x00000000000002fe       0xab ./idt/idt.o
                                        0x243 (size before relaxing)
 .debug_str     0x00000000000003a9      0x180 ./gdt/gdt.o
                                        0x20a (size before relaxing)
 .debug_str     0x0000000000000529      0x703 ./acpi/acpi.o
                                        0x976 (size before relaxing)
 .debug_str     0x0000000000000c2c      0x20b ./acpi/rsdt.o
 .debug_str     0x0000000000000c2c      0x28f ./mem/paging.o
                                        0x469 (size before relaxing)
 .debug_str     0x0000000000000ebb      0x121 ./mem/memutils.o
                                        0x29e (size before relaxing)
 .debug_str     0x0000000000000fdc      0x153 ./mem/heap.o
                                        0x50e (size before relaxing)
 .debug_str     0x000000000000112f      0x479 ./mem/pageframeallocator.o
                                        0x7bc (size before relaxing)
 .debug_str     0x00000000000015a8       0x3a ./lib/io.o
                                        0x180 (size before relaxing)
 .debug_str     0x00000000000015e2       0x15 ./lib/bitmap.o
                                        0x1e3 (size before relaxing)
 .debug_str     0x00000000000015f7       0x66 ./lib/mem.o
                                        0x1f3 (size before relaxing)
 .debug_str     0x000000000000165d        0x8 ./lib/math.o
                                        0x13f (size before relaxing)
 .debug_str     0x0000000000001665       0x81 ./lib/string.o
                                        0x3a9 (size before relaxing)
 .debug_str     0x00000000000016e6       0xcf ./lib/serial.o
                                        0x22b (size before relaxing)
 .debug_str     0x00000000000017b5      0x190 ./terminal/terminal.o
                                        0x38a (size before relaxing)
 .debug_str     0x0000000000001945       0x81 ./panic.o
                                        0x301 (size before relaxing)
 .debug_str     0x00000000000019c6      0x215 ./kernel.o
                                       0x10ba (size before relaxing)
 .debug_str     0x0000000000001bdb      0x139 ./graphics/framebuffer.o
                                        0x394 (size before relaxing)
 .debug_str     0x0000000000001d14       0xaa ./debug.o
                                        0x4ef (size before relaxing)

.debug_line_str
                0x0000000000000000      0x386
 .debug_line_str
                0x0000000000000000       0x9c ./idt/ints.o
                                         0xc6 (size before relaxing)
 .debug_line_str
                0x000000000000009c       0x12 ./idt/idt.o
                                         0xab (size before relaxing)
 .debug_line_str
                0x00000000000000ae       0x21 ./gdt/gdt.o
                                         0xab (size before relaxing)
 .debug_line_str
                0x00000000000000cf       0x9f ./acpi/acpi.o
                                        0x133 (size before relaxing)
 .debug_line_str
                0x000000000000016e        0xe ./acpi/rsdt.o
                                         0xb9 (size before relaxing)
 .debug_line_str
                0x000000000000017c       0x65 ./mem/paging.o
                                        0x130 (size before relaxing)
 .debug_line_str
                0x00000000000001e1       0x25 ./mem/memutils.o
                                         0xcf (size before relaxing)
 .debug_line_str
                0x0000000000000206        0xd ./mem/heap.o
                                         0xd6 (size before relaxing)
 .debug_line_str
                0x0000000000000213       0x24 ./mem/pageframeallocator.o
                                        0x11b (size before relaxing)
 .debug_line_str
                0x0000000000000237        0xb ./lib/io.o
                                         0x97 (size before relaxing)
 .debug_line_str
                0x0000000000000242        0xf ./lib/bitmap.o
                                         0xac (size before relaxing)
 .debug_line_str
                0x0000000000000251        0xc ./lib/mem.o
                                         0xa3 (size before relaxing)
 .debug_line_str
                0x000000000000025d        0xd ./lib/math.o
                                         0x9d (size before relaxing)
 .debug_line_str
                0x000000000000026a       0x2d ./lib/string.o
                                         0xeb (size before relaxing)
 .debug_line_str
                0x0000000000000297       0x14 ./lib/serial.o
                                         0xa8 (size before relaxing)
 .debug_line_str
                0x00000000000002ab       0x71 ./terminal/terminal.o
                                        0x135 (size before relaxing)
 .debug_line_str
                0x000000000000031c        0xa ./panic.o
                                         0xc4 (size before relaxing)
 .debug_line_str
                0x0000000000000326       0x3d ./kernel.o
                                        0x1d2 (size before relaxing)
 .debug_line_str
                0x0000000000000363       0x19 ./graphics/framebuffer.o
                                         0xef (size before relaxing)
 .debug_line_str
                0x000000000000037c        0xa ./debug.o
                                         0xf5 (size before relaxing)

.comment        0x0000000000000000       0x12
 .comment       0x0000000000000000       0x12 ./idt/ints.o
                                         0x13 (size before relaxing)
 .comment       0x0000000000000012       0x13 ./idt/idt.o
 .comment       0x0000000000000012       0x13 ./gdt/gdt.o
 .comment       0x0000000000000012       0x13 ./acpi/acpi.o
 .comment       0x0000000000000012       0x13 ./acpi/rsdt.o
 .comment       0x0000000000000012       0x13 ./mem/paging.o
 .comment       0x0000000000000012       0x13 ./mem/memutils.o
 .comment       0x0000000000000012       0x13 ./mem/heap.o
 .comment       0x0000000000000012       0x13 ./mem/pageframeallocator.o
 .comment       0x0000000000000012       0x13 ./lib/io.o
 .comment       0x0000000000000012       0x13 ./lib/bitmap.o
 .comment       0x0000000000000012       0x13 ./lib/mem.o
 .comment       0x0000000000000012       0x13 ./lib/math.o
 .comment       0x0000000000000012       0x13 ./lib/string.o
 .comment       0x0000000000000012       0x13 ./lib/serial.o
 .comment       0x0000000000000012       0x13 ./terminal/terminal.o
 .comment       0x0000000000000012       0x13 ./panic.o
 .comment       0x0000000000000012       0x13 ./kernel.o
 .comment       0x0000000000000012       0x13 ./graphics/framebuffer.o
 .comment       0x0000000000000012       0x13 ./debug.o

.debug_loclists
                0x0000000000000000     0x341b
 .debug_loclists
                0x0000000000000000       0x7f ./idt/idt.o
 .debug_loclists
                0x000000000000007f      0x458 ./acpi/acpi.o
 .debug_loclists
                0x00000000000004d7      0x71d ./mem/paging.o
 .debug_loclists
                0x0000000000000bf4       0x99 ./mem/memutils.o
 .debug_loclists
                0x0000000000000c8d      0x38d ./mem/heap.o
 .debug_loclists
                0x000000000000101a      0x70c ./mem/pageframeallocator.o
 .debug_loclists
                0x0000000000001726       0x14 ./lib/io.o
 .debug_loclists
                0x000000000000173a       0x8b ./lib/bitmap.o
 .debug_loclists
                0x00000000000017c5      0x17c ./lib/mem.o
 .debug_loclists
                0x0000000000001941      0x345 ./lib/string.o
 .debug_loclists
                0x0000000000001c86       0x49 ./lib/serial.o
 .debug_loclists
                0x0000000000001ccf      0x12e ./terminal/terminal.o
 .debug_loclists
                0x0000000000001dfd       0xbc ./panic.o
 .debug_loclists
                0x0000000000001eb9      0xbac ./kernel.o
 .debug_loclists
                0x0000000000002a65      0x58d ./graphics/framebuffer.o
 .debug_loclists
                0x0000000000002ff2      0x429 ./debug.o

.debug_rnglists
                0x0000000000000000      0x5be
 .debug_rnglists
                0x0000000000000000       0xc2 ./acpi/acpi.o
 .debug_rnglists
                0x00000000000000c2       0xb4 ./mem/paging.o
 .debug_rnglists
                0x0000000000000176       0x2c ./mem/memutils.o
 .debug_rnglists
                0x00000000000001a2       0x48 ./mem/heap.o
 .debug_rnglists
                0x00000000000001ea       0x9e ./mem/pageframeallocator.o
 .debug_rnglists
                0x0000000000000288       0x13 ./lib/mem.o
 .debug_rnglists
                0x000000000000029b       0x3d ./lib/string.o
 .debug_rnglists
                0x00000000000002d8       0x17 ./lib/serial.o
 .debug_rnglists
                0x00000000000002ef       0x15 ./terminal/terminal.o
 .debug_rnglists
                0x0000000000000304      0x1a6 ./kernel.o
 .debug_rnglists
                0x00000000000004aa       0xa9 ./graphics/framebuffer.o
 .debug_rnglists
                0x0000000000000553       0x6b ./debug.o

.debug_pubnames
                0x0000000000000000        0x0
 .debug_pubnames
                0x0000000000000000        0x0 ./gdt/gdtasm.o

.debug_frame    0x0000000000000000        0x0
 .debug_frame   0x0000000000000000        0x0 ./gdt/gdtasm.o

.debug_loc      0x0000000000000000        0x0
 .debug_loc     0x0000000000000000        0x0 ./gdt/gdtasm.o
