
Discarded input sections

 .eh_frame      0x0000000000000000       0xe8 ./idt/ints.o
 .eh_frame      0x0000000000000000       0x40 ./idt/idt.o
 .eh_frame      0x0000000000000000       0x38 ./gdt/gdt.o
 .eh_frame      0x0000000000000000       0xd0 ./mem/paging.o
 .eh_frame      0x0000000000000000       0x98 ./mem/memutils.o
 .eh_frame      0x0000000000000000      0x110 ./mem/heap.o
 .eh_frame      0x0000000000000000      0x230 ./mem/pageframeallocator.o
 .eh_frame      0x0000000000000000       0x58 ./lib/io.o
 .eh_frame      0x0000000000000000       0x40 ./lib/bitmap.o
 .eh_frame      0x0000000000000000       0x80 ./lib/mem.o
 .eh_frame      0x0000000000000000       0x30 ./lib/math.o
 .eh_frame      0x0000000000000000       0xf0 ./lib/string.o
 .eh_frame      0x0000000000000000       0xf0 ./lib/serial.o
 .eh_frame      0x0000000000000000       0xb0 ./terminal/terminal.o
 .eh_frame      0x0000000000000000       0x90 ./panic.o
 .group         0x0000000000000000        0xc ./kernel.o
 .group         0x0000000000000000        0xc ./kernel.o
 .group         0x0000000000000000        0xc ./kernel.o
 .eh_frame      0x0000000000000000      0x198 ./kernel.o
 .eh_frame      0x0000000000000000      0x110 ./graphics/framebuffer.o
 .eh_frame      0x0000000000000000      0x170 ./debug.o

Memory Configuration

Name             Origin             Length             Attributes
*default*        0x0000000000000000 0xffffffffffffffff

Linker script and memory map

LOAD ./idt/ints.o
LOAD ./idt/idt.o
LOAD ./gdt/gdt.o
LOAD ./mem/paging.o
LOAD ./mem/memutils.o
LOAD ./mem/heap.o
LOAD ./mem/pageframeallocator.o
LOAD ./lib/io.o
LOAD ./lib/bitmap.o
LOAD ./lib/mem.o
LOAD ./lib/math.o
LOAD ./lib/string.o
LOAD ./lib/serial.o
LOAD ./terminal/terminal.o
LOAD ./panic.o
LOAD ./kernel.o
LOAD ./graphics/framebuffer.o
LOAD ./debug.o
LOAD ./gdt/gdtasm.o
LOAD font.o
                0xffffffff80000000                . = 0xffffffff80000000

.text           0xffffffff80000000     0x2ccb
 *(.text .text.*)
 .text          0xffffffff80000000       0xc2 ./idt/ints.o
                0xffffffff80000000                pageFaultHandler(interrupt_frame*)
                0xffffffff80000040                doubleFaultHandler(interrupt_frame*)
                0xffffffff80000070                gpFaultHandler(interrupt_frame*)
                0xffffffff800000a0                keyboardInterruptHandler(interrupt_frame*)
                0xffffffff800000b0                mouseInterruptHandler(interrupt_frame*)
                0xffffffff800000c0                pitInterruptHandler(interrupt_frame*)
 *fill*         0xffffffff800000c2        0xe 
 .text          0xffffffff800000d0       0x39 ./idt/idt.o
                0xffffffff800000d0                idt_setOffset(IDTDescEntry*, unsigned long)
                0xffffffff800000f0                idt_getOffset(IDTDescEntry*)
 *fill*         0xffffffff80000109        0x7 
 .text          0xffffffff80000110       0x30 ./gdt/gdt.o
                0xffffffff80000110                gdt_init()
 .text          0xffffffff80000140      0x359 ./mem/paging.o
                0xffffffff80000140                PageDirectoryEntry::SetFlag(PT_Flag, bool)
                0xffffffff80000170                PageDirectoryEntry::GetFlag(PT_Flag)
                0xffffffff80000190                PageDirectoryEntry::SetAddress(unsigned long)
                0xffffffff800001c0                PageDirectoryEntry::GetAddress()
                0xffffffff800001d0                PageMapIndexer_From(PageMapIndexer*, unsigned long)
                0xffffffff80000210                PageTable_MapMemory(PageTable*, void*, void*, bool)
 *fill*         0xffffffff80000499        0x7 
 .text          0xffffffff800004a0       0xbb ./mem/memutils.o
                0xffffffff800004a0                getMemoryMappingName(unsigned long)
                0xffffffff800004c0                getMemorySize(limine_memmap_response)
                0xffffffff80000500                getMemoryArealSize(limine_memmap_response)
                0xffffffff80000540                toPhys(unsigned long)
                0xffffffff80000550                toVirt(unsigned long)
 *fill*         0xffffffff8000055b        0x5 
 .text          0xffffffff80000560      0x345 ./mem/heap.o
                0xffffffff80000560                initHeap(void*, unsigned long)
                0xffffffff800005f0                HeapSegHdr::split(unsigned long)
                0xffffffff80000660                HeapSegHdr::combineForward()
                0xffffffff800006c0                free(void*)
                0xffffffff80000740                expandHeap(unsigned long)
                0xffffffff80000800                malloc(unsigned long)
                0xffffffff80000890                HeapSegHdr::combineBackward()
 *fill*         0xffffffff800008a5        0xb 
 .text          0xffffffff800008b0      0x709 ./mem/pageframeallocator.o
                0xffffffff800008b0                mem_pageframeallocator_initBitmap(unsigned long, void*)
                0xffffffff80000900                mem_pageframeallocator_lockPage(void*)
                0xffffffff800009b0                mem_pageframeallocator_requestPage()
                0xffffffff80000a60                mem_pageframeallocator_lockPageNonAvailable(void*)
                0xffffffff80000ad0                mem_pageframeallocator_freePage(void*)
                0xffffffff80000b60                mem_pageframeallocator_init(limine_memmap_response, limine_hhdm_response*)
                0xffffffff80000e30                mem_pageframeallocator_freePages(void*, unsigned long)
                0xffffffff80000e80                mem_pageframeallocator_lockPages(void*, unsigned long)
                0xffffffff80000ed0                mem_pageframeallocator_lockPagesNonAvailable(void*, unsigned long)
                0xffffffff80000f20                mem_getFreeRAM()
                0xffffffff80000f30                mem_getUsedRAM()
                0xffffffff80000f40                mem_getTotalRAM()
                0xffffffff80000f50                mem_getMemoryMapSize()
                0xffffffff80000f60                mem_getMemoryMapForAddress(unsigned long)
 *fill*         0xffffffff80000fb9        0x7 
 .text          0xffffffff80000fc0       0x25 ./lib/io.o
                0xffffffff80000fc0                outb(unsigned short, unsigned char)
                0xffffffff80000fd0                inb(unsigned short)
                0xffffffff80000fe0                io_wait()
 *fill*         0xffffffff80000fe5        0xb 
 .text          0xffffffff80000ff0       0x79 ./lib/bitmap.o
                0xffffffff80000ff0                Bitmap::get(unsigned long)
                0xffffffff80001020                Bitmap::set(unsigned long, bool)
 *fill*         0xffffffff80001069        0x7 
 .text          0xffffffff80001070      0x10b ./lib/mem.o
                0xffffffff80001070                memcpy(void*, void const*, unsigned long)
                0xffffffff800010a0                memset(void*, int, unsigned long)
                0xffffffff800010c0                memmove(void*, void const*, unsigned long)
                0xffffffff80001110                memcmp(void const*, void const*, unsigned long)
                0xffffffff80001150                strlen(unsigned char*)
 *fill*         0xffffffff8000117b        0x5 
 .text          0xffffffff80001180        0xb ./lib/math.o
                0xffffffff80001180                abs(long)
 *fill*         0xffffffff8000118b        0x5 
 .text          0xffffffff80001190      0x25a ./lib/string.o
                0xffffffff80001190                itoa(long, char*, long)
                0xffffffff80001220                uitoa(unsigned long, char*, unsigned long)
                0xffffffff800012a0                FastStringBuilder::FastStringBuilder(int)
                0xffffffff800012a0                FastStringBuilder::FastStringBuilder(int)
                0xffffffff800012d0                FastStringBuilder::~FastStringBuilder()
                0xffffffff800012d0                FastStringBuilder::~FastStringBuilder()
                0xffffffff800012e0                FastStringBuilder::append(char*)
                0xffffffff80001310                FastStringBuilder::build()
                0xffffffff800013c0                FastStringBuilder::buildAndDestroy()
 *fill*         0xffffffff800013ea        0x6 
 .text          0xffffffff800013f0      0x1a5 ./lib/serial.o
                0xffffffff800013f0                serial_init()
                0xffffffff800014b0                serial_received()
                0xffffffff800014d0                serial_read()
                0xffffffff80001500                is_transmit_empty()
                0xffffffff80001520                serial_write(char)
                0xffffffff80001550                serial_writemany(char*)
 *fill*         0xffffffff80001595        0xb 
 .text          0xffffffff800015a0      0x16d ./terminal/terminal.o
                0xffffffff800015a0                Terminal::init()
                0xffffffff800015e0                Terminal::writechar(char)
                0xffffffff80001690                Terminal::write(char*)
                0xffffffff800016d0                Terminal::writeln(char*)
 *fill*         0xffffffff8000170d        0x3 
 .text          0xffffffff80001710      0x146 ./panic.o
                0xffffffff80001710                traceStackTrace(unsigned int)
                0xffffffff80001770                traceStackTraceOnlySerial(unsigned int)
                0xffffffff800017d0                panic(char*)
 *fill*         0xffffffff80001856        0xa 
 .text          0xffffffff80001860      0x754 ./kernel.o
                0xffffffff80001860                setIdtGate(void*, unsigned char, unsigned char, unsigned char)
                0xffffffff800018b0                initInterrupts(unsigned long)
                0xffffffff800019e0                _start
 *fill*         0xffffffff80001fb4        0xc 
 .text._ZN6Logger4infoEPcz
                0xffffffff80001fc0      0x15b ./kernel.o
                0xffffffff80001fc0                Logger::info(char*, ...)
 *fill*         0xffffffff8000211b        0x5 
 .text._ZN6Logger4warnEPcz
                0xffffffff80002120      0x15b ./kernel.o
                0xffffffff80002120                Logger::warn(char*, ...)
 *fill*         0xffffffff8000227b        0x5 
 .text._ZN6Logger5errorEPcz
                0xffffffff80002280      0x15b ./kernel.o
                0xffffffff80002280                Logger::error(char*, ...)
 *fill*         0xffffffff800023db        0x5 
 .text          0xffffffff800023e0      0x216 ./graphics/framebuffer.o
                0xffffffff800023e0                drawPoint(unsigned int, unsigned int, unsigned int)
                0xffffffff80002410                drawLine(unsigned int, unsigned int, unsigned int, unsigned int, unsigned int)
                0xffffffff80002470                drawHorizontalLine(unsigned int, unsigned int, unsigned int, unsigned int)
                0xffffffff800024a0                drawCharBg(unsigned char, unsigned int, unsigned int, unsigned int, unsigned int)
                0xffffffff80002530                drawChar(unsigned char, unsigned int, unsigned int, unsigned int)
                0xffffffff80002540                drawString(unsigned char*, unsigned int, unsigned int, unsigned int)
                0xffffffff80002590                drawStringBg(unsigned char*, unsigned int, unsigned int, unsigned int, unsigned int)
                0xffffffff800025e0                translateToOffset(unsigned int, unsigned int)
 *fill*         0xffffffff800025f6        0xa 
 .text          0xffffffff80002600      0x6a5 ./debug.o
                0xffffffff80002600                __write(char*, bool, bool)
                0xffffffff800027a0                __writeChar(char, bool, bool)
                0xffffffff800028b0                _kprintf(char*, bool, bool, __va_list_tag*)
                0xffffffff80002b80                vakprintf(char*, __va_list_tag*)
                0xffffffff80002b90                kprintf(char*, ...)
                0xffffffff80002be0                vakprintf_both(char*, __va_list_tag*)
                0xffffffff80002c00                kprintf_both(char*, ...)
                0xffffffff80002c50                vakprintf_serial(char*, __va_list_tag*)
                0xffffffff80002c60                kprintf_serial(char*, ...)
 *fill*         0xffffffff80002ca5        0xb 
 .text          0xffffffff80002cb0       0x1b ./gdt/gdtasm.o
                0xffffffff80002cb0                loadGDT

.iplt           0xffffffff80002ccb        0x0
 .iplt          0xffffffff80002ccb        0x0 ./idt/ints.o
                0xffffffff80003ccb                . = (. + CONSTANT (MAXPAGESIZE))

.rodata         0xffffffff80003ce0      0xd66
 *(.rodata .rodata.*)
 .rodata.str1.1
                0xffffffff80003ce0       0x3a ./idt/ints.o
 *fill*         0xffffffff80003d1a        0x6 
 .rodata.str1.8
                0xffffffff80003d20       0x22 ./idt/ints.o
 *fill*         0xffffffff80003d42        0x6 
 .rodata.str1.8
                0xffffffff80003d48       0x4c ./mem/paging.o
 .rodata.str1.1
                0xffffffff80003d94       0x22 ./mem/paging.o
 .rodata.str1.1
                0xffffffff80003db6       0x79 ./mem/memutils.o
 *fill*         0xffffffff80003e2f       0x11 
 .rodata        0xffffffff80003e40       0x40 ./mem/memutils.o
 .rodata.str1.1
                0xffffffff80003e80       0x39 ./mem/pageframeallocator.o
 *fill*         0xffffffff80003eb9        0x7 
 .rodata.str1.8
                0xffffffff80003ec0      0x173 ./mem/pageframeallocator.o
 *fill*         0xffffffff80004033        0x5 
 .rodata.str1.8
                0xffffffff80004038       0x48 ./lib/string.o
 .rodata.str1.1
                0xffffffff80004080       0x1e ./lib/string.o
 .rodata.str1.1
                0xffffffff8000409e        0x6 ./terminal/terminal.o
 .rodata.str1.1
                0xffffffff800040a4       0x3a ./panic.o
                                         0x3d (size before relaxing)
 *fill*         0xffffffff800040de        0x2 
 .rodata.str1.8
                0xffffffff800040e0       0x6a ./panic.o
 .rodata._ZN6Logger4infoEPcz.str1.1
                0xffffffff8000414a       0x16 ./kernel.o
                                         0x18 (size before relaxing)
 .rodata._ZN6Logger4warnEPcz.str1.1
                0xffffffff80004160        0xf ./kernel.o
 .rodata._ZN6Logger5errorEPcz.str1.1
                0xffffffff8000416f        0xf ./kernel.o
 *fill*         0xffffffff8000417e        0x2 
 .rodata.str1.8
                0xffffffff80004180      0x2b7 ./kernel.o
 .rodata.str1.1
                0xffffffff80004437      0x1fa ./kernel.o
                                        0x201 (size before relaxing)
 *fill*         0xffffffff80004631        0x7 
 .rodata        0xffffffff80004638      0x3d0 ./debug.o
 .rodata.str1.8
                0xffffffff80004a08       0x20 ./debug.o
 .rodata.str1.1
                0xffffffff80004a28       0x1e ./debug.o

.rela.dyn       0xffffffff80004a48        0x0
 .rela.got      0xffffffff80004a48        0x0 ./idt/ints.o
 .rela.iplt     0xffffffff80004a48        0x0 ./idt/ints.o
                0xffffffff80005a48                . = (. + CONSTANT (MAXPAGESIZE))

.data           0xffffffff80006000     0x260c
 *(.data .data.*)
 .data          0xffffffff80006000        0x0 ./idt/ints.o
 .data          0xffffffff80006000        0x0 ./idt/idt.o
 .data          0xffffffff80006000     0x1000 ./gdt/gdt.o
                0xffffffff80006000                defaultGDT
 .data          0xffffffff80007000        0x0 ./mem/paging.o
 .data          0xffffffff80007000        0x0 ./mem/memutils.o
 .data          0xffffffff80007000        0x0 ./mem/heap.o
 .data          0xffffffff80007000        0x0 ./mem/pageframeallocator.o
 .data          0xffffffff80007000        0x0 ./lib/io.o
 .data          0xffffffff80007000        0x0 ./lib/bitmap.o
 .data          0xffffffff80007000        0x0 ./lib/mem.o
 .data          0xffffffff80007000        0x0 ./lib/math.o
 .data          0xffffffff80007000        0x0 ./lib/string.o
 .data          0xffffffff80007000        0x0 ./lib/serial.o
 .data          0xffffffff80007000       0x14 ./terminal/terminal.o
                0xffffffff80007000                gTerminal
 .data          0xffffffff80007014        0x0 ./panic.o
 *fill*         0xffffffff80007014        0xc 
 .data          0xffffffff80007020      0x130 ./kernel.o
 .data          0xffffffff80007150        0x0 ./graphics/framebuffer.o
 .data          0xffffffff80007150        0x0 ./debug.o
 .data          0xffffffff80007150     0x14bc font.o
                0xffffffff80007150                _binary_font_incbin_start
                0xffffffff8000860c                _binary_font_incbin_end

.got            0xffffffff80008610        0x0
 .got           0xffffffff80008610        0x0 ./idt/ints.o

.got.plt        0xffffffff80008610        0x0
 .got.plt       0xffffffff80008610        0x0 ./idt/ints.o

.igot.plt       0xffffffff80008610        0x0
 .igot.plt      0xffffffff80008610        0x0 ./idt/ints.o

.bss            0xffffffff80008610       0xba
 *(COMMON)
 *(.bss .bss.*)
 .bss           0xffffffff80008610        0x0 ./idt/ints.o
 .bss           0xffffffff80008610        0x0 ./idt/idt.o
 .bss           0xffffffff80008610        0xa ./gdt/gdt.o
                0xffffffff80008610                gdtDescriptor
 *fill*         0xffffffff8000861a        0x6 
 .bss           0xffffffff80008620        0x8 ./mem/paging.o
                0xffffffff80008620                globalPageTable
 .bss           0xffffffff80008628       0x10 ./mem/memutils.o
                0xffffffff80008628                mem_kVirtOffset
                0xffffffff80008630                mem_hhdmOffset
 .bss           0xffffffff80008638       0x18 ./mem/heap.o
                0xffffffff80008638                LastHdr
                0xffffffff80008640                heapEnd
                0xffffffff80008648                heapStart
 .bss           0xffffffff80008650       0x60 ./mem/pageframeallocator.o
                0xffffffff80008650                oomPanics
                0xffffffff80008660                __memmap
                0xffffffff80008680                mem_pfaBitmap
                0xffffffff80008690                end
                0xffffffff80008698                bitmapIdx
                0xffffffff800086a0                mem_usedMemory
                0xffffffff800086a8                mem_freeMemory
 .bss           0xffffffff800086b0        0x0 ./lib/io.o
 .bss           0xffffffff800086b0        0x0 ./lib/bitmap.o
 .bss           0xffffffff800086b0        0x0 ./lib/mem.o
 .bss           0xffffffff800086b0        0x0 ./lib/math.o
 .bss           0xffffffff800086b0        0x0 ./lib/string.o
 .bss           0xffffffff800086b0        0x0 ./lib/serial.o
 .bss           0xffffffff800086b0        0x0 ./terminal/terminal.o
 .bss           0xffffffff800086b0        0x0 ./panic.o
 .bss           0xffffffff800086b0        0xa ./kernel.o
                0xffffffff800086b0                idtr
 *fill*         0xffffffff800086ba        0x6 
 .bss           0xffffffff800086c0        0x8 ./graphics/framebuffer.o
                0xffffffff800086c0                gFramebuffer
 .bss           0xffffffff800086c8        0x2 ./debug.o
                0xffffffff800086c8                currentlyReadingColor
                0xffffffff800086c9                currentlyReadingAnything

/DISCARD/
 *(.eh_frame)
 *(.note .note.*)
OUTPUT(kernel.elf elf64-x86-64)

.debug_info     0x0000000000000000     0x7d1e
 .debug_info    0x0000000000000000      0x29a ./idt/ints.o
 .debug_info    0x000000000000029a      0x1cc ./idt/idt.o
 .debug_info    0x0000000000000466      0x204 ./gdt/gdt.o
 .debug_info    0x000000000000066a      0x9e4 ./mem/paging.o
 .debug_info    0x000000000000104e      0x2b7 ./mem/memutils.o
 .debug_info    0x0000000000001305      0x6bc ./mem/heap.o
 .debug_info    0x00000000000019c1      0xced ./mem/pageframeallocator.o
 .debug_info    0x00000000000026ae      0x12f ./lib/io.o
 .debug_info    0x00000000000027dd      0x1f0 ./lib/bitmap.o
 .debug_info    0x00000000000029cd      0x375 ./lib/mem.o
 .debug_info    0x0000000000002d42       0xb0 ./lib/math.o
 .debug_info    0x0000000000002df2      0x6cd ./lib/string.o
 .debug_info    0x00000000000034bf      0x46a ./lib/serial.o
 .debug_info    0x0000000000003929      0x580 ./terminal/terminal.o
 .debug_info    0x0000000000003ea9      0x439 ./panic.o
 .debug_info    0x00000000000042e2     0x2585 ./kernel.o
 .debug_info    0x0000000000006867      0xa2f ./graphics/framebuffer.o
 .debug_info    0x0000000000007296      0xa38 ./debug.o
 .debug_info    0x0000000000007cce       0x50 ./gdt/gdtasm.o

.debug_abbrev   0x0000000000000000     0x24ba
 .debug_abbrev  0x0000000000000000      0x152 ./idt/ints.o
 .debug_abbrev  0x0000000000000152       0xff ./idt/idt.o
 .debug_abbrev  0x0000000000000251       0xf8 ./gdt/gdt.o
 .debug_abbrev  0x0000000000000349      0x318 ./mem/paging.o
 .debug_abbrev  0x0000000000000661      0x131 ./mem/memutils.o
 .debug_abbrev  0x0000000000000792      0x30a ./mem/heap.o
 .debug_abbrev  0x0000000000000a9c      0x351 ./mem/pageframeallocator.o
 .debug_abbrev  0x0000000000000ded       0xc0 ./lib/io.o
 .debug_abbrev  0x0000000000000ead      0x14f ./lib/bitmap.o
 .debug_abbrev  0x0000000000000ffc      0x128 ./lib/mem.o
 .debug_abbrev  0x0000000000001124       0x74 ./lib/math.o
 .debug_abbrev  0x0000000000001198      0x2cb ./lib/string.o
 .debug_abbrev  0x0000000000001463      0x198 ./lib/serial.o
 .debug_abbrev  0x00000000000015fb      0x247 ./terminal/terminal.o
 .debug_abbrev  0x0000000000001842      0x1cc ./panic.o
 .debug_abbrev  0x0000000000001a0e      0x51e ./kernel.o
 .debug_abbrev  0x0000000000001f2c      0x2a3 ./graphics/framebuffer.o
 .debug_abbrev  0x00000000000021cf      0x2d0 ./debug.o
 .debug_abbrev  0x000000000000249f       0x1b ./gdt/gdtasm.o

.debug_aranges  0x0000000000000000      0x3c0
 .debug_aranges
                0x0000000000000000       0x30 ./idt/ints.o
 .debug_aranges
                0x0000000000000030       0x30 ./idt/idt.o
 .debug_aranges
                0x0000000000000060       0x30 ./gdt/gdt.o
 .debug_aranges
                0x0000000000000090       0x30 ./mem/paging.o
 .debug_aranges
                0x00000000000000c0       0x30 ./mem/memutils.o
 .debug_aranges
                0x00000000000000f0       0x30 ./mem/heap.o
 .debug_aranges
                0x0000000000000120       0x30 ./mem/pageframeallocator.o
 .debug_aranges
                0x0000000000000150       0x30 ./lib/io.o
 .debug_aranges
                0x0000000000000180       0x30 ./lib/bitmap.o
 .debug_aranges
                0x00000000000001b0       0x30 ./lib/mem.o
 .debug_aranges
                0x00000000000001e0       0x30 ./lib/math.o
 .debug_aranges
                0x0000000000000210       0x30 ./lib/string.o
 .debug_aranges
                0x0000000000000240       0x30 ./lib/serial.o
 .debug_aranges
                0x0000000000000270       0x30 ./terminal/terminal.o
 .debug_aranges
                0x00000000000002a0       0x30 ./panic.o
 .debug_aranges
                0x00000000000002d0       0x60 ./kernel.o
 .debug_aranges
                0x0000000000000330       0x30 ./graphics/framebuffer.o
 .debug_aranges
                0x0000000000000360       0x30 ./debug.o
 .debug_aranges
                0x0000000000000390       0x30 ./gdt/gdtasm.o

.debug_line     0x0000000000000000     0x3035
 .debug_line    0x0000000000000000      0x107 ./idt/ints.o
 .debug_line    0x0000000000000107       0xa3 ./idt/idt.o
 .debug_line    0x00000000000001aa       0x91 ./gdt/gdt.o
 .debug_line    0x000000000000023b      0x3fb ./mem/paging.o
 .debug_line    0x0000000000000636      0x100 ./mem/memutils.o
 .debug_line    0x0000000000000736      0x41b ./mem/heap.o
 .debug_line    0x0000000000000b51      0x669 ./mem/pageframeallocator.o
 .debug_line    0x00000000000011ba       0x7a ./lib/io.o
 .debug_line    0x0000000000001234       0xf0 ./lib/bitmap.o
 .debug_line    0x0000000000001324      0x1e2 ./lib/mem.o
 .debug_line    0x0000000000001506       0x62 ./lib/math.o
 .debug_line    0x0000000000001568      0x336 ./lib/string.o
 .debug_line    0x000000000000189e      0x1d3 ./lib/serial.o
 .debug_line    0x0000000000001a71      0x1ca ./terminal/terminal.o
 .debug_line    0x0000000000001c3b      0x1bc ./panic.o
 .debug_line    0x0000000000001df7      0x9e6 ./kernel.o
 .debug_line    0x00000000000027dd      0x30a ./graphics/framebuffer.o
 .debug_line    0x0000000000002ae7      0x503 ./debug.o
 .debug_line    0x0000000000002fea       0x4b ./gdt/gdtasm.o

.debug_str      0x0000000000000000     0x1a47
 .debug_str     0x0000000000000000      0x2fe ./idt/ints.o
                                        0x34a (size before relaxing)
 .debug_str     0x00000000000002fe       0xab ./idt/idt.o
                                        0x243 (size before relaxing)
 .debug_str     0x00000000000003a9      0x180 ./gdt/gdt.o
                                        0x20a (size before relaxing)
 .debug_str     0x0000000000000529      0x2a3 ./mem/paging.o
                                        0x469 (size before relaxing)
 .debug_str     0x00000000000007cc      0x121 ./mem/memutils.o
                                        0x29e (size before relaxing)
 .debug_str     0x00000000000008ed      0x174 ./mem/heap.o
                                        0x50e (size before relaxing)
 .debug_str     0x0000000000000a61      0x479 ./mem/pageframeallocator.o
                                        0x7bc (size before relaxing)
 .debug_str     0x0000000000000eda       0x3a ./lib/io.o
                                        0x180 (size before relaxing)
 .debug_str     0x0000000000000f14       0x15 ./lib/bitmap.o
                                        0x1e3 (size before relaxing)
 .debug_str     0x0000000000000f29       0x66 ./lib/mem.o
                                        0x1f3 (size before relaxing)
 .debug_str     0x0000000000000f8f        0x8 ./lib/math.o
                                        0x13f (size before relaxing)
 .debug_str     0x0000000000000f97      0x177 ./lib/string.o
                                        0x387 (size before relaxing)
 .debug_str     0x000000000000110e       0xcf ./lib/serial.o
                                        0x22b (size before relaxing)
 .debug_str     0x00000000000011dd      0x190 ./terminal/terminal.o
                                        0x38a (size before relaxing)
 .debug_str     0x000000000000136d       0x81 ./panic.o
                                        0x301 (size before relaxing)
 .debug_str     0x00000000000013ee      0x476 ./kernel.o
                                       0x101b (size before relaxing)
 .debug_str     0x0000000000001864      0x139 ./graphics/framebuffer.o
                                        0x394 (size before relaxing)
 .debug_str     0x000000000000199d       0xaa ./debug.o
                                        0x4ef (size before relaxing)

.debug_line_str
                0x0000000000000000      0x314
 .debug_line_str
                0x0000000000000000       0x9c ./idt/ints.o
                                         0xc6 (size before relaxing)
 .debug_line_str
                0x000000000000009c       0x12 ./idt/idt.o
                                         0xab (size before relaxing)
 .debug_line_str
                0x00000000000000ae       0x21 ./gdt/gdt.o
                                         0xab (size before relaxing)
 .debug_line_str
                0x00000000000000cf       0x6e ./mem/paging.o
                                        0x130 (size before relaxing)
 .debug_line_str
                0x000000000000013d       0x25 ./mem/memutils.o
                                         0xcf (size before relaxing)
 .debug_line_str
                0x0000000000000162       0x14 ./mem/heap.o
                                         0xd6 (size before relaxing)
 .debug_line_str
                0x0000000000000176       0x24 ./mem/pageframeallocator.o
                                        0x11b (size before relaxing)
 .debug_line_str
                0x000000000000019a        0xb ./lib/io.o
                                         0x97 (size before relaxing)
 .debug_line_str
                0x00000000000001a5        0xf ./lib/bitmap.o
                                         0xac (size before relaxing)
 .debug_line_str
                0x00000000000001b4        0xc ./lib/mem.o
                                         0xa3 (size before relaxing)
 .debug_line_str
                0x00000000000001c0        0xd ./lib/math.o
                                         0x9d (size before relaxing)
 .debug_line_str
                0x00000000000001cd       0x36 ./lib/string.o
                                         0xeb (size before relaxing)
 .debug_line_str
                0x0000000000000203       0x14 ./lib/serial.o
                                         0xa8 (size before relaxing)
 .debug_line_str
                0x0000000000000217       0x71 ./terminal/terminal.o
                                        0x135 (size before relaxing)
 .debug_line_str
                0x0000000000000288        0xa ./panic.o
                                         0xc4 (size before relaxing)
 .debug_line_str
                0x0000000000000292       0x5f ./kernel.o
                                        0x1bc (size before relaxing)
 .debug_line_str
                0x00000000000002f1       0x19 ./graphics/framebuffer.o
                                         0xef (size before relaxing)
 .debug_line_str
                0x000000000000030a        0xa ./debug.o
                                         0xf5 (size before relaxing)

.comment        0x0000000000000000       0x12
 .comment       0x0000000000000000       0x12 ./idt/ints.o
                                         0x13 (size before relaxing)
 .comment       0x0000000000000012       0x13 ./idt/idt.o
 .comment       0x0000000000000012       0x13 ./gdt/gdt.o
 .comment       0x0000000000000012       0x13 ./mem/paging.o
 .comment       0x0000000000000012       0x13 ./mem/memutils.o
 .comment       0x0000000000000012       0x13 ./mem/heap.o
 .comment       0x0000000000000012       0x13 ./mem/pageframeallocator.o
 .comment       0x0000000000000012       0x13 ./lib/io.o
 .comment       0x0000000000000012       0x13 ./lib/bitmap.o
 .comment       0x0000000000000012       0x13 ./lib/mem.o
 .comment       0x0000000000000012       0x13 ./lib/math.o
 .comment       0x0000000000000012       0x13 ./lib/string.o
 .comment       0x0000000000000012       0x13 ./lib/serial.o
 .comment       0x0000000000000012       0x13 ./terminal/terminal.o
 .comment       0x0000000000000012       0x13 ./panic.o
 .comment       0x0000000000000012       0x13 ./kernel.o
 .comment       0x0000000000000012       0x13 ./graphics/framebuffer.o
 .comment       0x0000000000000012       0x13 ./debug.o

.debug_loclists
                0x0000000000000000     0x2f67
 .debug_loclists
                0x0000000000000000       0x7f ./idt/idt.o
 .debug_loclists
                0x000000000000007f      0x71d ./mem/paging.o
 .debug_loclists
                0x000000000000079c       0x99 ./mem/memutils.o
 .debug_loclists
                0x0000000000000835      0x38d ./mem/heap.o
 .debug_loclists
                0x0000000000000bc2      0x6fe ./mem/pageframeallocator.o
 .debug_loclists
                0x00000000000012c0       0x14 ./lib/io.o
 .debug_loclists
                0x00000000000012d4       0x8b ./lib/bitmap.o
 .debug_loclists
                0x000000000000135f      0x17c ./lib/mem.o
 .debug_loclists
                0x00000000000014db      0x2f8 ./lib/string.o
 .debug_loclists
                0x00000000000017d3       0x49 ./lib/serial.o
 .debug_loclists
                0x000000000000181c      0x12e ./terminal/terminal.o
 .debug_loclists
                0x000000000000194a       0xbc ./panic.o
 .debug_loclists
                0x0000000000001a06      0xbab ./kernel.o
 .debug_loclists
                0x00000000000025b1      0x58d ./graphics/framebuffer.o
 .debug_loclists
                0x0000000000002b3e      0x429 ./debug.o

.debug_rnglists
                0x0000000000000000      0x4f1
 .debug_rnglists
                0x0000000000000000       0xb4 ./mem/paging.o
 .debug_rnglists
                0x00000000000000b4       0x2c ./mem/memutils.o
 .debug_rnglists
                0x00000000000000e0       0x48 ./mem/heap.o
 .debug_rnglists
                0x0000000000000128       0x93 ./mem/pageframeallocator.o
 .debug_rnglists
                0x00000000000001bb       0x13 ./lib/mem.o
 .debug_rnglists
                0x00000000000001ce       0x3d ./lib/string.o
 .debug_rnglists
                0x000000000000020b       0x17 ./lib/serial.o
 .debug_rnglists
                0x0000000000000222       0x15 ./terminal/terminal.o
 .debug_rnglists
                0x0000000000000237      0x1a6 ./kernel.o
 .debug_rnglists
                0x00000000000003dd       0xa9 ./graphics/framebuffer.o
 .debug_rnglists
                0x0000000000000486       0x6b ./debug.o

.debug_pubnames
                0x0000000000000000        0x0
 .debug_pubnames
                0x0000000000000000        0x0 ./gdt/gdtasm.o

.debug_frame    0x0000000000000000        0x0
 .debug_frame   0x0000000000000000        0x0 ./gdt/gdtasm.o

.debug_loc      0x0000000000000000        0x0
 .debug_loc     0x0000000000000000        0x0 ./gdt/gdtasm.o
