
Discarded input sections

 .eh_frame      0x0000000000000000       0xe8 ./idt/ints.o
 .eh_frame      0x0000000000000000       0x40 ./idt/idt.o
 .eh_frame      0x0000000000000000       0x38 ./gdt/gdt.o
 .eh_frame      0x0000000000000000       0xd0 ./mem/paging.o
 .eh_frame      0x0000000000000000       0x98 ./mem/memutils.o
 .eh_frame      0x0000000000000000       0xd8 ./mem/heap.o
 .eh_frame      0x0000000000000000      0x1d0 ./mem/pageframeallocator.o
 .eh_frame      0x0000000000000000       0x58 ./lib/io.o
 .eh_frame      0x0000000000000000       0x40 ./lib/bitmap.o
 .eh_frame      0x0000000000000000       0x80 ./lib/mem.o
 .eh_frame      0x0000000000000000       0x30 ./lib/math.o
 .eh_frame      0x0000000000000000       0x40 ./lib/string.o
 .eh_frame      0x0000000000000000       0xf0 ./lib/serial.o
 .eh_frame      0x0000000000000000       0xb0 ./terminal/terminal.o
 .eh_frame      0x0000000000000000       0x90 ./panic.o
 .eh_frame      0x0000000000000000       0x90 ./kernel.o
 .eh_frame      0x0000000000000000      0x110 ./graphics/framebuffer.o
 .eh_frame      0x0000000000000000      0x110 ./debug.o

Memory Configuration

Name             Origin             Length             Attributes
*default*        0x0000000000000000 0xffffffffffffffff

Linker script and memory map

LOAD ./idt/ints.o
LOAD ./idt/idt.o
LOAD ./gdt/gdt.o
LOAD ./mem/paging.o
LOAD ./mem/memutils.o
LOAD ./mem/heap.o
LOAD ./mem/pageframeallocator.o
LOAD ./lib/io.o
LOAD ./lib/bitmap.o
LOAD ./lib/mem.o
LOAD ./lib/math.o
LOAD ./lib/string.o
LOAD ./lib/serial.o
LOAD ./terminal/terminal.o
LOAD ./panic.o
LOAD ./kernel.o
LOAD ./graphics/framebuffer.o
LOAD ./debug.o
LOAD ./gdt/gdtasm.o
LOAD font.o
                0xffffffff80000000                . = 0xffffffff80000000

.text           0xffffffff80000000     0x254b
 *(.text .text.*)
 .text          0xffffffff80000000       0xb2 ./idt/ints.o
                0xffffffff80000000                pageFaultHandler(interrupt_frame*)
                0xffffffff80000030                doubleFaultHandler(interrupt_frame*)
                0xffffffff80000060                gpFaultHandler(interrupt_frame*)
                0xffffffff80000090                keyboardInterruptHandler(interrupt_frame*)
                0xffffffff800000a0                mouseInterruptHandler(interrupt_frame*)
                0xffffffff800000b0                pitInterruptHandler(interrupt_frame*)
 *fill*         0xffffffff800000b2        0xe 
 .text          0xffffffff800000c0       0x39 ./idt/idt.o
                0xffffffff800000c0                idt_setOffset(IDTDescEntry*, unsigned long)
                0xffffffff800000e0                idt_getOffset(IDTDescEntry*)
 *fill*         0xffffffff800000f9        0x7 
 .text          0xffffffff80000100       0x30 ./gdt/gdt.o
                0xffffffff80000100                gdt_init()
 .text          0xffffffff80000130      0x359 ./mem/paging.o
                0xffffffff80000130                PageDirectoryEntry::SetFlag(PT_Flag, bool)
                0xffffffff80000160                PageDirectoryEntry::GetFlag(PT_Flag)
                0xffffffff80000180                PageDirectoryEntry::SetAddress(unsigned long)
                0xffffffff800001b0                PageDirectoryEntry::GetAddress()
                0xffffffff800001c0                PageMapIndexer_From(PageMapIndexer*, unsigned long)
                0xffffffff80000200                PageTable_MapMemory(PageTable*, void*, void*, bool)
 *fill*         0xffffffff80000489        0x7 
 .text          0xffffffff80000490       0xbb ./mem/memutils.o
                0xffffffff80000490                getMemoryMappingName(unsigned long)
                0xffffffff800004b0                getMemorySize(limine_memmap_response)
                0xffffffff800004f0                getMemoryArealSize(limine_memmap_response)
                0xffffffff80000530                toPhys(unsigned long)
                0xffffffff80000540                toVirt(unsigned long)
 *fill*         0xffffffff8000054b        0x5 
 .text          0xffffffff80000550      0x491 ./mem/heap.o
                0xffffffff80000660                heap_init(void*, unsigned long)
                0xffffffff80000780                malloc(unsigned long)
                0xffffffff80000910                free(void*)
                0xffffffff800009e0                check()
 *fill*         0xffffffff800009e1        0xf 
 .text          0xffffffff800009f0      0x609 ./mem/pageframeallocator.o
                0xffffffff800009f0                mem_pageframeallocator_initBitmap(unsigned long, void*)
                0xffffffff80000a40                mem_pageframeallocator_lockPage(void*)
                0xffffffff80000ad0                mem_pageframeallocator_requestPage()
                0xffffffff80000b80                mem_pageframeallocator_freePage(void*)
                0xffffffff80000c10                mem_pageframeallocator_init(limine_memmap_response, limine_hhdm_response*)
                0xffffffff80000ec0                mem_pageframeallocator_freePages(void*, unsigned long)
                0xffffffff80000f10                mem_pageframeallocator_lockPages(void*, unsigned long)
                0xffffffff80000f60                mem_getFreeRAM()
                0xffffffff80000f70                mem_getUsedRAM()
                0xffffffff80000f80                mem_getTotalRAM()
                0xffffffff80000f90                mem_getMemoryMapSize()
                0xffffffff80000fa0                mem_getMemoryMapForAddress(unsigned long)
 *fill*         0xffffffff80000ff9        0x7 
 .text          0xffffffff80001000       0x25 ./lib/io.o
                0xffffffff80001000                outb(unsigned short, unsigned char)
                0xffffffff80001010                inb(unsigned short)
                0xffffffff80001020                io_wait()
 *fill*         0xffffffff80001025        0xb 
 .text          0xffffffff80001030       0x79 ./lib/bitmap.o
                0xffffffff80001030                Bitmap::get(unsigned long)
                0xffffffff80001060                Bitmap::set(unsigned long, bool)
 *fill*         0xffffffff800010a9        0x7 
 .text          0xffffffff800010b0      0x10b ./lib/mem.o
                0xffffffff800010b0                memcpy(void*, void const*, unsigned long)
                0xffffffff800010e0                memset(void*, int, unsigned long)
                0xffffffff80001100                memmove(void*, void const*, unsigned long)
                0xffffffff80001150                memcmp(void const*, void const*, unsigned long)
                0xffffffff80001190                strlen(unsigned char*)
 *fill*         0xffffffff800011bb        0x5 
 .text          0xffffffff800011c0        0xb ./lib/math.o
                0xffffffff800011c0                abs(long)
 *fill*         0xffffffff800011cb        0x5 
 .text          0xffffffff800011d0      0x108 ./lib/string.o
                0xffffffff800011d0                itoa(long, char*, long)
                0xffffffff80001260                uitoa(unsigned long, char*, unsigned long)
 *fill*         0xffffffff800012d8        0x8 
 .text          0xffffffff800012e0      0x1a5 ./lib/serial.o
                0xffffffff800012e0                serial_init()
                0xffffffff800013a0                serial_received()
                0xffffffff800013c0                serial_read()
                0xffffffff800013f0                is_transmit_empty()
                0xffffffff80001410                serial_write(char)
                0xffffffff80001440                serial_writemany(char*)
 *fill*         0xffffffff80001485        0xb 
 .text          0xffffffff80001490      0x16d ./terminal/terminal.o
                0xffffffff80001490                Terminal::init()
                0xffffffff800014d0                Terminal::writechar(char)
                0xffffffff80001580                Terminal::write(char*)
                0xffffffff800015c0                Terminal::writeln(char*)
 *fill*         0xffffffff800015fd        0x3 
 .text          0xffffffff80001600      0x146 ./panic.o
                0xffffffff80001600                traceStackTrace(unsigned int)
                0xffffffff80001660                traceStackTraceOnlySerial(unsigned int)
                0xffffffff800016c0                panic(char*)
 *fill*         0xffffffff80001746        0xa 
 .text          0xffffffff80001750      0x563 ./kernel.o
                0xffffffff80001750                setIdtGate(void*, unsigned char, unsigned char, unsigned char)
                0xffffffff800017a0                initInterrupts(unsigned long)
                0xffffffff800018d0                _start
 *fill*         0xffffffff80001cb3        0xd 
 .text          0xffffffff80001cc0      0x216 ./graphics/framebuffer.o
                0xffffffff80001cc0                drawPoint(unsigned int, unsigned int, unsigned int)
                0xffffffff80001cf0                drawLine(unsigned int, unsigned int, unsigned int, unsigned int, unsigned int)
                0xffffffff80001d50                drawHorizontalLine(unsigned int, unsigned int, unsigned int, unsigned int)
                0xffffffff80001d80                drawCharBg(unsigned char, unsigned int, unsigned int, unsigned int, unsigned int)
                0xffffffff80001e10                drawChar(unsigned char, unsigned int, unsigned int, unsigned int)
                0xffffffff80001e20                drawString(unsigned char*, unsigned int, unsigned int, unsigned int)
                0xffffffff80001e70                drawStringBg(unsigned char*, unsigned int, unsigned int, unsigned int, unsigned int)
                0xffffffff80001ec0                translateToOffset(unsigned int, unsigned int)
 *fill*         0xffffffff80001ed6        0xa 
 .text          0xffffffff80001ee0      0x645 ./debug.o
                0xffffffff80001ee0                __write(char*, bool, bool)
                0xffffffff80001f50                __writeChar(char, bool, bool)
                0xffffffff80001fa0                _kprintf(char*, bool, bool, __va_list_tag*)
                0xffffffff80002440                kprintf(char*, ...)
                0xffffffff80002490                kprintf_both(char*, ...)
                0xffffffff800024e0                kprintf_serial(char*, ...)
 *fill*         0xffffffff80002525        0xb 
 .text          0xffffffff80002530       0x1b ./gdt/gdtasm.o
                0xffffffff80002530                loadGDT

.iplt           0xffffffff8000254b        0x0
 .iplt          0xffffffff8000254b        0x0 ./idt/ints.o
                0xffffffff8000354b                . = (. + CONSTANT (MAXPAGESIZE))

.rodata         0xffffffff80003560      0x908
 *(.rodata .rodata.*)
 .rodata.str1.1
                0xffffffff80003560       0x2a ./idt/ints.o
 *fill*         0xffffffff8000358a        0x6 
 .rodata.str1.8
                0xffffffff80003590       0x22 ./idt/ints.o
 *fill*         0xffffffff800035b2        0x6 
 .rodata.str1.8
                0xffffffff800035b8       0x4c ./mem/paging.o
 .rodata.str1.1
                0xffffffff80003604       0x22 ./mem/paging.o
 .rodata.str1.1
                0xffffffff80003626       0x79 ./mem/memutils.o
 *fill*         0xffffffff8000369f        0x1 
 .rodata        0xffffffff800036a0       0x40 ./mem/memutils.o
 .rodata.str1.8
                0xffffffff800036e0      0x173 ./mem/pageframeallocator.o
 .rodata.str1.1
                0xffffffff80003853       0x39 ./mem/pageframeallocator.o
 *fill*         0xffffffff8000388c        0x4 
 .rodata.str1.8
                0xffffffff80003890       0x48 ./lib/string.o
 .rodata.str1.1
                0xffffffff800038d8        0x6 ./terminal/terminal.o
 .rodata.str1.1
                0xffffffff800038de       0x3a ./panic.o
                                         0x3d (size before relaxing)
 .rodata.str1.8
                0xffffffff80003918       0x6a ./panic.o
 *fill*         0xffffffff80003982        0x6 
 .rodata.str1.8
                0xffffffff80003988      0x1d7 ./kernel.o
 .rodata.str1.1
                0xffffffff80003b5f      0x128 ./kernel.o
 *fill*         0xffffffff80003c87        0x1 
 .rodata.str1.8
                0xffffffff80003c88       0x20 ./debug.o
 .rodata.str1.1
                0xffffffff80003ca8       0x1e ./debug.o
 *fill*         0xffffffff80003cc6        0x2 
 .rodata        0xffffffff80003cc8      0x1a0 ./debug.o

.rela.dyn       0xffffffff80003e68        0x0
 .rela.got      0xffffffff80003e68        0x0 ./idt/ints.o
 .rela.iplt     0xffffffff80003e68        0x0 ./idt/ints.o
                0xffffffff80004e68                . = (. + CONSTANT (MAXPAGESIZE))

.data           0xffffffff80005000     0x25cc
 *(.data .data.*)
 .data          0xffffffff80005000        0x0 ./idt/ints.o
 .data          0xffffffff80005000        0x0 ./idt/idt.o
 .data          0xffffffff80005000     0x1000 ./gdt/gdt.o
                0xffffffff80005000                defaultGDT
 .data          0xffffffff80006000        0x0 ./mem/paging.o
 .data          0xffffffff80006000        0x0 ./mem/memutils.o
 .data          0xffffffff80006000        0x0 ./mem/heap.o
 .data          0xffffffff80006000        0x0 ./mem/pageframeallocator.o
 .data          0xffffffff80006000        0x0 ./lib/io.o
 .data          0xffffffff80006000        0x0 ./lib/bitmap.o
 .data          0xffffffff80006000        0x0 ./lib/mem.o
 .data          0xffffffff80006000        0x0 ./lib/math.o
 .data          0xffffffff80006000        0x0 ./lib/string.o
 .data          0xffffffff80006000        0x0 ./lib/serial.o
 .data          0xffffffff80006000       0x14 ./terminal/terminal.o
                0xffffffff80006000                gTerminal
 .data          0xffffffff80006014        0x0 ./panic.o
 *fill*         0xffffffff80006014        0xc 
 .data          0xffffffff80006020       0xf0 ./kernel.o
 .data          0xffffffff80006110        0x0 ./graphics/framebuffer.o
 .data          0xffffffff80006110        0x0 ./debug.o
 .data          0xffffffff80006110     0x14bc font.o
                0xffffffff80006110                _binary_font_incbin_start
                0xffffffff800075cc                _binary_font_incbin_end

.got            0xffffffff800075d0        0x0
 .got           0xffffffff800075d0        0x0 ./idt/ints.o

.got.plt        0xffffffff800075d0        0x0
 .got.plt       0xffffffff800075d0        0x0 ./idt/ints.o

.igot.plt       0xffffffff800075d0        0x0
 .igot.plt      0xffffffff800075d0        0x0 ./idt/ints.o

.bss            0xffffffff800075e0 0x100021e8
 *(COMMON)
 *(.bss .bss.*)
 .bss           0xffffffff800075e0        0x0 ./idt/ints.o
 .bss           0xffffffff800075e0        0x0 ./idt/idt.o
 .bss           0xffffffff800075e0        0xa ./gdt/gdt.o
                0xffffffff800075e0                gdtDescriptor
 *fill*         0xffffffff800075ea        0x6 
 .bss           0xffffffff800075f0        0x8 ./mem/paging.o
                0xffffffff800075f0                globalPageTable
 .bss           0xffffffff800075f8       0x10 ./mem/memutils.o
                0xffffffff800075f8                mem_kVirtOffset
                0xffffffff80007600                mem_hhdmOffset
 *fill*         0xffffffff80007608       0x18 
 .bss           0xffffffff80007620 0x10002140 ./mem/heap.o
                0xffffffff80007620                slot
                0xffffffff80009620                MEM
                0xffffffff90009620                last
                0xffffffff90009628                first
                0xffffffff90009630                mem_meta
                0xffffffff90009638                mem_used
                0xffffffff90009640                mem_free
                0xffffffff90009660                free_chunk
 .bss           0xffffffff90009760       0x50 ./mem/pageframeallocator.o
                0xffffffff90009760                __memmap
                0xffffffff90009780                mem_pfaBitmap
                0xffffffff90009790                end
                0xffffffff90009798                bitmapIdx
                0xffffffff900097a0                mem_usedMemory
                0xffffffff900097a8                mem_freeMemory
 .bss           0xffffffff900097b0        0x0 ./lib/io.o
 .bss           0xffffffff900097b0        0x0 ./lib/bitmap.o
 .bss           0xffffffff900097b0        0x0 ./lib/mem.o
 .bss           0xffffffff900097b0        0x0 ./lib/math.o
 .bss           0xffffffff900097b0        0x0 ./lib/string.o
 .bss           0xffffffff900097b0        0x0 ./lib/serial.o
 .bss           0xffffffff900097b0        0x0 ./terminal/terminal.o
 .bss           0xffffffff900097b0        0x0 ./panic.o
 .bss           0xffffffff900097b0        0xa ./kernel.o
                0xffffffff900097b0                idtr
 *fill*         0xffffffff900097ba        0x6 
 .bss           0xffffffff900097c0        0x8 ./graphics/framebuffer.o
                0xffffffff900097c0                gFramebuffer
 .bss           0xffffffff900097c8        0x0 ./debug.o

/DISCARD/
 *(.eh_frame)
 *(.note .note.*)
OUTPUT(kernel.elf elf64-x86-64)

.debug_info     0x0000000000000000     0x6fae
 .debug_info    0x0000000000000000      0x256 ./idt/ints.o
 .debug_info    0x0000000000000256      0x1c5 ./idt/idt.o
 .debug_info    0x000000000000041b      0x204 ./gdt/gdt.o
 .debug_info    0x000000000000061f      0x9e4 ./mem/paging.o
 .debug_info    0x0000000000001003      0x2b7 ./mem/memutils.o
 .debug_info    0x00000000000012ba     0x1189 ./mem/heap.o
 .debug_info    0x0000000000002443      0xbbb ./mem/pageframeallocator.o
 .debug_info    0x0000000000002ffe      0x12f ./lib/io.o
 .debug_info    0x000000000000312d      0x1f0 ./lib/bitmap.o
 .debug_info    0x000000000000331d      0x375 ./lib/mem.o
 .debug_info    0x0000000000003692       0xb0 ./lib/math.o
 .debug_info    0x0000000000003742      0x20f ./lib/string.o
 .debug_info    0x0000000000003951      0x46a ./lib/serial.o
 .debug_info    0x0000000000003dbb      0x579 ./terminal/terminal.o
 .debug_info    0x0000000000004334      0x432 ./panic.o
 .debug_info    0x0000000000004766     0x1333 ./kernel.o
 .debug_info    0x0000000000005a99      0xa2f ./graphics/framebuffer.o
 .debug_info    0x00000000000064c8      0xa96 ./debug.o
 .debug_info    0x0000000000006f5e       0x50 ./gdt/gdtasm.o

.debug_abbrev   0x0000000000000000     0x2299
 .debug_abbrev  0x0000000000000000      0x13f ./idt/ints.o
 .debug_abbrev  0x000000000000013f       0xff ./idt/idt.o
 .debug_abbrev  0x000000000000023e       0xf8 ./gdt/gdt.o
 .debug_abbrev  0x0000000000000336      0x318 ./mem/paging.o
 .debug_abbrev  0x000000000000064e      0x131 ./mem/memutils.o
 .debug_abbrev  0x000000000000077f      0x408 ./mem/heap.o
 .debug_abbrev  0x0000000000000b87      0x369 ./mem/pageframeallocator.o
 .debug_abbrev  0x0000000000000ef0       0xc0 ./lib/io.o
 .debug_abbrev  0x0000000000000fb0      0x14f ./lib/bitmap.o
 .debug_abbrev  0x00000000000010ff      0x128 ./lib/mem.o
 .debug_abbrev  0x0000000000001227       0x74 ./lib/math.o
 .debug_abbrev  0x000000000000129b       0xe2 ./lib/string.o
 .debug_abbrev  0x000000000000137d      0x198 ./lib/serial.o
 .debug_abbrev  0x0000000000001515      0x247 ./terminal/terminal.o
 .debug_abbrev  0x000000000000175c      0x1cc ./panic.o
 .debug_abbrev  0x0000000000001928      0x3d9 ./kernel.o
 .debug_abbrev  0x0000000000001d01      0x2a3 ./graphics/framebuffer.o
 .debug_abbrev  0x0000000000001fa4      0x2da ./debug.o
 .debug_abbrev  0x000000000000227e       0x1b ./gdt/gdtasm.o

.debug_aranges  0x0000000000000000      0x390
 .debug_aranges
                0x0000000000000000       0x30 ./idt/ints.o
 .debug_aranges
                0x0000000000000030       0x30 ./idt/idt.o
 .debug_aranges
                0x0000000000000060       0x30 ./gdt/gdt.o
 .debug_aranges
                0x0000000000000090       0x30 ./mem/paging.o
 .debug_aranges
                0x00000000000000c0       0x30 ./mem/memutils.o
 .debug_aranges
                0x00000000000000f0       0x30 ./mem/heap.o
 .debug_aranges
                0x0000000000000120       0x30 ./mem/pageframeallocator.o
 .debug_aranges
                0x0000000000000150       0x30 ./lib/io.o
 .debug_aranges
                0x0000000000000180       0x30 ./lib/bitmap.o
 .debug_aranges
                0x00000000000001b0       0x30 ./lib/mem.o
 .debug_aranges
                0x00000000000001e0       0x30 ./lib/math.o
 .debug_aranges
                0x0000000000000210       0x30 ./lib/string.o
 .debug_aranges
                0x0000000000000240       0x30 ./lib/serial.o
 .debug_aranges
                0x0000000000000270       0x30 ./terminal/terminal.o
 .debug_aranges
                0x00000000000002a0       0x30 ./panic.o
 .debug_aranges
                0x00000000000002d0       0x30 ./kernel.o
 .debug_aranges
                0x0000000000000300       0x30 ./graphics/framebuffer.o
 .debug_aranges
                0x0000000000000330       0x30 ./debug.o
 .debug_aranges
                0x0000000000000360       0x30 ./gdt/gdtasm.o

.debug_line     0x0000000000000000     0x2c4f
 .debug_line    0x0000000000000000       0xf4 ./idt/ints.o
 .debug_line    0x00000000000000f4       0xa3 ./idt/idt.o
 .debug_line    0x0000000000000197       0x91 ./gdt/gdt.o
 .debug_line    0x0000000000000228      0x3f3 ./mem/paging.o
 .debug_line    0x000000000000061b      0x100 ./mem/memutils.o
 .debug_line    0x000000000000071b      0x83a ./mem/heap.o
 .debug_line    0x0000000000000f55      0x592 ./mem/pageframeallocator.o
 .debug_line    0x00000000000014e7       0x7a ./lib/io.o
 .debug_line    0x0000000000001561       0xf0 ./lib/bitmap.o
 .debug_line    0x0000000000001651      0x1e2 ./lib/mem.o
 .debug_line    0x0000000000001833       0x62 ./lib/math.o
 .debug_line    0x0000000000001895      0x190 ./lib/string.o
 .debug_line    0x0000000000001a25      0x1d3 ./lib/serial.o
 .debug_line    0x0000000000001bf8      0x1ca ./terminal/terminal.o
 .debug_line    0x0000000000001dc2      0x1bc ./panic.o
 .debug_line    0x0000000000001f7e      0x4cf ./kernel.o
 .debug_line    0x000000000000244d      0x30a ./graphics/framebuffer.o
 .debug_line    0x0000000000002757      0x4ad ./debug.o
 .debug_line    0x0000000000002c04       0x4b ./gdt/gdtasm.o

.debug_str      0x0000000000000000     0x1517
 .debug_str     0x0000000000000000      0x2c7 ./idt/ints.o
                                        0x304 (size before relaxing)
 .debug_str     0x00000000000002c7       0xab ./idt/idt.o
                                        0x22b (size before relaxing)
 .debug_str     0x0000000000000372       0xb0 ./gdt/gdt.o
                                        0x207 (size before relaxing)
 .debug_str     0x0000000000000422      0x2cd ./mem/paging.o
                                        0x456 (size before relaxing)
 .debug_str     0x00000000000006ef      0x121 ./mem/memutils.o
                                        0x29b (size before relaxing)
 .debug_str     0x0000000000000810      0x1bb ./mem/heap.o
                                        0x348 (size before relaxing)
 .debug_str     0x00000000000009cb      0x3c7 ./mem/pageframeallocator.o
                                        0x6d1 (size before relaxing)
 .debug_str     0x0000000000000d92       0x3a ./lib/io.o
                                        0x17d (size before relaxing)
 .debug_str     0x0000000000000dcc       0x15 ./lib/bitmap.o
                                        0x1d0 (size before relaxing)
 .debug_str     0x0000000000000de1       0x66 ./lib/mem.o
                                        0x1f0 (size before relaxing)
 .debug_str     0x0000000000000e47        0x8 ./lib/math.o
                                        0x13c (size before relaxing)
 .debug_str     0x0000000000000e4f       0x1f ./lib/string.o
                                        0x171 (size before relaxing)
 .debug_str     0x0000000000000e6e       0xcf ./lib/serial.o
                                        0x228 (size before relaxing)
 .debug_str     0x0000000000000f3d      0x190 ./terminal/terminal.o
                                        0x372 (size before relaxing)
 .debug_str     0x00000000000010cd       0x81 ./panic.o
                                        0x2e9 (size before relaxing)
 .debug_str     0x000000000000114e      0x190 ./kernel.o
                                        0xb66 (size before relaxing)
 .debug_str     0x00000000000012de      0x139 ./graphics/framebuffer.o
                                        0x391 (size before relaxing)
 .debug_str     0x0000000000001417      0x100 ./debug.o
                                        0x418 (size before relaxing)

.debug_line_str
                0x0000000000000000      0x2bd
 .debug_line_str
                0x0000000000000000       0x8e ./idt/ints.o
                                         0xb5 (size before relaxing)
 .debug_line_str
                0x000000000000008e       0x12 ./idt/idt.o
                                         0xa2 (size before relaxing)
 .debug_line_str
                0x00000000000000a0       0x21 ./gdt/gdt.o
                                         0xa2 (size before relaxing)
 .debug_line_str
                0x00000000000000c1       0x71 ./mem/paging.o
                                        0x100 (size before relaxing)
 .debug_line_str
                0x0000000000000132       0x25 ./mem/memutils.o
                                         0xc6 (size before relaxing)
 .debug_line_str
                0x0000000000000157        0xd ./mem/heap.o
                                         0xa8 (size before relaxing)
 .debug_line_str
                0x0000000000000164       0x24 ./mem/pageframeallocator.o
                                        0x112 (size before relaxing)
 .debug_line_str
                0x0000000000000188        0xb ./lib/io.o
                                         0x8e (size before relaxing)
 .debug_line_str
                0x0000000000000193        0xf ./lib/bitmap.o
                                         0xa3 (size before relaxing)
 .debug_line_str
                0x00000000000001a2        0xc ./lib/mem.o
                                         0x9a (size before relaxing)
 .debug_line_str
                0x00000000000001ae        0xd ./lib/math.o
                                         0x94 (size before relaxing)
 .debug_line_str
                0x00000000000001bb        0xf ./lib/string.o
                                         0x9a (size before relaxing)
 .debug_line_str
                0x00000000000001ca       0x14 ./lib/serial.o
                                         0x9f (size before relaxing)
 .debug_line_str
                0x00000000000001de       0x71 ./terminal/terminal.o
                                        0x12c (size before relaxing)
 .debug_line_str
                0x000000000000024f        0xa ./panic.o
                                         0xbb (size before relaxing)
 .debug_line_str
                0x0000000000000259       0x24 ./kernel.o
                                        0x15d (size before relaxing)
 .debug_line_str
                0x000000000000027d       0x19 ./graphics/framebuffer.o
                                         0xe6 (size before relaxing)
 .debug_line_str
                0x0000000000000296       0x27 ./debug.o
                                         0xec (size before relaxing)

.comment        0x0000000000000000       0x12
 .comment       0x0000000000000000       0x12 ./idt/ints.o
                                         0x13 (size before relaxing)
 .comment       0x0000000000000012       0x13 ./idt/idt.o
 .comment       0x0000000000000012       0x13 ./gdt/gdt.o
 .comment       0x0000000000000012       0x13 ./mem/paging.o
 .comment       0x0000000000000012       0x13 ./mem/memutils.o
 .comment       0x0000000000000012       0x13 ./mem/heap.o
 .comment       0x0000000000000012       0x13 ./mem/pageframeallocator.o
 .comment       0x0000000000000012       0x13 ./lib/io.o
 .comment       0x0000000000000012       0x13 ./lib/bitmap.o
 .comment       0x0000000000000012       0x13 ./lib/mem.o
 .comment       0x0000000000000012       0x13 ./lib/math.o
 .comment       0x0000000000000012       0x13 ./lib/string.o
 .comment       0x0000000000000012       0x13 ./lib/serial.o
 .comment       0x0000000000000012       0x13 ./terminal/terminal.o
 .comment       0x0000000000000012       0x13 ./panic.o
 .comment       0x0000000000000012       0x13 ./kernel.o
 .comment       0x0000000000000012       0x13 ./graphics/framebuffer.o
 .comment       0x0000000000000012       0x13 ./debug.o

.debug_loclists
                0x0000000000000000     0x2c0b
 .debug_loclists
                0x0000000000000000       0x7f ./idt/idt.o
 .debug_loclists
                0x000000000000007f      0x71d ./mem/paging.o
 .debug_loclists
                0x000000000000079c       0x99 ./mem/memutils.o
 .debug_loclists
                0x0000000000000835      0xb8a ./mem/heap.o
 .debug_loclists
                0x00000000000013bf      0x632 ./mem/pageframeallocator.o
 .debug_loclists
                0x00000000000019f1       0x14 ./lib/io.o
 .debug_loclists
                0x0000000000001a05       0x8b ./lib/bitmap.o
 .debug_loclists
                0x0000000000001a90      0x17c ./lib/mem.o
 .debug_loclists
                0x0000000000001c0c      0x184 ./lib/string.o
 .debug_loclists
                0x0000000000001d90       0x49 ./lib/serial.o
 .debug_loclists
                0x0000000000001dd9      0x12e ./terminal/terminal.o
 .debug_loclists
                0x0000000000001f07       0xbc ./panic.o
 .debug_loclists
                0x0000000000001fc3      0x2ff ./kernel.o
 .debug_loclists
                0x00000000000022c2      0x58d ./graphics/framebuffer.o
 .debug_loclists
                0x000000000000284f      0x3bc ./debug.o

.debug_rnglists
                0x0000000000000000      0x5f0
 .debug_rnglists
                0x0000000000000000       0xb4 ./mem/paging.o
 .debug_rnglists
                0x00000000000000b4       0x2c ./mem/memutils.o
 .debug_rnglists
                0x00000000000000e0      0x2a2 ./mem/heap.o
 .debug_rnglists
                0x0000000000000382       0x8e ./mem/pageframeallocator.o
 .debug_rnglists
                0x0000000000000410       0x13 ./lib/mem.o
 .debug_rnglists
                0x0000000000000423       0x17 ./lib/serial.o
 .debug_rnglists
                0x000000000000043a       0x15 ./terminal/terminal.o
 .debug_rnglists
                0x000000000000044f       0xa1 ./kernel.o
 .debug_rnglists
                0x00000000000004f0       0xa9 ./graphics/framebuffer.o
 .debug_rnglists
                0x0000000000000599       0x57 ./debug.o

.debug_pubnames
                0x0000000000000000        0x0
 .debug_pubnames
                0x0000000000000000        0x0 ./gdt/gdtasm.o

.debug_frame    0x0000000000000000        0x0
 .debug_frame   0x0000000000000000        0x0 ./gdt/gdtasm.o

.debug_loc      0x0000000000000000        0x0
 .debug_loc     0x0000000000000000        0x0 ./gdt/gdtasm.o
