
Discarded input sections

 .eh_frame      0x0000000000000000       0xc0 ./idt/ints.o
 .eh_frame      0x0000000000000000       0xd8 ./sched/pit.o
 .eh_frame      0x0000000000000000       0x38 ./gdt/gdt.o
 .group         0x0000000000000000        0xc ./acpi/acpi.o
 .group         0x0000000000000000        0xc ./acpi/acpi.o
 .eh_frame      0x0000000000000000      0x108 ./acpi/acpi.o
 .eh_frame      0x0000000000000000       0xd0 ./mem/paging.o
 .eh_frame      0x0000000000000000       0x98 ./mem/memutils.o
 .eh_frame      0x0000000000000000      0x148 ./mem/heap.o
 .eh_frame      0x0000000000000000      0x230 ./mem/pageframeallocator.o
 .eh_frame      0x0000000000000000       0x68 ./lib/io.o
 .eh_frame      0x0000000000000000       0x40 ./lib/bitmap.o
 .eh_frame      0x0000000000000000       0x80 ./lib/mem.o
 .eh_frame      0x0000000000000000       0x30 ./lib/math.o
 .eh_frame      0x0000000000000000      0x128 ./lib/string.o
 .eh_frame      0x0000000000000000       0xf0 ./lib/serial.o
 .eh_frame      0x0000000000000000       0xb0 ./terminal/terminal.o
 .eh_frame      0x0000000000000000       0x90 ./panic.o
 .group         0x0000000000000000        0xc ./kernel.o
 .group         0x0000000000000000        0xc ./kernel.o
 .group         0x0000000000000000        0xc ./kernel.o
 .text._ZN6Logger14__internal_logEPcS0_P13__va_list_tag
                0x0000000000000000      0x127 ./kernel.o
 .text._ZN6Logger4infoEPcz
                0x0000000000000000       0x44 ./kernel.o
 .eh_frame      0x0000000000000000       0xf0 ./kernel.o
 .eh_frame      0x0000000000000000       0x30 ./task/tss.o
 .eh_frame      0x0000000000000000      0x110 ./graphics/framebuffer.o
 .eh_frame      0x0000000000000000      0x170 ./debug.o

Memory Configuration

Name             Origin             Length             Attributes
*default*        0x0000000000000000 0xffffffffffffffff

Linker script and memory map

LOAD ./idt/ints.o
LOAD ./sched/pit.o
LOAD ./gdt/gdt.o
LOAD ./acpi/acpi.o
LOAD ./acpi/rsdt.o
LOAD ./mem/paging.o
LOAD ./mem/memutils.o
LOAD ./mem/heap.o
LOAD ./mem/pageframeallocator.o
LOAD ./lib/io.o
LOAD ./lib/bitmap.o
LOAD ./lib/mem.o
LOAD ./lib/math.o
LOAD ./lib/string.o
LOAD ./lib/serial.o
LOAD ./terminal/terminal.o
LOAD ./panic.o
LOAD ./kernel.o
LOAD ./task/tss.o
LOAD ./graphics/framebuffer.o
LOAD ./debug.o
LOAD ./idt/stubs.o
LOAD ./gdt/gdtasm.o
LOAD font.o
                0xffffffff80000000                . = 0xffffffff80000000

.text           0xffffffff80000000     0x3f7b
 *(.text .text.*)
 .text          0xffffffff80000000      0x2de ./idt/ints.o
                0xffffffff80000000                setIdtEntry(unsigned char, void*, unsigned char)
                0xffffffff80000050                loadIDT(void*)
                0xffffffff80000070                initInts()
                0xffffffff800000c0                getPageFaultString(unsigned long)
                0xffffffff80000290                interruptDispatch
 *fill*         0xffffffff800002de        0x2 
 .text          0xffffffff800002e0      0x196 ./sched/pit.o
                0xffffffff800002e0                PIT::sleepNs(unsigned long)
                0xffffffff80000300                PIT::sleepMicros(unsigned long)
                0xffffffff80000330                PIT::sleepMillis(unsigned long)
                0xffffffff80000360                PIT::sleepSeconds(unsigned long)
                0xffffffff80000390                PIT::setDivisor(unsigned short)
                0xffffffff800003e0                PIT::getFrequency()
                0xffffffff80000400                PIT::setFrequency(unsigned long)
                0xffffffff80000450                PIT::tick()
 *fill*         0xffffffff80000476        0xa 
 .text          0xffffffff80000480       0x8f ./gdt/gdt.o
                0xffffffff80000480                gdt_init()
 *fill*         0xffffffff8000050f        0x1 
 .text          0xffffffff80000510      0x178 ./acpi/acpi.o
                0xffffffff80000510                doChecksum(ACPISDTHeader*)
                0xffffffff80000540                ACPI::findTable(char*)
                0xffffffff800005f0                ACPI::init(Logger*)
 *fill*         0xffffffff80000688        0x8 
 .text._ZN6Logger14__internal_logEPcS0_P13__va_list_tag
                0xffffffff80000690      0x127 ./acpi/acpi.o
                0xffffffff80000690                Logger::__internal_log(char*, char*, __va_list_tag*)
 *fill*         0xffffffff800007b7        0x9 
 .text._ZN6Logger4infoEPcz
                0xffffffff800007c0       0x44 ./acpi/acpi.o
                0xffffffff800007c0                Logger::info(char*, ...)
 .text          0xffffffff80000804        0x0 ./acpi/rsdt.o
 *fill*         0xffffffff80000804        0xc 
 .text          0xffffffff80000810      0x359 ./mem/paging.o
                0xffffffff80000810                PageDirectoryEntry::SetFlag(PT_Flag, bool)
                0xffffffff80000840                PageDirectoryEntry::GetFlag(PT_Flag)
                0xffffffff80000860                PageDirectoryEntry::SetAddress(unsigned long)
                0xffffffff80000890                PageDirectoryEntry::GetAddress()
                0xffffffff800008a0                PageMapIndexer_From(PageMapIndexer*, unsigned long)
                0xffffffff800008e0                PageTable_MapMemory(PageTable*, void*, void*, bool)
 *fill*         0xffffffff80000b69        0x7 
 .text          0xffffffff80000b70       0xbb ./mem/memutils.o
                0xffffffff80000b70                getMemoryMappingName(unsigned long)
                0xffffffff80000b90                getMemorySize(limine_memmap_response)
                0xffffffff80000bd0                getMemoryArealSize(limine_memmap_response)
                0xffffffff80000c10                toPhys(unsigned long)
                0xffffffff80000c20                toVirt(unsigned long)
 *fill*         0xffffffff80000c2b        0x5 
 .text          0xffffffff80000c30      0x3ec ./mem/heap.o
                0xffffffff80000c30                initHeap(void*, unsigned long)
                0xffffffff80000cc0                HeapSegHdr::split(unsigned long)
                0xffffffff80000d30                HeapSegHdr::combineForward()
                0xffffffff80000d90                free(void*)
                0xffffffff80000e10                sfree(void*, unsigned long)
                0xffffffff80000e60                expandHeap(unsigned long)
                0xffffffff80000f40                malloc(unsigned long)
                0xffffffff80000fd0                HeapSegHdr::combineBackward()
                0xffffffff80000ff0                getUsedMem()
 *fill*         0xffffffff8000101c        0x4 
 .text          0xffffffff80001020      0x6e9 ./mem/pageframeallocator.o
                0xffffffff80001020                mem_pageframeallocator_initBitmap(unsigned long, void*)
                0xffffffff80001070                mem_pageframeallocator_lockPage(void*)
                0xffffffff80001100                mem_pageframeallocator_requestPage()
                0xffffffff800011b0                mem_pageframeallocator_lockPageNonAvailable(void*)
                0xffffffff80001220                mem_pageframeallocator_freePage(void*)
                0xffffffff800012b0                mem_pageframeallocator_init(limine_memmap_response, limine_hhdm_response*)
                0xffffffff80001580                mem_pageframeallocator_freePages(void*, unsigned long)
                0xffffffff800015d0                mem_pageframeallocator_lockPages(void*, unsigned long)
                0xffffffff80001620                mem_pageframeallocator_lockPagesNonAvailable(void*, unsigned long)
                0xffffffff80001670                mem_getFreeRAM()
                0xffffffff80001680                mem_getUsedRAM()
                0xffffffff80001690                mem_getTotalRAM()
                0xffffffff800016a0                mem_getMemoryMapSize()
                0xffffffff800016b0                mem_getMemoryMapForAddress(unsigned long)
 *fill*         0xffffffff80001709        0x7 
 .text          0xffffffff80001710       0x35 ./lib/io.o
                0xffffffff80001710                outb(unsigned short, unsigned char)
                0xffffffff80001720                inb(unsigned short)
                0xffffffff80001730                inw(unsigned short)
                0xffffffff80001740                io_wait()
 *fill*         0xffffffff80001745        0xb 
 .text          0xffffffff80001750       0x79 ./lib/bitmap.o
                0xffffffff80001750                Bitmap::get(unsigned long)
                0xffffffff80001780                Bitmap::set(unsigned long, bool)
 *fill*         0xffffffff800017c9        0x7 
 .text          0xffffffff800017d0      0x10b ./lib/mem.o
                0xffffffff800017d0                memcpy(void*, void const*, unsigned long)
                0xffffffff80001800                memset(void*, int, unsigned long)
                0xffffffff80001820                memmove(void*, void const*, unsigned long)
                0xffffffff80001870                memcmp(void const*, void const*, unsigned long)
                0xffffffff800018b0                strlen(unsigned char*)
 *fill*         0xffffffff800018db        0x5 
 .text          0xffffffff800018e0        0xb ./lib/math.o
                0xffffffff800018e0                abs(long)
 *fill*         0xffffffff800018eb        0x5 
 .text          0xffffffff800018f0      0x31b ./lib/string.o
                0xffffffff800018f0                itoa(long, char*, long)
                0xffffffff80001980                uitoa(unsigned long, char*, unsigned long)
                0xffffffff80001a00                strncmp(char*, char*, unsigned long)
                0xffffffff80001a40                FastStringBuilder::FastStringBuilder(int)
                0xffffffff80001a40                FastStringBuilder::FastStringBuilder(int)
                0xffffffff80001a80                FastStringBuilder::~FastStringBuilder()
                0xffffffff80001a80                FastStringBuilder::~FastStringBuilder()
                0xffffffff80001ab0                FastStringBuilder::append(char*)
                0xffffffff80001ae0                FastStringBuilder::build()
                0xffffffff80001bd0                FastStringBuilder::buildAndDestroy()
 *fill*         0xffffffff80001c0b        0x5 
 .text          0xffffffff80001c10      0x1a5 ./lib/serial.o
                0xffffffff80001c10                serial_init()
                0xffffffff80001cd0                serial_received()
                0xffffffff80001cf0                serial_read()
                0xffffffff80001d20                is_transmit_empty()
                0xffffffff80001d40                serial_write(char)
                0xffffffff80001d70                serial_writemany(char*)
 *fill*         0xffffffff80001db5        0xb 
 .text          0xffffffff80001dc0      0x16d ./terminal/terminal.o
                0xffffffff80001dc0                Terminal::init()
                0xffffffff80001e00                Terminal::writechar(char)
                0xffffffff80001eb0                Terminal::write(char*)
                0xffffffff80001ef0                Terminal::writeln(char*)
 *fill*         0xffffffff80001f2d        0x3 
 .text          0xffffffff80001f30      0x146 ./panic.o
                0xffffffff80001f30                traceStackTrace(unsigned int)
                0xffffffff80001f90                traceStackTraceOnlySerial(unsigned int)
                0xffffffff80001ff0                panic(char*)
 *fill*         0xffffffff80002076        0xa 
 .text          0xffffffff80002080      0x56e ./kernel.o
                0xffffffff80002080                cpuid(unsigned int, unsigned int*, unsigned int*, unsigned int*, unsigned int*)
                0xffffffff800020b0                _start
 *fill*         0xffffffff800025ee        0x2 
 .text._ZN6Logger4warnEPcz
                0xffffffff800025f0       0x44 ./kernel.o
                0xffffffff800025f0                Logger::warn(char*, ...)
 *fill*         0xffffffff80002634        0xc 
 .text          0xffffffff80002640        0x4 ./task/tss.o
                0xffffffff80002640                loadTSS(unsigned short)
 *fill*         0xffffffff80002644        0xc 
 .text          0xffffffff80002650      0x216 ./graphics/framebuffer.o
                0xffffffff80002650                drawPoint(unsigned int, unsigned int, unsigned int)
                0xffffffff80002680                drawLine(unsigned int, unsigned int, unsigned int, unsigned int, unsigned int)
                0xffffffff800026e0                drawHorizontalLine(unsigned int, unsigned int, unsigned int, unsigned int)
                0xffffffff80002710                drawCharBg(unsigned char, unsigned int, unsigned int, unsigned int, unsigned int)
                0xffffffff800027a0                drawChar(unsigned char, unsigned int, unsigned int, unsigned int)
                0xffffffff800027b0                drawString(unsigned char*, unsigned int, unsigned int, unsigned int)
                0xffffffff80002800                drawStringBg(unsigned char*, unsigned int, unsigned int, unsigned int, unsigned int)
                0xffffffff80002850                translateToOffset(unsigned int, unsigned int)
 *fill*         0xffffffff80002866        0xa 
 .text          0xffffffff80002870      0x6a5 ./debug.o
                0xffffffff80002870                __write(char*, bool, bool)
                0xffffffff80002a10                __writeChar(char, bool, bool)
                0xffffffff80002b20                _kprintf(char*, bool, bool, __va_list_tag*)
                0xffffffff80002df0                vakprintf(char*, __va_list_tag*)
                0xffffffff80002e00                kprintf(char*, ...)
                0xffffffff80002e50                vakprintf_both(char*, __va_list_tag*)
                0xffffffff80002e70                kprintf_both(char*, ...)
                0xffffffff80002ec0                vakprintf_serial(char*, __va_list_tag*)
                0xffffffff80002ed0                kprintf_serial(char*, ...)
 *fill*         0xffffffff80002f15        0xb 
 .text          0xffffffff80002f20     0x103c ./idt/stubs.o
                0xffffffff80002f60                vector_0_handler
 *fill*         0xffffffff80003f5c        0x4 
 .text          0xffffffff80003f60       0x1b ./gdt/gdtasm.o
                0xffffffff80003f60                loadGDT

.iplt           0xffffffff80003f7b        0x0
 .iplt          0xffffffff80003f7b        0x0 ./idt/ints.o
                0xffffffff80004f7b                . = (. + CONSTANT (MAXPAGESIZE))

.rodata         0xffffffff80004f80     0x10f6
 *(.rodata .rodata.*)
 .rodata.str1.1
                0xffffffff80004f80       0x98 ./idt/ints.o
 .rodata.str1.8
                0xffffffff80005018       0x26 ./idt/ints.o
 .rodata.cst2   0xffffffff8000503e        0x2 ./idt/ints.o
 .rodata._ZN6Logger14__internal_logEPcS0_P13__va_list_tag.str1.1
                0xffffffff80005040        0x7 ./acpi/acpi.o
                                          0x9 (size before relaxing)
 .rodata._ZN6Logger4infoEPcz.str1.1
                0xffffffff80005047        0xf ./acpi/acpi.o
 .rodata.str1.1
                0xffffffff80005056       0x4f ./acpi/acpi.o
                                         0x54 (size before relaxing)
 *fill*         0xffffffff800050a5        0x3 
 .rodata.str1.8
                0xffffffff800050a8       0x4c ./mem/paging.o
 .rodata.str1.1
                0xffffffff800050f4       0x22 ./mem/paging.o
 .rodata.str1.1
                0xffffffff80005116       0x79 ./mem/memutils.o
 *fill*         0xffffffff8000518f       0x11 
 .rodata        0xffffffff800051a0       0x40 ./mem/memutils.o
 .rodata.str1.8
                0xffffffff800051e0      0x173 ./mem/pageframeallocator.o
 .rodata.str1.1
                0xffffffff80005353       0x39 ./mem/pageframeallocator.o
 *fill*         0xffffffff8000538c        0x4 
 .rodata.str1.8
                0xffffffff80005390       0x74 ./lib/string.o
 .rodata.str1.1
                0xffffffff80005404       0x1e ./lib/string.o
 .rodata.str1.1
                0xffffffff80005422        0x6 ./terminal/terminal.o
 .rodata.str1.1
                0xffffffff80005428       0x3a ./panic.o
                                         0x3d (size before relaxing)
 *fill*         0xffffffff80005462        0x6 
 .rodata.str1.8
                0xffffffff80005468       0x6a ./panic.o
 .rodata._ZN6Logger14__internal_logEPcS0_P13__va_list_tag.str1.1
                0xffffffff800054d2        0x9 ./kernel.o
 .rodata._ZN6Logger4warnEPcz.str1.1
                0xffffffff800054d2        0xf ./kernel.o
 .rodata._ZN6Logger4infoEPcz.str1.1
                0xffffffff800054e1        0xf ./kernel.o
 *fill*         0xffffffff800054e1        0x7 
 .rodata.str1.8
                0xffffffff800054e8      0x70c ./kernel.o
 .rodata.str1.1
                0xffffffff80005bf4       0x6f ./kernel.o
                                         0x76 (size before relaxing)
 *fill*         0xffffffff80005c63        0x5 
 .rodata        0xffffffff80005c68      0x3d0 ./debug.o
 .rodata.str1.8
                0xffffffff80006038       0x20 ./debug.o
 .rodata.str1.1
                0xffffffff80006058       0x1e ./debug.o

.rela.dyn       0xffffffff80006078        0x0
 .rela.got      0xffffffff80006078        0x0 ./idt/ints.o
 .rela.iplt     0xffffffff80006078        0x0 ./idt/ints.o
                0xffffffff80007078                . = (. + CONSTANT (MAXPAGESIZE))

.data           0xffffffff80008000     0x360c
 *(.data .data.*)
 .data          0xffffffff80008000        0x0 ./idt/ints.o
 .data          0xffffffff80008000        0x2 ./sched/pit.o
                0xffffffff80008000                PIT::divisor
 *fill*         0xffffffff80008002      0xffe 
 .data          0xffffffff80009000     0x1000 ./gdt/gdt.o
                0xffffffff80009000                defaultGDT
 .data          0xffffffff8000a000        0x0 ./acpi/acpi.o
 .data          0xffffffff8000a000        0x0 ./acpi/rsdt.o
 .data          0xffffffff8000a000        0x0 ./mem/paging.o
 .data          0xffffffff8000a000        0x0 ./mem/memutils.o
 .data          0xffffffff8000a000        0x0 ./mem/heap.o
 .data          0xffffffff8000a000        0x0 ./mem/pageframeallocator.o
 .data          0xffffffff8000a000        0x0 ./lib/io.o
 .data          0xffffffff8000a000        0x0 ./lib/bitmap.o
 .data          0xffffffff8000a000        0x0 ./lib/mem.o
 .data          0xffffffff8000a000        0x0 ./lib/math.o
 .data          0xffffffff8000a000        0x0 ./lib/string.o
 .data          0xffffffff8000a000        0x0 ./lib/serial.o
 .data          0xffffffff8000a000       0x14 ./terminal/terminal.o
                0xffffffff8000a000                gTerminal
 .data          0xffffffff8000a014        0x0 ./panic.o
 *fill*         0xffffffff8000a014        0xc 
 .data          0xffffffff8000a020      0x130 ./kernel.o
 .data          0xffffffff8000a150        0x0 ./task/tss.o
 .data          0xffffffff8000a150        0x0 ./graphics/framebuffer.o
 .data          0xffffffff8000a150        0x0 ./debug.o
 .data          0xffffffff8000a150     0x14bc font.o
                0xffffffff8000a150                _binary_font_incbin_start
                0xffffffff8000b60c                _binary_font_incbin_end

.got            0xffffffff8000b610        0x0
 .got           0xffffffff8000b610        0x0 ./idt/ints.o

.got.plt        0xffffffff8000b610        0x0
 .got.plt       0xffffffff8000b610        0x0 ./idt/ints.o

.igot.plt       0xffffffff8000b610        0x0
 .igot.plt      0xffffffff8000b610        0x0 ./idt/ints.o

.bss            0xffffffff8000b620     0x1252
 *(COMMON)
 *(.bss .bss.*)
 .bss           0xffffffff8000b620     0x1100 ./idt/ints.o
                0xffffffff8000b620                fixedPageFaultString
                0xffffffff8000b720                idt
 .bss           0xffffffff8000c720        0x8 ./sched/pit.o
                0xffffffff8000c720                PIT::timeSinceBootNs
 .bss           0xffffffff8000c728        0xa ./gdt/gdt.o
                0xffffffff8000c728                gdtDescriptor
 *fill*         0xffffffff8000c732        0x6 
 .bss           0xffffffff8000c738       0x10 ./acpi/acpi.o
                0xffffffff8000c738                ACPI::facp
                0xffffffff8000c740                ACPI::logger
 .bss           0xffffffff8000c748        0x8 ./acpi/rsdt.o
                0xffffffff8000c748                gRSDT
 .bss           0xffffffff8000c750        0x8 ./mem/paging.o
                0xffffffff8000c750                globalPageTable
 .bss           0xffffffff8000c758       0x10 ./mem/memutils.o
                0xffffffff8000c758                mem_kVirtOffset
                0xffffffff8000c760                mem_hhdmOffset
 .bss           0xffffffff8000c768       0x18 ./mem/heap.o
                0xffffffff8000c768                LastHdr
                0xffffffff8000c770                heapEnd
                0xffffffff8000c778                heapStart
 .bss           0xffffffff8000c780       0x60 ./mem/pageframeallocator.o
                0xffffffff8000c780                oomPanics
                0xffffffff8000c790                __memmap
                0xffffffff8000c7b0                mem_pfaBitmap
                0xffffffff8000c7c0                end
                0xffffffff8000c7c8                bitmapIdx
                0xffffffff8000c7d0                mem_usedMemory
                0xffffffff8000c7d8                mem_freeMemory
 .bss           0xffffffff8000c7e0        0x0 ./lib/io.o
 .bss           0xffffffff8000c7e0        0x0 ./lib/bitmap.o
 .bss           0xffffffff8000c7e0        0x0 ./lib/mem.o
 .bss           0xffffffff8000c7e0        0x0 ./lib/math.o
 .bss           0xffffffff8000c7e0        0x0 ./lib/string.o
 .bss           0xffffffff8000c7e0        0x0 ./lib/serial.o
 .bss           0xffffffff8000c7e0        0x0 ./terminal/terminal.o
 .bss           0xffffffff8000c7e0        0x0 ./panic.o
 .bss           0xffffffff8000c7e0        0xa ./kernel.o
                0xffffffff8000c7e0                idtr
 *fill*         0xffffffff8000c7ea       0x16 
 .bss           0xffffffff8000c800       0x68 ./task/tss.o
                0xffffffff8000c800                tss
 .bss           0xffffffff8000c868        0x8 ./graphics/framebuffer.o
                0xffffffff8000c868                gFramebuffer
 .bss           0xffffffff8000c870        0x2 ./debug.o
                0xffffffff8000c870                currentlyReadingColor
                0xffffffff8000c871                currentlyReadingAnything

/DISCARD/
 *(.eh_frame)
 *(.note .note.*)
OUTPUT(kernel.elf elf64-x86-64)

.debug_info     0x0000000000000000     0x9bc7
 .debug_info    0x0000000000000000      0xc9f ./idt/ints.o
 .debug_info    0x0000000000000c9f      0x4c0 ./sched/pit.o
 .debug_info    0x000000000000115f      0x3d6 ./gdt/gdt.o
 .debug_info    0x0000000000001535     0x104e ./acpi/acpi.o
 .debug_info    0x0000000000002583      0x1a5 ./acpi/rsdt.o
 .debug_info    0x0000000000002728      0x9e4 ./mem/paging.o
 .debug_info    0x000000000000310c      0x2b7 ./mem/memutils.o
 .debug_info    0x00000000000033c3      0x8a9 ./mem/heap.o
 .debug_info    0x0000000000003c6c      0xd18 ./mem/pageframeallocator.o
 .debug_info    0x0000000000004984      0x173 ./lib/io.o
 .debug_info    0x0000000000004af7      0x1ef ./lib/bitmap.o
 .debug_info    0x0000000000004ce6      0x375 ./lib/mem.o
 .debug_info    0x000000000000505b       0xb0 ./lib/math.o
 .debug_info    0x000000000000510b      0x77f ./lib/string.o
 .debug_info    0x000000000000588a      0x46a ./lib/serial.o
 .debug_info    0x0000000000005cf4      0x580 ./terminal/terminal.o
 .debug_info    0x0000000000006274      0x439 ./panic.o
 .debug_info    0x00000000000066ad     0x1ea3 ./kernel.o
 .debug_info    0x0000000000008550      0x171 ./task/tss.o
 .debug_info    0x00000000000086c1      0xa2f ./graphics/framebuffer.o
 .debug_info    0x00000000000090f0      0xa38 ./debug.o
 .debug_info    0x0000000000009b28       0x4f ./idt/stubs.o
 .debug_info    0x0000000000009b77       0x50 ./gdt/gdtasm.o

.debug_abbrev   0x0000000000000000     0x30dd
 .debug_abbrev  0x0000000000000000      0x3de ./idt/ints.o
 .debug_abbrev  0x00000000000003de      0x1fa ./sched/pit.o
 .debug_abbrev  0x00000000000005d8      0x18a ./gdt/gdt.o
 .debug_abbrev  0x0000000000000762      0x4ed ./acpi/acpi.o
 .debug_abbrev  0x0000000000000c4f       0xc5 ./acpi/rsdt.o
 .debug_abbrev  0x0000000000000d14      0x318 ./mem/paging.o
 .debug_abbrev  0x000000000000102c      0x131 ./mem/memutils.o
 .debug_abbrev  0x000000000000115d      0x357 ./mem/heap.o
 .debug_abbrev  0x00000000000014b4      0x367 ./mem/pageframeallocator.o
 .debug_abbrev  0x000000000000181b       0xc2 ./lib/io.o
 .debug_abbrev  0x00000000000018dd      0x14d ./lib/bitmap.o
 .debug_abbrev  0x0000000000001a2a      0x128 ./lib/mem.o
 .debug_abbrev  0x0000000000001b52       0x74 ./lib/math.o
 .debug_abbrev  0x0000000000001bc6      0x2d7 ./lib/string.o
 .debug_abbrev  0x0000000000001e9d      0x198 ./lib/serial.o
 .debug_abbrev  0x0000000000002035      0x247 ./terminal/terminal.o
 .debug_abbrev  0x000000000000227c      0x1cc ./panic.o
 .debug_abbrev  0x0000000000002448      0x60d ./kernel.o
 .debug_abbrev  0x0000000000002a55       0xdf ./task/tss.o
 .debug_abbrev  0x0000000000002b34      0x2a3 ./graphics/framebuffer.o
 .debug_abbrev  0x0000000000002dd7      0x2d0 ./debug.o
 .debug_abbrev  0x00000000000030a7       0x1b ./idt/stubs.o
 .debug_abbrev  0x00000000000030c2       0x1b ./gdt/gdtasm.o

.debug_loclists
                0x0000000000000000     0x323b
 .debug_loclists
                0x0000000000000000      0x3f8 ./idt/ints.o
 .debug_loclists
                0x00000000000003f8      0x171 ./sched/pit.o
 .debug_loclists
                0x0000000000000569       0x5e ./gdt/gdt.o
 .debug_loclists
                0x00000000000005c7      0x2ca ./acpi/acpi.o
 .debug_loclists
                0x0000000000000891      0x71d ./mem/paging.o
 .debug_loclists
                0x0000000000000fae       0x99 ./mem/memutils.o
 .debug_loclists
                0x0000000000001047      0x467 ./mem/heap.o
 .debug_loclists
                0x00000000000014ae      0x70c ./mem/pageframeallocator.o
 .debug_loclists
                0x0000000000001bba       0x1c ./lib/io.o
 .debug_loclists
                0x0000000000001bd6       0x8b ./lib/bitmap.o
 .debug_loclists
                0x0000000000001c61      0x17c ./lib/mem.o
 .debug_loclists
                0x0000000000001ddd      0x347 ./lib/string.o
 .debug_loclists
                0x0000000000002124       0x49 ./lib/serial.o
 .debug_loclists
                0x000000000000216d      0x12e ./terminal/terminal.o
 .debug_loclists
                0x000000000000229b       0xbc ./panic.o
 .debug_loclists
                0x0000000000002357      0x52e ./kernel.o
 .debug_loclists
                0x0000000000002885      0x58d ./graphics/framebuffer.o
 .debug_loclists
                0x0000000000002e12      0x429 ./debug.o

.debug_aranges  0x0000000000000000      0x490
 .debug_aranges
                0x0000000000000000       0x30 ./idt/ints.o
 .debug_aranges
                0x0000000000000030       0x30 ./sched/pit.o
 .debug_aranges
                0x0000000000000060       0x30 ./gdt/gdt.o
 .debug_aranges
                0x0000000000000090       0x50 ./acpi/acpi.o
 .debug_aranges
                0x00000000000000e0       0x20 ./acpi/rsdt.o
 .debug_aranges
                0x0000000000000100       0x30 ./mem/paging.o
 .debug_aranges
                0x0000000000000130       0x30 ./mem/memutils.o
 .debug_aranges
                0x0000000000000160       0x30 ./mem/heap.o
 .debug_aranges
                0x0000000000000190       0x30 ./mem/pageframeallocator.o
 .debug_aranges
                0x00000000000001c0       0x30 ./lib/io.o
 .debug_aranges
                0x00000000000001f0       0x30 ./lib/bitmap.o
 .debug_aranges
                0x0000000000000220       0x30 ./lib/mem.o
 .debug_aranges
                0x0000000000000250       0x30 ./lib/math.o
 .debug_aranges
                0x0000000000000280       0x30 ./lib/string.o
 .debug_aranges
                0x00000000000002b0       0x30 ./lib/serial.o
 .debug_aranges
                0x00000000000002e0       0x30 ./terminal/terminal.o
 .debug_aranges
                0x0000000000000310       0x30 ./panic.o
 .debug_aranges
                0x0000000000000340       0x60 ./kernel.o
 .debug_aranges
                0x00000000000003a0       0x30 ./task/tss.o
 .debug_aranges
                0x00000000000003d0       0x30 ./graphics/framebuffer.o
 .debug_aranges
                0x0000000000000400       0x30 ./debug.o
 .debug_aranges
                0x0000000000000430       0x30 ./idt/stubs.o
 .debug_aranges
                0x0000000000000460       0x30 ./gdt/gdtasm.o

.debug_rnglists
                0x0000000000000000      0x56e
 .debug_rnglists
                0x0000000000000000       0x62 ./idt/ints.o
 .debug_rnglists
                0x0000000000000062       0x4a ./sched/pit.o
 .debug_rnglists
                0x00000000000000ac       0x66 ./acpi/acpi.o
 .debug_rnglists
                0x0000000000000112       0xb4 ./mem/paging.o
 .debug_rnglists
                0x00000000000001c6       0x2c ./mem/memutils.o
 .debug_rnglists
                0x00000000000001f2       0x53 ./mem/heap.o
 .debug_rnglists
                0x0000000000000245       0x9e ./mem/pageframeallocator.o
 .debug_rnglists
                0x00000000000002e3       0x13 ./lib/mem.o
 .debug_rnglists
                0x00000000000002f6       0x3d ./lib/string.o
 .debug_rnglists
                0x0000000000000333       0x17 ./lib/serial.o
 .debug_rnglists
                0x000000000000034a       0x15 ./terminal/terminal.o
 .debug_rnglists
                0x000000000000035f       0xfb ./kernel.o
 .debug_rnglists
                0x000000000000045a       0xa9 ./graphics/framebuffer.o
 .debug_rnglists
                0x0000000000000503       0x6b ./debug.o

.debug_line     0x0000000000000000     0x3c71
 .debug_line    0x0000000000000000      0x3e8 ./idt/ints.o
 .debug_line    0x00000000000003e8      0x209 ./sched/pit.o
 .debug_line    0x00000000000005f1       0xcd ./gdt/gdt.o
 .debug_line    0x00000000000006be      0x3c3 ./acpi/acpi.o
 .debug_line    0x0000000000000a81       0x56 ./acpi/rsdt.o
 .debug_line    0x0000000000000ad7      0x3fb ./mem/paging.o
 .debug_line    0x0000000000000ed2      0x100 ./mem/memutils.o
 .debug_line    0x0000000000000fd2      0x4e0 ./mem/heap.o
 .debug_line    0x00000000000014b2      0x64d ./mem/pageframeallocator.o
 .debug_line    0x0000000000001aff       0x85 ./lib/io.o
 .debug_line    0x0000000000001b84       0xf2 ./lib/bitmap.o
 .debug_line    0x0000000000001c76      0x1e2 ./lib/mem.o
 .debug_line    0x0000000000001e58       0x62 ./lib/math.o
 .debug_line    0x0000000000001eba      0x3d5 ./lib/string.o
 .debug_line    0x000000000000228f      0x1d3 ./lib/serial.o
 .debug_line    0x0000000000002462      0x1ca ./terminal/terminal.o
 .debug_line    0x000000000000262c      0x1bc ./panic.o
 .debug_line    0x00000000000027e8      0x771 ./kernel.o
 .debug_line    0x0000000000002f59       0x6b ./task/tss.o
 .debug_line    0x0000000000002fc4      0x30a ./graphics/framebuffer.o
 .debug_line    0x00000000000032ce      0x506 ./debug.o
 .debug_line    0x00000000000037d4      0x452 ./idt/stubs.o
 .debug_line    0x0000000000003c26       0x4b ./gdt/gdtasm.o

.debug_str      0x0000000000000000     0x2145
 .debug_str     0x0000000000000000      0x512 ./idt/ints.o
                                        0x57a (size before relaxing)
 .debug_str     0x0000000000000512      0x1a2 ./sched/pit.o
                                        0x308 (size before relaxing)
 .debug_str     0x00000000000006b4      0x16a ./gdt/gdt.o
                                        0x2f3 (size before relaxing)
 .debug_str     0x000000000000081e      0x897 ./acpi/acpi.o
                                        0xb64 (size before relaxing)
 .debug_str     0x00000000000010b5      0x218 ./acpi/rsdt.o
 .debug_str     0x00000000000010b5      0x100 ./mem/paging.o
                                        0x476 (size before relaxing)
 .debug_str     0x00000000000011b5      0x11c ./mem/memutils.o
                                        0x2bb (size before relaxing)
 .debug_str     0x00000000000012d1      0x18c ./mem/heap.o
                                        0x57c (size before relaxing)
 .debug_str     0x000000000000145d      0x479 ./mem/pageframeallocator.o
                                        0x7c9 (size before relaxing)
 .debug_str     0x00000000000018d6       0x17 ./lib/io.o
                                        0x1a5 (size before relaxing)
 .debug_str     0x00000000000018ed       0x15 ./lib/bitmap.o
                                        0x1f0 (size before relaxing)
 .debug_str     0x0000000000001902       0x3c ./lib/mem.o
                                        0x210 (size before relaxing)
 .debug_str     0x000000000000193e        0x8 ./lib/math.o
                                        0x15c (size before relaxing)
 .debug_str     0x0000000000001946       0x7a ./lib/string.o
                                        0x3d9 (size before relaxing)
 .debug_str     0x00000000000019c0       0xcf ./lib/serial.o
                                        0x248 (size before relaxing)
 .debug_str     0x0000000000001a8f      0x190 ./terminal/terminal.o
                                        0x397 (size before relaxing)
 .debug_str     0x0000000000001c1f       0x81 ./panic.o
                                        0x30e (size before relaxing)
 .debug_str     0x0000000000001ca0      0x2bb ./kernel.o
                                        0xffc (size before relaxing)
 .debug_str     0x0000000000001f5b      0x1c5 ./task/tss.o
 .debug_str     0x0000000000001f5b      0x139 ./graphics/framebuffer.o
                                        0x3b1 (size before relaxing)
 .debug_str     0x0000000000002094       0xb1 ./debug.o
                                        0x4fc (size before relaxing)

.debug_line_str
                0x0000000000000000      0x421
 .debug_line_str
                0x0000000000000000       0xc2 ./idt/ints.o
                                         0xec (size before relaxing)
 .debug_line_str
                0x00000000000000c2       0x2c ./sched/pit.o
                                         0xb6 (size before relaxing)
 .debug_line_str
                0x00000000000000ee       0x33 ./gdt/gdt.o
                                         0xbd (size before relaxing)
 .debug_line_str
                0x0000000000000121       0xdb ./acpi/acpi.o
                                        0x185 (size before relaxing)
 .debug_line_str
                0x00000000000001fc        0xe ./acpi/rsdt.o
                                         0xb9 (size before relaxing)
 .debug_line_str
                0x000000000000020a       0x56 ./mem/paging.o
                                        0x130 (size before relaxing)
 .debug_line_str
                0x0000000000000260       0x25 ./mem/memutils.o
                                         0xcf (size before relaxing)
 .debug_line_str
                0x0000000000000285        0xd ./mem/heap.o
                                         0xf3 (size before relaxing)
 .debug_line_str
                0x0000000000000292       0x24 ./mem/pageframeallocator.o
                                        0x11b (size before relaxing)
 .debug_line_str
                0x00000000000002b6        0xb ./lib/io.o
                                         0x97 (size before relaxing)
 .debug_line_str
                0x00000000000002c1        0xf ./lib/bitmap.o
                                         0xac (size before relaxing)
 .debug_line_str
                0x00000000000002d0        0xc ./lib/mem.o
                                         0xa3 (size before relaxing)
 .debug_line_str
                0x00000000000002dc        0xd ./lib/math.o
                                         0x9d (size before relaxing)
 .debug_line_str
                0x00000000000002e9       0x2d ./lib/string.o
                                         0xeb (size before relaxing)
 .debug_line_str
                0x0000000000000316        0xf ./lib/serial.o
                                         0xa8 (size before relaxing)
 .debug_line_str
                0x0000000000000325       0x71 ./terminal/terminal.o
                                        0x135 (size before relaxing)
 .debug_line_str
                0x0000000000000396        0xa ./panic.o
                                         0xc4 (size before relaxing)
 .debug_line_str
                0x00000000000003a0       0x45 ./kernel.o
                                        0x1e0 (size before relaxing)
 .debug_line_str
                0x00000000000003e5       0x19 ./task/tss.o
                                         0xae (size before relaxing)
 .debug_line_str
                0x00000000000003fe       0x19 ./graphics/framebuffer.o
                                         0xef (size before relaxing)
 .debug_line_str
                0x0000000000000417        0xa ./debug.o
                                         0xf5 (size before relaxing)

.comment        0x0000000000000000       0x12
 .comment       0x0000000000000000       0x12 ./idt/ints.o
                                         0x13 (size before relaxing)
 .comment       0x0000000000000012       0x13 ./sched/pit.o
 .comment       0x0000000000000012       0x13 ./gdt/gdt.o
 .comment       0x0000000000000012       0x13 ./acpi/acpi.o
 .comment       0x0000000000000012       0x13 ./acpi/rsdt.o
 .comment       0x0000000000000012       0x13 ./mem/paging.o
 .comment       0x0000000000000012       0x13 ./mem/memutils.o
 .comment       0x0000000000000012       0x13 ./mem/heap.o
 .comment       0x0000000000000012       0x13 ./mem/pageframeallocator.o
 .comment       0x0000000000000012       0x13 ./lib/io.o
 .comment       0x0000000000000012       0x13 ./lib/bitmap.o
 .comment       0x0000000000000012       0x13 ./lib/mem.o
 .comment       0x0000000000000012       0x13 ./lib/math.o
 .comment       0x0000000000000012       0x13 ./lib/string.o
 .comment       0x0000000000000012       0x13 ./lib/serial.o
 .comment       0x0000000000000012       0x13 ./terminal/terminal.o
 .comment       0x0000000000000012       0x13 ./panic.o
 .comment       0x0000000000000012       0x13 ./kernel.o
 .comment       0x0000000000000012       0x13 ./task/tss.o
 .comment       0x0000000000000012       0x13 ./graphics/framebuffer.o
 .comment       0x0000000000000012       0x13 ./debug.o

.debug_pubnames
                0x0000000000000000        0x0
 .debug_pubnames
                0x0000000000000000        0x0 ./idt/stubs.o
 .debug_pubnames
                0x0000000000000000        0x0 ./gdt/gdtasm.o

.debug_frame    0x0000000000000000        0x0
 .debug_frame   0x0000000000000000        0x0 ./idt/stubs.o
 .debug_frame   0x0000000000000000        0x0 ./gdt/gdtasm.o

.debug_loc      0x0000000000000000        0x0
 .debug_loc     0x0000000000000000        0x0 ./idt/stubs.o
 .debug_loc     0x0000000000000000        0x0 ./gdt/gdtasm.o
