
Discarded input sections

 .eh_frame      0x0000000000000000       0xe8 ./idt/ints.o
 .eh_frame      0x0000000000000000       0x40 ./idt/idt.o
 .eh_frame      0x0000000000000000       0x38 ./gdt/gdt.o
 .group         0x0000000000000000        0xc ./acpi/acpi.o
 .group         0x0000000000000000        0xc ./acpi/acpi.o
 .eh_frame      0x0000000000000000      0x108 ./acpi/acpi.o
 .eh_frame      0x0000000000000000       0xd0 ./mem/paging.o
 .eh_frame      0x0000000000000000       0x98 ./mem/memutils.o
 .eh_frame      0x0000000000000000      0x150 ./mem/heap.o
 .eh_frame      0x0000000000000000      0x230 ./mem/pageframeallocator.o
 .eh_frame      0x0000000000000000       0x68 ./lib/io.o
 .eh_frame      0x0000000000000000       0x40 ./lib/bitmap.o
 .eh_frame      0x0000000000000000       0x80 ./lib/mem.o
 .eh_frame      0x0000000000000000       0x30 ./lib/math.o
 .eh_frame      0x0000000000000000      0x128 ./lib/string.o
 .eh_frame      0x0000000000000000       0xf0 ./lib/serial.o
 .eh_frame      0x0000000000000000       0xb0 ./terminal/terminal.o
 .eh_frame      0x0000000000000000       0x90 ./panic.o
 .group         0x0000000000000000        0xc ./kernel.o
 .group         0x0000000000000000        0xc ./kernel.o
 .group         0x0000000000000000        0xc ./kernel.o
 .group         0x0000000000000000        0xc ./kernel.o
 .text._ZN6Logger14__internal_logEPcS0_P13__va_list_tag
                0x0000000000000000      0x127 ./kernel.o
 .text._ZN6Logger4infoEPcz
                0x0000000000000000       0x44 ./kernel.o
 .eh_frame      0x0000000000000000      0x198 ./kernel.o
 .eh_frame      0x0000000000000000      0x110 ./graphics/framebuffer.o
 .eh_frame      0x0000000000000000      0x170 ./debug.o

Memory Configuration

Name             Origin             Length             Attributes
*default*        0x0000000000000000 0xffffffffffffffff

Linker script and memory map

LOAD ./idt/ints.o
LOAD ./idt/idt.o
LOAD ./gdt/gdt.o
LOAD ./acpi/acpi.o
LOAD ./acpi/rsdt.o
LOAD ./mem/paging.o
LOAD ./mem/memutils.o
LOAD ./mem/heap.o
LOAD ./mem/pageframeallocator.o
LOAD ./lib/io.o
LOAD ./lib/bitmap.o
LOAD ./lib/mem.o
LOAD ./lib/math.o
LOAD ./lib/string.o
LOAD ./lib/serial.o
LOAD ./terminal/terminal.o
LOAD ./panic.o
LOAD ./kernel.o
LOAD ./graphics/framebuffer.o
LOAD ./debug.o
LOAD ./gdt/gdtasm.o
LOAD font.o
                0xffffffff80000000                . = 0xffffffff80000000

.text           0xffffffff80000000     0x2ebb
 *(.text .text.*)
 .text          0xffffffff80000000       0xc2 ./idt/ints.o
                0xffffffff80000000                pageFaultHandler(interrupt_frame*)
                0xffffffff80000040                doubleFaultHandler(interrupt_frame*)
                0xffffffff80000070                gpFaultHandler(interrupt_frame*)
                0xffffffff800000a0                keyboardInterruptHandler(interrupt_frame*)
                0xffffffff800000b0                mouseInterruptHandler(interrupt_frame*)
                0xffffffff800000c0                pitInterruptHandler(interrupt_frame*)
 *fill*         0xffffffff800000c2        0xe 
 .text          0xffffffff800000d0       0x39 ./idt/idt.o
                0xffffffff800000d0                idt_setOffset(IDTDescEntry*, unsigned long)
                0xffffffff800000f0                idt_getOffset(IDTDescEntry*)
 *fill*         0xffffffff80000109        0x7 
 .text          0xffffffff80000110       0x30 ./gdt/gdt.o
                0xffffffff80000110                gdt_init()
 .text          0xffffffff80000140      0x178 ./acpi/acpi.o
                0xffffffff80000140                doChecksum(ACPISDTHeader*)
                0xffffffff80000170                ACPI::findTable(char*)
                0xffffffff80000220                ACPI::init(Logger*)
 *fill*         0xffffffff800002b8        0x8 
 .text._ZN6Logger14__internal_logEPcS0_P13__va_list_tag
                0xffffffff800002c0      0x127 ./acpi/acpi.o
                0xffffffff800002c0                Logger::__internal_log(char*, char*, __va_list_tag*)
 *fill*         0xffffffff800003e7        0x9 
 .text._ZN6Logger4infoEPcz
                0xffffffff800003f0       0x44 ./acpi/acpi.o
                0xffffffff800003f0                Logger::info(char*, ...)
 .text          0xffffffff80000434        0x0 ./acpi/rsdt.o
 *fill*         0xffffffff80000434        0xc 
 .text          0xffffffff80000440      0x359 ./mem/paging.o
                0xffffffff80000440                PageDirectoryEntry::SetFlag(PT_Flag, bool)
                0xffffffff80000470                PageDirectoryEntry::GetFlag(PT_Flag)
                0xffffffff80000490                PageDirectoryEntry::SetAddress(unsigned long)
                0xffffffff800004c0                PageDirectoryEntry::GetAddress()
                0xffffffff800004d0                PageMapIndexer_From(PageMapIndexer*, unsigned long)
                0xffffffff80000510                PageTable_MapMemory(PageTable*, void*, void*, bool)
 *fill*         0xffffffff80000799        0x7 
 .text          0xffffffff800007a0       0xbb ./mem/memutils.o
                0xffffffff800007a0                getMemoryMappingName(unsigned long)
                0xffffffff800007c0                getMemorySize(limine_memmap_response)
                0xffffffff80000800                getMemoryArealSize(limine_memmap_response)
                0xffffffff80000840                toPhys(unsigned long)
                0xffffffff80000850                toVirt(unsigned long)
 *fill*         0xffffffff8000085b        0x5 
 .text          0xffffffff80000860      0x3cc ./mem/heap.o
                0xffffffff80000860                initHeap(void*, unsigned long)
                0xffffffff800008f0                HeapSegHdr::split(unsigned long)
                0xffffffff80000960                HeapSegHdr::combineForward()
                0xffffffff800009c0                free(void*)
                0xffffffff80000a40                sfree(void*, unsigned long)
                0xffffffff80000a90                expandHeap(unsigned long)
                0xffffffff80000b50                malloc(unsigned long)
                0xffffffff80000be0                HeapSegHdr::combineBackward()
                0xffffffff80000c00                getUsedMem()
 *fill*         0xffffffff80000c2c        0x4 
 .text          0xffffffff80000c30      0x6e9 ./mem/pageframeallocator.o
                0xffffffff80000c30                mem_pageframeallocator_initBitmap(unsigned long, void*)
                0xffffffff80000c80                mem_pageframeallocator_lockPage(void*)
                0xffffffff80000d10                mem_pageframeallocator_requestPage()
                0xffffffff80000dc0                mem_pageframeallocator_lockPageNonAvailable(void*)
                0xffffffff80000e30                mem_pageframeallocator_freePage(void*)
                0xffffffff80000ec0                mem_pageframeallocator_init(limine_memmap_response, limine_hhdm_response*)
                0xffffffff80001190                mem_pageframeallocator_freePages(void*, unsigned long)
                0xffffffff800011e0                mem_pageframeallocator_lockPages(void*, unsigned long)
                0xffffffff80001230                mem_pageframeallocator_lockPagesNonAvailable(void*, unsigned long)
                0xffffffff80001280                mem_getFreeRAM()
                0xffffffff80001290                mem_getUsedRAM()
                0xffffffff800012a0                mem_getTotalRAM()
                0xffffffff800012b0                mem_getMemoryMapSize()
                0xffffffff800012c0                mem_getMemoryMapForAddress(unsigned long)
 *fill*         0xffffffff80001319        0x7 
 .text          0xffffffff80001320       0x35 ./lib/io.o
                0xffffffff80001320                outb(unsigned short, unsigned char)
                0xffffffff80001330                inb(unsigned short)
                0xffffffff80001340                inw(unsigned short)
                0xffffffff80001350                io_wait()
 *fill*         0xffffffff80001355        0xb 
 .text          0xffffffff80001360       0x79 ./lib/bitmap.o
                0xffffffff80001360                Bitmap::get(unsigned long)
                0xffffffff80001390                Bitmap::set(unsigned long, bool)
 *fill*         0xffffffff800013d9        0x7 
 .text          0xffffffff800013e0      0x10b ./lib/mem.o
                0xffffffff800013e0                memcpy(void*, void const*, unsigned long)
                0xffffffff80001410                memset(void*, int, unsigned long)
                0xffffffff80001430                memmove(void*, void const*, unsigned long)
                0xffffffff80001480                memcmp(void const*, void const*, unsigned long)
                0xffffffff800014c0                strlen(unsigned char*)
 *fill*         0xffffffff800014eb        0x5 
 .text          0xffffffff800014f0        0xb ./lib/math.o
                0xffffffff800014f0                abs(long)
 *fill*         0xffffffff800014fb        0x5 
 .text          0xffffffff80001500      0x31b ./lib/string.o
                0xffffffff80001500                itoa(long, char*, long)
                0xffffffff80001590                uitoa(unsigned long, char*, unsigned long)
                0xffffffff80001610                strncmp(char*, char*, unsigned long)
                0xffffffff80001650                FastStringBuilder::FastStringBuilder(int)
                0xffffffff80001650                FastStringBuilder::FastStringBuilder(int)
                0xffffffff80001690                FastStringBuilder::~FastStringBuilder()
                0xffffffff80001690                FastStringBuilder::~FastStringBuilder()
                0xffffffff800016c0                FastStringBuilder::append(char*)
                0xffffffff800016f0                FastStringBuilder::build()
                0xffffffff800017e0                FastStringBuilder::buildAndDestroy()
 *fill*         0xffffffff8000181b        0x5 
 .text          0xffffffff80001820      0x1a5 ./lib/serial.o
                0xffffffff80001820                serial_init()
                0xffffffff800018e0                serial_received()
                0xffffffff80001900                serial_read()
                0xffffffff80001930                is_transmit_empty()
                0xffffffff80001950                serial_write(char)
                0xffffffff80001980                serial_writemany(char*)
 *fill*         0xffffffff800019c5        0xb 
 .text          0xffffffff800019d0      0x16d ./terminal/terminal.o
                0xffffffff800019d0                Terminal::init()
                0xffffffff80001a10                Terminal::writechar(char)
                0xffffffff80001ac0                Terminal::write(char*)
                0xffffffff80001b00                Terminal::writeln(char*)
 *fill*         0xffffffff80001b3d        0x3 
 .text          0xffffffff80001b40      0x146 ./panic.o
                0xffffffff80001b40                traceStackTrace(unsigned int)
                0xffffffff80001ba0                traceStackTraceOnlySerial(unsigned int)
                0xffffffff80001c00                panic(char*)
 *fill*         0xffffffff80001c86        0xa 
 .text          0xffffffff80001c90      0x89e ./kernel.o
                0xffffffff80001c90                setIdtGate(void*, unsigned char, unsigned char, unsigned char)
                0xffffffff80001ce0                initInterrupts(unsigned long)
                0xffffffff80001e10                cpuid(unsigned int, unsigned int*, unsigned int*, unsigned int*, unsigned int*)
                0xffffffff80001e40                sseAvailable()
                0xffffffff80001e60                initSSE()
                0xffffffff80001e80                _start
 *fill*         0xffffffff8000252e        0x2 
 .text._ZN6Logger5errorEPcz
                0xffffffff80002530       0x44 ./kernel.o
                0xffffffff80002530                Logger::error(char*, ...)
 *fill*         0xffffffff80002574        0xc 
 .text._ZN6Logger4warnEPcz
                0xffffffff80002580       0x44 ./kernel.o
                0xffffffff80002580                Logger::warn(char*, ...)
 *fill*         0xffffffff800025c4        0xc 
 .text          0xffffffff800025d0      0x216 ./graphics/framebuffer.o
                0xffffffff800025d0                drawPoint(unsigned int, unsigned int, unsigned int)
                0xffffffff80002600                drawLine(unsigned int, unsigned int, unsigned int, unsigned int, unsigned int)
                0xffffffff80002660                drawHorizontalLine(unsigned int, unsigned int, unsigned int, unsigned int)
                0xffffffff80002690                drawCharBg(unsigned char, unsigned int, unsigned int, unsigned int, unsigned int)
                0xffffffff80002720                drawChar(unsigned char, unsigned int, unsigned int, unsigned int)
                0xffffffff80002730                drawString(unsigned char*, unsigned int, unsigned int, unsigned int)
                0xffffffff80002780                drawStringBg(unsigned char*, unsigned int, unsigned int, unsigned int, unsigned int)
                0xffffffff800027d0                translateToOffset(unsigned int, unsigned int)
 *fill*         0xffffffff800027e6        0xa 
 .text          0xffffffff800027f0      0x6a5 ./debug.o
                0xffffffff800027f0                __write(char*, bool, bool)
                0xffffffff80002990                __writeChar(char, bool, bool)
                0xffffffff80002aa0                _kprintf(char*, bool, bool, __va_list_tag*)
                0xffffffff80002d70                vakprintf(char*, __va_list_tag*)
                0xffffffff80002d80                kprintf(char*, ...)
                0xffffffff80002dd0                vakprintf_both(char*, __va_list_tag*)
                0xffffffff80002df0                kprintf_both(char*, ...)
                0xffffffff80002e40                vakprintf_serial(char*, __va_list_tag*)
                0xffffffff80002e50                kprintf_serial(char*, ...)
 *fill*         0xffffffff80002e95        0xb 
 .text          0xffffffff80002ea0       0x1b ./gdt/gdtasm.o
                0xffffffff80002ea0                loadGDT

.iplt           0xffffffff80002ebb        0x0
 .iplt          0xffffffff80002ebb        0x0 ./idt/ints.o
                0xffffffff80003ebb                . = (. + CONSTANT (MAXPAGESIZE))

.rodata         0xffffffff80003ec0      0xe86
 *(.rodata .rodata.*)
 .rodata.str1.1
                0xffffffff80003ec0       0x3a ./idt/ints.o
 *fill*         0xffffffff80003efa        0x6 
 .rodata.str1.8
                0xffffffff80003f00       0x22 ./idt/ints.o
 .rodata._ZN6Logger14__internal_logEPcS0_P13__va_list_tag.str1.1
                0xffffffff80003f22        0x7 ./acpi/acpi.o
                                          0x9 (size before relaxing)
 .rodata._ZN6Logger4infoEPcz.str1.1
                0xffffffff80003f29        0xf ./acpi/acpi.o
 .rodata.str1.1
                0xffffffff80003f38       0x4f ./acpi/acpi.o
                                         0x54 (size before relaxing)
 *fill*         0xffffffff80003f87        0x1 
 .rodata.str1.8
                0xffffffff80003f88       0x4c ./mem/paging.o
 .rodata.str1.1
                0xffffffff80003fd4       0x22 ./mem/paging.o
 .rodata.str1.1
                0xffffffff80003ff6       0x79 ./mem/memutils.o
 *fill*         0xffffffff8000406f       0x11 
 .rodata        0xffffffff80004080       0x40 ./mem/memutils.o
 .rodata.str1.8
                0xffffffff800040c0      0x173 ./mem/pageframeallocator.o
 .rodata.str1.1
                0xffffffff80004233       0x39 ./mem/pageframeallocator.o
 *fill*         0xffffffff8000426c        0x4 
 .rodata.str1.8
                0xffffffff80004270       0x74 ./lib/string.o
 .rodata.str1.1
                0xffffffff800042e4       0x1e ./lib/string.o
 .rodata.str1.1
                0xffffffff80004302        0x6 ./terminal/terminal.o
 .rodata.str1.1
                0xffffffff80004308       0x3a ./panic.o
                                         0x3d (size before relaxing)
 *fill*         0xffffffff80004342        0x6 
 .rodata.str1.8
                0xffffffff80004348       0x6a ./panic.o
 .rodata._ZN6Logger14__internal_logEPcS0_P13__va_list_tag.str1.1
                0xffffffff800043b2        0x9 ./kernel.o
 .rodata._ZN6Logger5errorEPcz.str1.1
                0xffffffff800043b2        0xf ./kernel.o
 .rodata._ZN6Logger4warnEPcz.str1.1
                0xffffffff800043c1        0xf ./kernel.o
 .rodata._ZN6Logger4infoEPcz.str1.1
                0xffffffff800043d0        0xf ./kernel.o
 .rodata.str1.8
                0xffffffff800043d0      0x31f ./kernel.o
 .rodata.str1.1
                0xffffffff800046ef      0x242 ./kernel.o
                                        0x249 (size before relaxing)
 *fill*         0xffffffff80004931        0x7 
 .rodata        0xffffffff80004938      0x3d0 ./debug.o
 .rodata.str1.8
                0xffffffff80004d08       0x20 ./debug.o
 .rodata.str1.1
                0xffffffff80004d28       0x1e ./debug.o

.rela.dyn       0xffffffff80004d48        0x0
 .rela.got      0xffffffff80004d48        0x0 ./idt/ints.o
 .rela.iplt     0xffffffff80004d48        0x0 ./idt/ints.o
                0xffffffff80005d48                . = (. + CONSTANT (MAXPAGESIZE))

.data           0xffffffff80006000     0x260c
 *(.data .data.*)
 .data          0xffffffff80006000        0x0 ./idt/ints.o
 .data          0xffffffff80006000        0x0 ./idt/idt.o
 .data          0xffffffff80006000     0x1000 ./gdt/gdt.o
                0xffffffff80006000                defaultGDT
 .data          0xffffffff80007000        0x0 ./acpi/acpi.o
 .data          0xffffffff80007000        0x0 ./acpi/rsdt.o
 .data          0xffffffff80007000        0x0 ./mem/paging.o
 .data          0xffffffff80007000        0x0 ./mem/memutils.o
 .data          0xffffffff80007000        0x0 ./mem/heap.o
 .data          0xffffffff80007000        0x0 ./mem/pageframeallocator.o
 .data          0xffffffff80007000        0x0 ./lib/io.o
 .data          0xffffffff80007000        0x0 ./lib/bitmap.o
 .data          0xffffffff80007000        0x0 ./lib/mem.o
 .data          0xffffffff80007000        0x0 ./lib/math.o
 .data          0xffffffff80007000        0x0 ./lib/string.o
 .data          0xffffffff80007000        0x0 ./lib/serial.o
 .data          0xffffffff80007000       0x14 ./terminal/terminal.o
                0xffffffff80007000                gTerminal
 .data          0xffffffff80007014        0x0 ./panic.o
 *fill*         0xffffffff80007014        0xc 
 .data          0xffffffff80007020      0x130 ./kernel.o
 .data          0xffffffff80007150        0x0 ./graphics/framebuffer.o
 .data          0xffffffff80007150        0x0 ./debug.o
 .data          0xffffffff80007150     0x14bc font.o
                0xffffffff80007150                _binary_font_incbin_start
                0xffffffff8000860c                _binary_font_incbin_end

.got            0xffffffff80008610        0x0
 .got           0xffffffff80008610        0x0 ./idt/ints.o

.got.plt        0xffffffff80008610        0x0
 .got.plt       0xffffffff80008610        0x0 ./idt/ints.o

.igot.plt       0xffffffff80008610        0x0
 .igot.plt      0xffffffff80008610        0x0 ./idt/ints.o

.bss            0xffffffff80008610       0xda
 *(COMMON)
 *(.bss .bss.*)
 .bss           0xffffffff80008610        0x0 ./idt/ints.o
 .bss           0xffffffff80008610        0x0 ./idt/idt.o
 .bss           0xffffffff80008610        0xa ./gdt/gdt.o
                0xffffffff80008610                gdtDescriptor
 *fill*         0xffffffff8000861a        0x6 
 .bss           0xffffffff80008620       0x10 ./acpi/acpi.o
                0xffffffff80008620                ACPI::facp
                0xffffffff80008628                ACPI::logger
 .bss           0xffffffff80008630        0x8 ./acpi/rsdt.o
                0xffffffff80008630                gRSDT
 .bss           0xffffffff80008638        0x8 ./mem/paging.o
                0xffffffff80008638                globalPageTable
 .bss           0xffffffff80008640       0x10 ./mem/memutils.o
                0xffffffff80008640                mem_kVirtOffset
                0xffffffff80008648                mem_hhdmOffset
 .bss           0xffffffff80008650       0x18 ./mem/heap.o
                0xffffffff80008650                LastHdr
                0xffffffff80008658                heapEnd
                0xffffffff80008660                heapStart
 *fill*         0xffffffff80008668        0x8 
 .bss           0xffffffff80008670       0x60 ./mem/pageframeallocator.o
                0xffffffff80008670                oomPanics
                0xffffffff80008680                __memmap
                0xffffffff800086a0                mem_pfaBitmap
                0xffffffff800086b0                end
                0xffffffff800086b8                bitmapIdx
                0xffffffff800086c0                mem_usedMemory
                0xffffffff800086c8                mem_freeMemory
 .bss           0xffffffff800086d0        0x0 ./lib/io.o
 .bss           0xffffffff800086d0        0x0 ./lib/bitmap.o
 .bss           0xffffffff800086d0        0x0 ./lib/mem.o
 .bss           0xffffffff800086d0        0x0 ./lib/math.o
 .bss           0xffffffff800086d0        0x0 ./lib/string.o
 .bss           0xffffffff800086d0        0x0 ./lib/serial.o
 .bss           0xffffffff800086d0        0x0 ./terminal/terminal.o
 .bss           0xffffffff800086d0        0x0 ./panic.o
 .bss           0xffffffff800086d0        0xa ./kernel.o
                0xffffffff800086d0                idtr
 *fill*         0xffffffff800086da        0x6 
 .bss           0xffffffff800086e0        0x8 ./graphics/framebuffer.o
                0xffffffff800086e0                gFramebuffer
 .bss           0xffffffff800086e8        0x2 ./debug.o
                0xffffffff800086e8                currentlyReadingColor
                0xffffffff800086e9                currentlyReadingAnything

/DISCARD/
 *(.eh_frame)
 *(.note .note.*)
OUTPUT(kernel.elf elf64-x86-64)

.debug_info     0x0000000000000000     0x9242
 .debug_info    0x0000000000000000      0x29a ./idt/ints.o
 .debug_info    0x000000000000029a      0x1cc ./idt/idt.o
 .debug_info    0x0000000000000466      0x204 ./gdt/gdt.o
 .debug_info    0x000000000000066a     0x104e ./acpi/acpi.o
 .debug_info    0x00000000000016b8      0x1a5 ./acpi/rsdt.o
 .debug_info    0x000000000000185d      0x9e4 ./mem/paging.o
 .debug_info    0x0000000000002241      0x2b7 ./mem/memutils.o
 .debug_info    0x00000000000024f8      0x870 ./mem/heap.o
 .debug_info    0x0000000000002d68      0xd18 ./mem/pageframeallocator.o
 .debug_info    0x0000000000003a80      0x173 ./lib/io.o
 .debug_info    0x0000000000003bf3      0x1f0 ./lib/bitmap.o
 .debug_info    0x0000000000003de3      0x375 ./lib/mem.o
 .debug_info    0x0000000000004158       0xb0 ./lib/math.o
 .debug_info    0x0000000000004208      0x77f ./lib/string.o
 .debug_info    0x0000000000004987      0x46a ./lib/serial.o
 .debug_info    0x0000000000004df1      0x580 ./terminal/terminal.o
 .debug_info    0x0000000000005371      0x439 ./panic.o
 .debug_info    0x00000000000057aa     0x25e1 ./kernel.o
 .debug_info    0x0000000000007d8b      0xa2f ./graphics/framebuffer.o
 .debug_info    0x00000000000087ba      0xa38 ./debug.o
 .debug_info    0x00000000000091f2       0x50 ./gdt/gdtasm.o

.debug_abbrev   0x0000000000000000     0x2b8a
 .debug_abbrev  0x0000000000000000      0x152 ./idt/ints.o
 .debug_abbrev  0x0000000000000152       0xff ./idt/idt.o
 .debug_abbrev  0x0000000000000251       0xf8 ./gdt/gdt.o
 .debug_abbrev  0x0000000000000349      0x4ed ./acpi/acpi.o
 .debug_abbrev  0x0000000000000836       0xc5 ./acpi/rsdt.o
 .debug_abbrev  0x00000000000008fb      0x318 ./mem/paging.o
 .debug_abbrev  0x0000000000000c13      0x131 ./mem/memutils.o
 .debug_abbrev  0x0000000000000d44      0x34f ./mem/heap.o
 .debug_abbrev  0x0000000000001093      0x367 ./mem/pageframeallocator.o
 .debug_abbrev  0x00000000000013fa       0xc2 ./lib/io.o
 .debug_abbrev  0x00000000000014bc      0x14f ./lib/bitmap.o
 .debug_abbrev  0x000000000000160b      0x128 ./lib/mem.o
 .debug_abbrev  0x0000000000001733       0x74 ./lib/math.o
 .debug_abbrev  0x00000000000017a7      0x2d7 ./lib/string.o
 .debug_abbrev  0x0000000000001a7e      0x198 ./lib/serial.o
 .debug_abbrev  0x0000000000001c16      0x247 ./terminal/terminal.o
 .debug_abbrev  0x0000000000001e5d      0x1cc ./panic.o
 .debug_abbrev  0x0000000000002029      0x5d3 ./kernel.o
 .debug_abbrev  0x00000000000025fc      0x2a3 ./graphics/framebuffer.o
 .debug_abbrev  0x000000000000289f      0x2d0 ./debug.o
 .debug_abbrev  0x0000000000002b6f       0x1b ./gdt/gdtasm.o

.debug_aranges  0x0000000000000000      0x440
 .debug_aranges
                0x0000000000000000       0x30 ./idt/ints.o
 .debug_aranges
                0x0000000000000030       0x30 ./idt/idt.o
 .debug_aranges
                0x0000000000000060       0x30 ./gdt/gdt.o
 .debug_aranges
                0x0000000000000090       0x50 ./acpi/acpi.o
 .debug_aranges
                0x00000000000000e0       0x20 ./acpi/rsdt.o
 .debug_aranges
                0x0000000000000100       0x30 ./mem/paging.o
 .debug_aranges
                0x0000000000000130       0x30 ./mem/memutils.o
 .debug_aranges
                0x0000000000000160       0x30 ./mem/heap.o
 .debug_aranges
                0x0000000000000190       0x30 ./mem/pageframeallocator.o
 .debug_aranges
                0x00000000000001c0       0x30 ./lib/io.o
 .debug_aranges
                0x00000000000001f0       0x30 ./lib/bitmap.o
 .debug_aranges
                0x0000000000000220       0x30 ./lib/mem.o
 .debug_aranges
                0x0000000000000250       0x30 ./lib/math.o
 .debug_aranges
                0x0000000000000280       0x30 ./lib/string.o
 .debug_aranges
                0x00000000000002b0       0x30 ./lib/serial.o
 .debug_aranges
                0x00000000000002e0       0x30 ./terminal/terminal.o
 .debug_aranges
                0x0000000000000310       0x30 ./panic.o
 .debug_aranges
                0x0000000000000340       0x70 ./kernel.o
 .debug_aranges
                0x00000000000003b0       0x30 ./graphics/framebuffer.o
 .debug_aranges
                0x00000000000003e0       0x30 ./debug.o
 .debug_aranges
                0x0000000000000410       0x30 ./gdt/gdtasm.o

.debug_line     0x0000000000000000     0x35a4
 .debug_line    0x0000000000000000      0x107 ./idt/ints.o
 .debug_line    0x0000000000000107       0xa3 ./idt/idt.o
 .debug_line    0x00000000000001aa       0x91 ./gdt/gdt.o
 .debug_line    0x000000000000023b      0x3c3 ./acpi/acpi.o
 .debug_line    0x00000000000005fe       0x56 ./acpi/rsdt.o
 .debug_line    0x0000000000000654      0x3fb ./mem/paging.o
 .debug_line    0x0000000000000a4f      0x100 ./mem/memutils.o
 .debug_line    0x0000000000000b4f      0x4d1 ./mem/heap.o
 .debug_line    0x0000000000001020      0x64d ./mem/pageframeallocator.o
 .debug_line    0x000000000000166d       0x85 ./lib/io.o
 .debug_line    0x00000000000016f2       0xf0 ./lib/bitmap.o
 .debug_line    0x00000000000017e2      0x1e2 ./lib/mem.o
 .debug_line    0x00000000000019c4       0x62 ./lib/math.o
 .debug_line    0x0000000000001a26      0x3d7 ./lib/string.o
 .debug_line    0x0000000000001dfd      0x1d3 ./lib/serial.o
 .debug_line    0x0000000000001fd0      0x1ca ./terminal/terminal.o
 .debug_line    0x000000000000219a      0x1bc ./panic.o
 .debug_line    0x0000000000002356      0x9f3 ./kernel.o
 .debug_line    0x0000000000002d49      0x30a ./graphics/framebuffer.o
 .debug_line    0x0000000000003053      0x506 ./debug.o
 .debug_line    0x0000000000003559       0x4b ./gdt/gdtasm.o

.debug_str      0x0000000000000000     0x1e69
 .debug_str     0x0000000000000000      0x2fe ./idt/ints.o
                                        0x34a (size before relaxing)
 .debug_str     0x00000000000002fe       0xab ./idt/idt.o
                                        0x243 (size before relaxing)
 .debug_str     0x00000000000003a9      0x180 ./gdt/gdt.o
                                        0x20a (size before relaxing)
 .debug_str     0x0000000000000529      0x8bc ./acpi/acpi.o
                                        0xb57 (size before relaxing)
 .debug_str     0x0000000000000de5      0x20b ./acpi/rsdt.o
 .debug_str     0x0000000000000de5      0x100 ./mem/paging.o
                                        0x469 (size before relaxing)
 .debug_str     0x0000000000000ee5      0x121 ./mem/memutils.o
                                        0x29e (size before relaxing)
 .debug_str     0x0000000000001006      0x186 ./mem/heap.o
                                        0x569 (size before relaxing)
 .debug_str     0x000000000000118c      0x479 ./mem/pageframeallocator.o
                                        0x7bc (size before relaxing)
 .debug_str     0x0000000000001605       0x2b ./lib/io.o
                                        0x198 (size before relaxing)
 .debug_str     0x0000000000001630       0x15 ./lib/bitmap.o
                                        0x1e3 (size before relaxing)
 .debug_str     0x0000000000001645       0x66 ./lib/mem.o
                                        0x1f3 (size before relaxing)
 .debug_str     0x00000000000016ab        0x8 ./lib/math.o
                                        0x13f (size before relaxing)
 .debug_str     0x00000000000016b3       0x7a ./lib/string.o
                                        0x3cc (size before relaxing)
 .debug_str     0x000000000000172d       0xcf ./lib/serial.o
                                        0x23b (size before relaxing)
 .debug_str     0x00000000000017fc      0x190 ./terminal/terminal.o
                                        0x38a (size before relaxing)
 .debug_str     0x000000000000198c       0x81 ./panic.o
                                        0x301 (size before relaxing)
 .debug_str     0x0000000000001a0d      0x272 ./kernel.o
                                       0x1166 (size before relaxing)
 .debug_str     0x0000000000001c7f      0x139 ./graphics/framebuffer.o
                                        0x394 (size before relaxing)
 .debug_str     0x0000000000001db8       0xb1 ./debug.o
                                        0x4ef (size before relaxing)

.debug_line_str
                0x0000000000000000      0x3c2
 .debug_line_str
                0x0000000000000000       0x9c ./idt/ints.o
                                         0xc6 (size before relaxing)
 .debug_line_str
                0x000000000000009c       0x12 ./idt/idt.o
                                         0xab (size before relaxing)
 .debug_line_str
                0x00000000000000ae       0x21 ./gdt/gdt.o
                                         0xab (size before relaxing)
 .debug_line_str
                0x00000000000000cf       0xe9 ./acpi/acpi.o
                                        0x185 (size before relaxing)
 .debug_line_str
                0x00000000000001b8        0xe ./acpi/rsdt.o
                                         0xb9 (size before relaxing)
 .debug_line_str
                0x00000000000001c6       0x5c ./mem/paging.o
                                        0x130 (size before relaxing)
 .debug_line_str
                0x0000000000000222       0x25 ./mem/memutils.o
                                         0xcf (size before relaxing)
 .debug_line_str
                0x0000000000000247        0xd ./mem/heap.o
                                         0xf3 (size before relaxing)
 .debug_line_str
                0x0000000000000254       0x24 ./mem/pageframeallocator.o
                                        0x11b (size before relaxing)
 .debug_line_str
                0x0000000000000278        0xb ./lib/io.o
                                         0x97 (size before relaxing)
 .debug_line_str
                0x0000000000000283        0xf ./lib/bitmap.o
                                         0xac (size before relaxing)
 .debug_line_str
                0x0000000000000292        0xc ./lib/mem.o
                                         0xa3 (size before relaxing)
 .debug_line_str
                0x000000000000029e        0xd ./lib/math.o
                                         0x9d (size before relaxing)
 .debug_line_str
                0x00000000000002ab       0x2d ./lib/string.o
                                         0xeb (size before relaxing)
 .debug_line_str
                0x00000000000002d8        0xf ./lib/serial.o
                                         0xa8 (size before relaxing)
 .debug_line_str
                0x00000000000002e7       0x71 ./terminal/terminal.o
                                        0x135 (size before relaxing)
 .debug_line_str
                0x0000000000000358        0xa ./panic.o
                                         0xc4 (size before relaxing)
 .debug_line_str
                0x0000000000000362       0x3d ./kernel.o
                                        0x1d2 (size before relaxing)
 .debug_line_str
                0x000000000000039f       0x19 ./graphics/framebuffer.o
                                         0xef (size before relaxing)
 .debug_line_str
                0x00000000000003b8        0xa ./debug.o
                                         0xf5 (size before relaxing)

.comment        0x0000000000000000       0x12
 .comment       0x0000000000000000       0x12 ./idt/ints.o
                                         0x13 (size before relaxing)
 .comment       0x0000000000000012       0x13 ./idt/idt.o
 .comment       0x0000000000000012       0x13 ./gdt/gdt.o
 .comment       0x0000000000000012       0x13 ./acpi/acpi.o
 .comment       0x0000000000000012       0x13 ./acpi/rsdt.o
 .comment       0x0000000000000012       0x13 ./mem/paging.o
 .comment       0x0000000000000012       0x13 ./mem/memutils.o
 .comment       0x0000000000000012       0x13 ./mem/heap.o
 .comment       0x0000000000000012       0x13 ./mem/pageframeallocator.o
 .comment       0x0000000000000012       0x13 ./lib/io.o
 .comment       0x0000000000000012       0x13 ./lib/bitmap.o
 .comment       0x0000000000000012       0x13 ./lib/mem.o
 .comment       0x0000000000000012       0x13 ./lib/math.o
 .comment       0x0000000000000012       0x13 ./lib/string.o
 .comment       0x0000000000000012       0x13 ./lib/serial.o
 .comment       0x0000000000000012       0x13 ./terminal/terminal.o
 .comment       0x0000000000000012       0x13 ./panic.o
 .comment       0x0000000000000012       0x13 ./kernel.o
 .comment       0x0000000000000012       0x13 ./graphics/framebuffer.o
 .comment       0x0000000000000012       0x13 ./debug.o

.debug_loclists
                0x0000000000000000     0x3000
 .debug_loclists
                0x0000000000000000       0x7f ./idt/idt.o
 .debug_loclists
                0x000000000000007f      0x2ca ./acpi/acpi.o
 .debug_loclists
                0x0000000000000349      0x71d ./mem/paging.o
 .debug_loclists
                0x0000000000000a66       0x99 ./mem/memutils.o
 .debug_loclists
                0x0000000000000aff      0x47f ./mem/heap.o
 .debug_loclists
                0x0000000000000f7e      0x70c ./mem/pageframeallocator.o
 .debug_loclists
                0x000000000000168a       0x1c ./lib/io.o
 .debug_loclists
                0x00000000000016a6       0x8b ./lib/bitmap.o
 .debug_loclists
                0x0000000000001731      0x17c ./lib/mem.o
 .debug_loclists
                0x00000000000018ad      0x347 ./lib/string.o
 .debug_loclists
                0x0000000000001bf4       0x49 ./lib/serial.o
 .debug_loclists
                0x0000000000001c3d      0x12e ./terminal/terminal.o
 .debug_loclists
                0x0000000000001d6b       0xbc ./panic.o
 .debug_loclists
                0x0000000000001e27      0x823 ./kernel.o
 .debug_loclists
                0x000000000000264a      0x58d ./graphics/framebuffer.o
 .debug_loclists
                0x0000000000002bd7      0x429 ./debug.o

.debug_rnglists
                0x0000000000000000      0x528
 .debug_rnglists
                0x0000000000000000       0x66 ./acpi/acpi.o
 .debug_rnglists
                0x0000000000000066       0xb4 ./mem/paging.o
 .debug_rnglists
                0x000000000000011a       0x2c ./mem/memutils.o
 .debug_rnglists
                0x0000000000000146       0x5e ./mem/heap.o
 .debug_rnglists
                0x00000000000001a4       0x9e ./mem/pageframeallocator.o
 .debug_rnglists
                0x0000000000000242       0x13 ./lib/mem.o
 .debug_rnglists
                0x0000000000000255       0x3d ./lib/string.o
 .debug_rnglists
                0x0000000000000292       0x17 ./lib/serial.o
 .debug_rnglists
                0x00000000000002a9       0x15 ./terminal/terminal.o
 .debug_rnglists
                0x00000000000002be      0x156 ./kernel.o
 .debug_rnglists
                0x0000000000000414       0xa9 ./graphics/framebuffer.o
 .debug_rnglists
                0x00000000000004bd       0x6b ./debug.o

.debug_pubnames
                0x0000000000000000        0x0
 .debug_pubnames
                0x0000000000000000        0x0 ./gdt/gdtasm.o

.debug_frame    0x0000000000000000        0x0
 .debug_frame   0x0000000000000000        0x0 ./gdt/gdtasm.o

.debug_loc      0x0000000000000000        0x0
 .debug_loc     0x0000000000000000        0x0 ./gdt/gdtasm.o
