
Discarded input sections

 .eh_frame      0x0000000000000000       0xe8 ./idt/ints.o
 .eh_frame      0x0000000000000000       0x40 ./idt/idt.o
 .eh_frame      0x0000000000000000       0x38 ./gdt/gdt.o
 .eh_frame      0x0000000000000000       0xb8 ./mem/paging.o
 .eh_frame      0x0000000000000000       0x50 ./mem/memutils.o
 .eh_frame      0x0000000000000000      0x248 ./mem/pageframeallocator.o
 .eh_frame      0x0000000000000000       0x58 ./lib/io.o
 .eh_frame      0x0000000000000000       0x40 ./lib/bitmap.o
 .eh_frame      0x0000000000000000       0x80 ./lib/mem.o
 .eh_frame      0x0000000000000000       0x30 ./lib/math.o
 .eh_frame      0x0000000000000000       0x40 ./lib/string.o
 .eh_frame      0x0000000000000000       0xf0 ./lib/serial.o
 .eh_frame      0x0000000000000000       0xa8 ./terminal/terminal.o
 .eh_frame      0x0000000000000000       0x90 ./panic.o
 .eh_frame      0x0000000000000000       0x90 ./kernel.o
 .eh_frame      0x0000000000000000      0x110 ./graphics/framebuffer.o
 .eh_frame      0x0000000000000000      0x110 ./debug.o

Memory Configuration

Name             Origin             Length             Attributes
*default*        0x0000000000000000 0xffffffffffffffff

Linker script and memory map

LOAD ./idt/ints.o
LOAD ./idt/idt.o
LOAD ./gdt/gdt.o
LOAD ./mem/paging.o
LOAD ./mem/memutils.o
LOAD ./mem/pageframeallocator.o
LOAD ./lib/io.o
LOAD ./lib/bitmap.o
LOAD ./lib/mem.o
LOAD ./lib/math.o
LOAD ./lib/string.o
LOAD ./lib/serial.o
LOAD ./terminal/terminal.o
LOAD ./panic.o
LOAD ./kernel.o
LOAD ./graphics/framebuffer.o
LOAD ./debug.o
LOAD ./gdt/gdtasm.o
LOAD font.o
                0xffffffff80000000                . = 0xffffffff80000000

.text           0xffffffff80000000     0x1eab
 *(.text .text.*)
 .text          0xffffffff80000000       0xb2 ./idt/ints.o
                0xffffffff80000000                pageFaultHandler(interrupt_frame*)
                0xffffffff80000030                doubleFaultHandler(interrupt_frame*)
                0xffffffff80000060                gpFaultHandler(interrupt_frame*)
                0xffffffff80000090                keyboardInterruptHandler(interrupt_frame*)
                0xffffffff800000a0                mouseInterruptHandler(interrupt_frame*)
                0xffffffff800000b0                pitInterruptHandler(interrupt_frame*)
 *fill*         0xffffffff800000b2        0xe 
 .text          0xffffffff800000c0       0x39 ./idt/idt.o
                0xffffffff800000c0                idt_setOffset(IDTDescEntry*, unsigned long)
                0xffffffff800000e0                idt_getOffset(IDTDescEntry*)
 *fill*         0xffffffff800000f9        0x7 
 .text          0xffffffff80000100       0x30 ./gdt/gdt.o
                0xffffffff80000100                gdt_init()
 .text          0xffffffff80000130      0x2d6 ./mem/paging.o
                0xffffffff80000130                PageDirectoryEntry_SetFlag(PageDirectoryEntry*, PT_Flag, bool)
                0xffffffff80000160                PageDirectoryEntry_GetFlag(PageDirectoryEntry*, PT_Flag)
                0xffffffff80000180                PageDirectoryEntry_SetAddress(PageDirectoryEntry*, unsigned long)
                0xffffffff800001b0                PageDirectoryEntry_GetAddress(PageDirectoryEntry*)
                0xffffffff800001c0                PageMapIndexer_From(PageMapIndexer*, unsigned long)
                0xffffffff80000200                PageTable_MapMemory(PageTable*, void*, void*)
 *fill*         0xffffffff80000406        0xa 
 .text          0xffffffff80000410       0x59 ./mem/memutils.o
                0xffffffff80000410                getMemoryMappingName(unsigned long)
                0xffffffff80000430                getMemorySize(limine_memmap_response)
 *fill*         0xffffffff80000469        0x7 
 .text          0xffffffff80000470      0x656 ./mem/pageframeallocator.o
                0xffffffff80000470                mem_pageframeallocator_initBitmap(unsigned long, void*)
                0xffffffff800004b0                mem_pageframeallocator_freePage(void*)
                0xffffffff80000530                mem_pageframeallocator_freePages(void*, unsigned long)
                0xffffffff80000580                mem_pageframeallocator_lockPage(void*)
                0xffffffff800005f0                mem_pageframeallocator_requestPage()
                0xffffffff800006a0                mem_pageframeallocator_lockPages(void*, unsigned long)
                0xffffffff800006f0                mem_pageframeallocator_unreservePage(void*)
                0xffffffff80000770                mem_pageframeallocator_unreservePages(void*, unsigned long)
                0xffffffff800007c0                mem_pageframeallocator_reservePage(void*)
                0xffffffff80000830                mem_pageframeallocator_init(limine_memmap_response)
                0xffffffff80000a30                mem_pageframeallocator_reservePages(void*, unsigned long)
                0xffffffff80000a80                mem_getFreeRAM()
                0xffffffff80000a90                mem_getUsedRAM()
                0xffffffff80000aa0                mem_getReservedRAM()
                0xffffffff80000ab0                mem_getTotalRAM()
 *fill*         0xffffffff80000ac6        0xa 
 .text          0xffffffff80000ad0       0x25 ./lib/io.o
                0xffffffff80000ad0                outb(unsigned short, unsigned char)
                0xffffffff80000ae0                inb(unsigned short)
                0xffffffff80000af0                io_wait()
 *fill*         0xffffffff80000af5        0xb 
 .text          0xffffffff80000b00       0x79 ./lib/bitmap.o
                0xffffffff80000b00                Bitmap::get(unsigned long)
                0xffffffff80000b30                Bitmap::set(unsigned long, bool)
 *fill*         0xffffffff80000b79        0x7 
 .text          0xffffffff80000b80      0x10b ./lib/mem.o
                0xffffffff80000b80                memcpy(void*, void const*, unsigned long)
                0xffffffff80000bb0                memset(void*, int, unsigned long)
                0xffffffff80000bd0                memmove(void*, void const*, unsigned long)
                0xffffffff80000c20                memcmp(void const*, void const*, unsigned long)
                0xffffffff80000c60                strlen(unsigned char*)
 *fill*         0xffffffff80000c8b        0x5 
 .text          0xffffffff80000c90        0xb ./lib/math.o
                0xffffffff80000c90                abs(long)
 *fill*         0xffffffff80000c9b        0x5 
 .text          0xffffffff80000ca0      0x108 ./lib/string.o
                0xffffffff80000ca0                itoa(long, char*, long)
                0xffffffff80000d30                uitoa(unsigned long, char*, unsigned long)
 *fill*         0xffffffff80000da8        0x8 
 .text          0xffffffff80000db0      0x1a5 ./lib/serial.o
                0xffffffff80000db0                serial_init()
                0xffffffff80000e70                serial_received()
                0xffffffff80000e90                serial_read()
                0xffffffff80000ec0                is_transmit_empty()
                0xffffffff80000ee0                serial_write(char)
                0xffffffff80000f10                serial_writemany(char*)
 *fill*         0xffffffff80000f55        0xb 
 .text          0xffffffff80000f60      0x199 ./terminal/terminal.o
                0xffffffff80000f60                terminalInit()
                0xffffffff80000fa0                terminalWriteChar(char)
                0xffffffff80001090                terminalWrite(char*)
                0xffffffff800010c0                terminalWriteln(char*)
 *fill*         0xffffffff800010f9        0x7 
 .text          0xffffffff80001100      0x146 ./panic.o
                0xffffffff80001100                traceStackTrace(unsigned int)
                0xffffffff80001160                traceStackTraceOnlySerial(unsigned int)
                0xffffffff800011c0                panic(char*)
 *fill*         0xffffffff80001246        0xa 
 .text          0xffffffff80001250      0x403 ./kernel.o
                0xffffffff80001250                setIdtGate(void*, unsigned char, unsigned char, unsigned char)
                0xffffffff800012a0                initInterrupts(unsigned long)
                0xffffffff800013d0                _start
 *fill*         0xffffffff80001653        0xd 
 .text          0xffffffff80001660      0x216 ./graphics/framebuffer.o
                0xffffffff80001660                drawPoint(unsigned int, unsigned int, unsigned int)
                0xffffffff80001690                drawLine(unsigned int, unsigned int, unsigned int, unsigned int, unsigned int)
                0xffffffff800016f0                drawHorizontalLine(unsigned int, unsigned int, unsigned int, unsigned int)
                0xffffffff80001720                drawCharBg(unsigned char, unsigned int, unsigned int, unsigned int, unsigned int)
                0xffffffff800017b0                drawChar(unsigned char, unsigned int, unsigned int, unsigned int)
                0xffffffff800017c0                drawString(unsigned char*, unsigned int, unsigned int, unsigned int)
                0xffffffff80001810                drawStringBg(unsigned char*, unsigned int, unsigned int, unsigned int, unsigned int)
                0xffffffff80001860                translateToOffset(unsigned int, unsigned int)
 *fill*         0xffffffff80001876        0xa 
 .text          0xffffffff80001880      0x605 ./debug.o
                0xffffffff80001880                __write(char*, bool, bool)
                0xffffffff800018e0                __writeChar(char, bool, bool)
                0xffffffff80001920                _kprintf(char*, bool, bool, __va_list_tag*)
                0xffffffff80001da0                kprintf(char*, ...)
                0xffffffff80001df0                kprintf_both(char*, ...)
                0xffffffff80001e40                kprintf_serial(char*, ...)
 *fill*         0xffffffff80001e85        0xb 
 .text          0xffffffff80001e90       0x1b ./gdt/gdtasm.o
                0xffffffff80001e90                loadGDT

.iplt           0xffffffff80001eab        0x0
 .iplt          0xffffffff80001eab        0x0 ./idt/ints.o
                0xffffffff80002eab                . = (. + CONSTANT (MAXPAGESIZE))

.rodata         0xffffffff80002ec0      0x6d0
 *(.rodata .rodata.*)
 .rodata.str1.1
                0xffffffff80002ec0       0x2a ./idt/ints.o
 *fill*         0xffffffff80002eea        0x6 
 .rodata.str1.8
                0xffffffff80002ef0       0x22 ./idt/ints.o
 *fill*         0xffffffff80002f12        0x6 
 .rodata.str1.8
                0xffffffff80002f18       0x42 ./mem/paging.o
 .rodata.str1.1
                0xffffffff80002f5a       0x79 ./mem/memutils.o
 *fill*         0xffffffff80002fd3        0xd 
 .rodata        0xffffffff80002fe0       0x40 ./mem/memutils.o
 .rodata.str1.1
                0xffffffff80003020       0x33 ./mem/pageframeallocator.o
 *fill*         0xffffffff80003053        0x5 
 .rodata.str1.8
                0xffffffff80003058       0x2d ./mem/pageframeallocator.o
 *fill*         0xffffffff80003085        0x3 
 .rodata.str1.8
                0xffffffff80003088       0x48 ./lib/string.o
 .rodata.str1.1
                0xffffffff800030d0       0x3a ./panic.o
                                         0x3d (size before relaxing)
 *fill*         0xffffffff8000310a        0x6 
 .rodata.str1.8
                0xffffffff80003110       0x6a ./panic.o
 *fill*         0xffffffff8000317a        0x6 
 .rodata.str1.8
                0xffffffff80003180      0x163 ./kernel.o
 .rodata.str1.1
                0xffffffff800032e3       0xc9 ./kernel.o
 *fill*         0xffffffff800033ac        0x4 
 .rodata.str1.8
                0xffffffff800033b0       0x20 ./debug.o
 .rodata.str1.1
                0xffffffff800033d0       0x1e ./debug.o
 *fill*         0xffffffff800033ee        0x2 
 .rodata        0xffffffff800033f0      0x1a0 ./debug.o

.rela.dyn       0xffffffff80003590        0x0
 .rela.got      0xffffffff80003590        0x0 ./idt/ints.o
 .rela.iplt     0xffffffff80003590        0x0 ./idt/ints.o
                0xffffffff80004590                . = (. + CONSTANT (MAXPAGESIZE))

.data           0xffffffff80005000     0x254c
 *(.data .data.*)
 .data          0xffffffff80005000        0x0 ./idt/ints.o
 .data          0xffffffff80005000        0x0 ./idt/idt.o
 .data          0xffffffff80005000     0x1000 ./gdt/gdt.o
                0xffffffff80005000                defaultGDT
 .data          0xffffffff80006000        0x0 ./mem/paging.o
 .data          0xffffffff80006000        0x0 ./mem/memutils.o
 .data          0xffffffff80006000        0x0 ./mem/pageframeallocator.o
 .data          0xffffffff80006000        0x0 ./lib/io.o
 .data          0xffffffff80006000        0x0 ./lib/bitmap.o
 .data          0xffffffff80006000        0x0 ./lib/mem.o
 .data          0xffffffff80006000        0x0 ./lib/math.o
 .data          0xffffffff80006000        0x0 ./lib/string.o
 .data          0xffffffff80006000        0x0 ./lib/serial.o
 .data          0xffffffff80006000        0x4 ./terminal/terminal.o
                0xffffffff80006000                terminal_color
 .data          0xffffffff80006004        0x0 ./panic.o
 *fill*         0xffffffff80006004       0x1c 
 .data          0xffffffff80006020       0x70 ./kernel.o
 .data          0xffffffff80006090        0x0 ./graphics/framebuffer.o
 .data          0xffffffff80006090        0x0 ./debug.o
 .data          0xffffffff80006090     0x14bc font.o
                0xffffffff80006090                _binary_font_incbin_start
                0xffffffff8000754c                _binary_font_incbin_end

.got            0xffffffff80007550        0x0
 .got           0xffffffff80007550        0x0 ./idt/ints.o

.got.plt        0xffffffff80007550        0x0
 .got.plt       0xffffffff80007550        0x0 ./idt/ints.o

.igot.plt       0xffffffff80007550        0x0
 .igot.plt      0xffffffff80007550        0x0 ./idt/ints.o

.bss            0xffffffff80007560    0x28088
 *(COMMON)
 *(.bss .bss.*)
 .bss           0xffffffff80007560        0x0 ./idt/ints.o
 .bss           0xffffffff80007560        0x0 ./idt/idt.o
 .bss           0xffffffff80007560        0xa ./gdt/gdt.o
                0xffffffff80007560                gdtDescriptor
 *fill*         0xffffffff8000756a        0x6 
 .bss           0xffffffff80007570        0x8 ./mem/paging.o
                0xffffffff80007570                globalPageTable
 .bss           0xffffffff80007578        0x0 ./mem/memutils.o
 *fill*         0xffffffff80007578        0x8 
 .bss           0xffffffff80007580       0x30 ./mem/pageframeallocator.o
                0xffffffff80007580                mem_pfaBitmap
                0xffffffff80007590                bitmapIdx
                0xffffffff80007598                mem_usedMemory
                0xffffffff800075a0                mem_reservedMemory
                0xffffffff800075a8                mem_freeMemory
 .bss           0xffffffff800075b0        0x0 ./lib/io.o
 .bss           0xffffffff800075b0        0x0 ./lib/bitmap.o
 .bss           0xffffffff800075b0        0x0 ./lib/mem.o
 .bss           0xffffffff800075b0        0x0 ./lib/math.o
 .bss           0xffffffff800075b0        0x0 ./lib/string.o
 .bss           0xffffffff800075b0        0x0 ./lib/serial.o
 *fill*         0xffffffff800075b0       0x10 
 .bss           0xffffffff800075c0    0x28010 ./terminal/terminal.o
                0xffffffff800075c0                colorBuffer
                0xffffffff800275c0                buffer
                0xffffffff8002f5c0                terminal_maxLines
                0xffffffff8002f5c4                terminal_charsPerLine
                0xffffffff8002f5c8                terminal_charY
                0xffffffff8002f5cc                terminal_charX
 .bss           0xffffffff8002f5d0        0x0 ./panic.o
 .bss           0xffffffff8002f5d0        0xa ./kernel.o
                0xffffffff8002f5d0                idtr
 *fill*         0xffffffff8002f5da        0x6 
 .bss           0xffffffff8002f5e0        0x8 ./graphics/framebuffer.o
                0xffffffff8002f5e0                fb
 .bss           0xffffffff8002f5e8        0x0 ./debug.o

/DISCARD/
 *(.eh_frame)
 *(.note .note.*)
OUTPUT(kernel.elf elf64-x86-64)

.debug_info     0x0000000000000000     0x557a
 .debug_info    0x0000000000000000      0x256 ./idt/ints.o
 .debug_info    0x0000000000000256      0x1c5 ./idt/idt.o
 .debug_info    0x000000000000041b      0x204 ./gdt/gdt.o
 .debug_info    0x000000000000061f      0x8b0 ./mem/paging.o
 .debug_info    0x0000000000000ecf      0x1ab ./mem/memutils.o
 .debug_info    0x000000000000107a      0xc46 ./mem/pageframeallocator.o
 .debug_info    0x0000000000001cc0      0x12f ./lib/io.o
 .debug_info    0x0000000000001def      0x1f0 ./lib/bitmap.o
 .debug_info    0x0000000000001fdf      0x375 ./lib/mem.o
 .debug_info    0x0000000000002354       0xb0 ./lib/math.o
 .debug_info    0x0000000000002404      0x20f ./lib/string.o
 .debug_info    0x0000000000002613      0x46a ./lib/serial.o
 .debug_info    0x0000000000002a7d      0x49f ./terminal/terminal.o
 .debug_info    0x0000000000002f1c      0x37a ./panic.o
 .debug_info    0x0000000000003296      0xeed ./kernel.o
 .debug_info    0x0000000000004183      0xa2a ./graphics/framebuffer.o
 .debug_info    0x0000000000004bad      0x97d ./debug.o
 .debug_info    0x000000000000552a       0x50 ./gdt/gdtasm.o

.debug_abbrev   0x0000000000000000     0x1b9a
 .debug_abbrev  0x0000000000000000      0x13f ./idt/ints.o
 .debug_abbrev  0x000000000000013f       0xff ./idt/idt.o
 .debug_abbrev  0x000000000000023e       0xf8 ./gdt/gdt.o
 .debug_abbrev  0x0000000000000336      0x2c0 ./mem/paging.o
 .debug_abbrev  0x00000000000005f6      0x105 ./mem/memutils.o
 .debug_abbrev  0x00000000000006fb      0x31e ./mem/pageframeallocator.o
 .debug_abbrev  0x0000000000000a19       0xc0 ./lib/io.o
 .debug_abbrev  0x0000000000000ad9      0x14f ./lib/bitmap.o
 .debug_abbrev  0x0000000000000c28      0x128 ./lib/mem.o
 .debug_abbrev  0x0000000000000d50       0x74 ./lib/math.o
 .debug_abbrev  0x0000000000000dc4       0xe2 ./lib/string.o
 .debug_abbrev  0x0000000000000ea6      0x198 ./lib/serial.o
 .debug_abbrev  0x000000000000103e      0x1a9 ./terminal/terminal.o
 .debug_abbrev  0x00000000000011e7      0x169 ./panic.o
 .debug_abbrev  0x0000000000001350      0x31b ./kernel.o
 .debug_abbrev  0x000000000000166b      0x2b8 ./graphics/framebuffer.o
 .debug_abbrev  0x0000000000001923      0x25c ./debug.o
 .debug_abbrev  0x0000000000001b7f       0x1b ./gdt/gdtasm.o

.debug_aranges  0x0000000000000000      0x360
 .debug_aranges
                0x0000000000000000       0x30 ./idt/ints.o
 .debug_aranges
                0x0000000000000030       0x30 ./idt/idt.o
 .debug_aranges
                0x0000000000000060       0x30 ./gdt/gdt.o
 .debug_aranges
                0x0000000000000090       0x30 ./mem/paging.o
 .debug_aranges
                0x00000000000000c0       0x30 ./mem/memutils.o
 .debug_aranges
                0x00000000000000f0       0x30 ./mem/pageframeallocator.o
 .debug_aranges
                0x0000000000000120       0x30 ./lib/io.o
 .debug_aranges
                0x0000000000000150       0x30 ./lib/bitmap.o
 .debug_aranges
                0x0000000000000180       0x30 ./lib/mem.o
 .debug_aranges
                0x00000000000001b0       0x30 ./lib/math.o
 .debug_aranges
                0x00000000000001e0       0x30 ./lib/string.o
 .debug_aranges
                0x0000000000000210       0x30 ./lib/serial.o
 .debug_aranges
                0x0000000000000240       0x30 ./terminal/terminal.o
 .debug_aranges
                0x0000000000000270       0x30 ./panic.o
 .debug_aranges
                0x00000000000002a0       0x30 ./kernel.o
 .debug_aranges
                0x00000000000002d0       0x30 ./graphics/framebuffer.o
 .debug_aranges
                0x0000000000000300       0x30 ./debug.o
 .debug_aranges
                0x0000000000000330       0x30 ./gdt/gdtasm.o

.debug_line     0x0000000000000000     0x22b1
 .debug_line    0x0000000000000000       0xf4 ./idt/ints.o
 .debug_line    0x00000000000000f4       0xa3 ./idt/idt.o
 .debug_line    0x0000000000000197       0x91 ./gdt/gdt.o
 .debug_line    0x0000000000000228      0x382 ./mem/paging.o
 .debug_line    0x00000000000005aa       0xb8 ./mem/memutils.o
 .debug_line    0x0000000000000662      0x5e4 ./mem/pageframeallocator.o
 .debug_line    0x0000000000000c46       0x7a ./lib/io.o
 .debug_line    0x0000000000000cc0       0xf0 ./lib/bitmap.o
 .debug_line    0x0000000000000db0      0x1e2 ./lib/mem.o
 .debug_line    0x0000000000000f92       0x62 ./lib/math.o
 .debug_line    0x0000000000000ff4      0x190 ./lib/string.o
 .debug_line    0x0000000000001184      0x1d3 ./lib/serial.o
 .debug_line    0x0000000000001357      0x1cb ./terminal/terminal.o
 .debug_line    0x0000000000001522      0x1be ./panic.o
 .debug_line    0x00000000000016e0      0x3e9 ./kernel.o
 .debug_line    0x0000000000001ac9      0x30a ./graphics/framebuffer.o
 .debug_line    0x0000000000001dd3      0x493 ./debug.o
 .debug_line    0x0000000000002266       0x4b ./gdt/gdtasm.o

.debug_str      0x0000000000000000     0x1393
 .debug_str     0x0000000000000000      0x2c7 ./idt/ints.o
                                        0x304 (size before relaxing)
 .debug_str     0x00000000000002c7       0xab ./idt/idt.o
                                        0x22b (size before relaxing)
 .debug_str     0x0000000000000372       0xb0 ./gdt/gdt.o
                                        0x207 (size before relaxing)
 .debug_str     0x0000000000000422      0x32b ./mem/paging.o
                                        0x4bc (size before relaxing)
 .debug_str     0x000000000000074d       0xa8 ./mem/memutils.o
                                        0x20c (size before relaxing)
 .debug_str     0x00000000000007f5      0x45a ./mem/pageframeallocator.o
                                        0x6e7 (size before relaxing)
 .debug_str     0x0000000000000c4f       0x40 ./lib/io.o
                                        0x17d (size before relaxing)
 .debug_str     0x0000000000000c8f       0x1a ./lib/bitmap.o
                                        0x1d0 (size before relaxing)
 .debug_str     0x0000000000000ca9       0x66 ./lib/mem.o
                                        0x1f0 (size before relaxing)
 .debug_str     0x0000000000000d0f        0x8 ./lib/math.o
                                        0x13c (size before relaxing)
 .debug_str     0x0000000000000d17       0x1f ./lib/string.o
                                        0x171 (size before relaxing)
 .debug_str     0x0000000000000d36       0xcf ./lib/serial.o
                                        0x228 (size before relaxing)
 .debug_str     0x0000000000000e05      0x1d3 ./terminal/terminal.o
                                        0x37e (size before relaxing)
 .debug_str     0x0000000000000fd8       0x73 ./panic.o
                                        0x243 (size before relaxing)
 .debug_str     0x000000000000104b      0x10d ./kernel.o
                                        0x8c5 (size before relaxing)
 .debug_str     0x0000000000001158      0x13b ./graphics/framebuffer.o
                                        0x384 (size before relaxing)
 .debug_str     0x0000000000001293      0x100 ./debug.o
                                        0x38c (size before relaxing)

.debug_line_str
                0x0000000000000000      0x2a4
 .debug_line_str
                0x0000000000000000       0x8e ./idt/ints.o
                                         0xb5 (size before relaxing)
 .debug_line_str
                0x000000000000008e       0x12 ./idt/idt.o
                                         0xa2 (size before relaxing)
 .debug_line_str
                0x00000000000000a0       0x21 ./gdt/gdt.o
                                         0xa2 (size before relaxing)
 .debug_line_str
                0x00000000000000c1       0x71 ./mem/paging.o
                                         0xf8 (size before relaxing)
 .debug_line_str
                0x0000000000000132       0x1a ./mem/memutils.o
                                         0xbb (size before relaxing)
 .debug_line_str
                0x000000000000014c       0x2f ./mem/pageframeallocator.o
                                        0x112 (size before relaxing)
 .debug_line_str
                0x000000000000017b        0xb ./lib/io.o
                                         0x8e (size before relaxing)
 .debug_line_str
                0x0000000000000186        0xf ./lib/bitmap.o
                                         0xa3 (size before relaxing)
 .debug_line_str
                0x0000000000000195        0xc ./lib/mem.o
                                         0x9a (size before relaxing)
 .debug_line_str
                0x00000000000001a1        0xd ./lib/math.o
                                         0x94 (size before relaxing)
 .debug_line_str
                0x00000000000001ae        0xf ./lib/string.o
                                         0x9a (size before relaxing)
 .debug_line_str
                0x00000000000001bd       0x14 ./lib/serial.o
                                         0x9f (size before relaxing)
 .debug_line_str
                0x00000000000001d1       0x65 ./terminal/terminal.o
                                        0x118 (size before relaxing)
 .debug_line_str
                0x0000000000000236        0xa ./panic.o
                                         0xbb (size before relaxing)
 .debug_line_str
                0x0000000000000240       0x24 ./kernel.o
                                        0x152 (size before relaxing)
 .debug_line_str
                0x0000000000000264       0x19 ./graphics/framebuffer.o
                                         0xe6 (size before relaxing)
 .debug_line_str
                0x000000000000027d       0x27 ./debug.o
                                         0xec (size before relaxing)

.comment        0x0000000000000000       0x12
 .comment       0x0000000000000000       0x12 ./idt/ints.o
                                         0x13 (size before relaxing)
 .comment       0x0000000000000012       0x13 ./idt/idt.o
 .comment       0x0000000000000012       0x13 ./gdt/gdt.o
 .comment       0x0000000000000012       0x13 ./mem/paging.o
 .comment       0x0000000000000012       0x13 ./mem/memutils.o
 .comment       0x0000000000000012       0x13 ./mem/pageframeallocator.o
 .comment       0x0000000000000012       0x13 ./lib/io.o
 .comment       0x0000000000000012       0x13 ./lib/bitmap.o
 .comment       0x0000000000000012       0x13 ./lib/mem.o
 .comment       0x0000000000000012       0x13 ./lib/math.o
 .comment       0x0000000000000012       0x13 ./lib/string.o
 .comment       0x0000000000000012       0x13 ./lib/serial.o
 .comment       0x0000000000000012       0x13 ./terminal/terminal.o
 .comment       0x0000000000000012       0x13 ./panic.o
 .comment       0x0000000000000012       0x13 ./kernel.o
 .comment       0x0000000000000012       0x13 ./graphics/framebuffer.o
 .comment       0x0000000000000012       0x13 ./debug.o

.debug_loclists
                0x0000000000000000     0x1db6
 .debug_loclists
                0x0000000000000000       0x7f ./idt/idt.o
 .debug_loclists
                0x000000000000007f      0x75e ./mem/paging.o
 .debug_loclists
                0x00000000000007dd       0x50 ./mem/memutils.o
 .debug_loclists
                0x000000000000082d      0x58e ./mem/pageframeallocator.o
 .debug_loclists
                0x0000000000000dbb       0x14 ./lib/io.o
 .debug_loclists
                0x0000000000000dcf       0x8b ./lib/bitmap.o
 .debug_loclists
                0x0000000000000e5a      0x17c ./lib/mem.o
 .debug_loclists
                0x0000000000000fd6      0x184 ./lib/string.o
 .debug_loclists
                0x000000000000115a       0x49 ./lib/serial.o
 .debug_loclists
                0x00000000000011a3       0x5a ./terminal/terminal.o
 .debug_loclists
                0x00000000000011fd       0xbc ./panic.o
 .debug_loclists
                0x00000000000012b9      0x1f5 ./kernel.o
 .debug_loclists
                0x00000000000014ae      0x58d ./graphics/framebuffer.o
 .debug_loclists
                0x0000000000001a3b      0x37b ./debug.o

.debug_rnglists
                0x0000000000000000      0x2f2
 .debug_rnglists
                0x0000000000000000       0xbf ./mem/paging.o
 .debug_rnglists
                0x00000000000000bf       0x1a ./mem/memutils.o
 .debug_rnglists
                0x00000000000000d9       0x90 ./mem/pageframeallocator.o
 .debug_rnglists
                0x0000000000000169       0x13 ./lib/mem.o
 .debug_rnglists
                0x000000000000017c       0x17 ./lib/serial.o
 .debug_rnglists
                0x0000000000000193       0x75 ./kernel.o
 .debug_rnglists
                0x0000000000000208       0xa9 ./graphics/framebuffer.o
 .debug_rnglists
                0x00000000000002b1       0x41 ./debug.o

.debug_pubnames
                0x0000000000000000        0x0
 .debug_pubnames
                0x0000000000000000        0x0 ./gdt/gdtasm.o

.debug_frame    0x0000000000000000        0x0
 .debug_frame   0x0000000000000000        0x0 ./gdt/gdtasm.o

.debug_loc      0x0000000000000000        0x0
 .debug_loc     0x0000000000000000        0x0 ./gdt/gdtasm.o
