
Discarded input sections

 .eh_frame      0x0000000000000000       0xe8 ./idt/ints.o
 .eh_frame      0x0000000000000000       0x40 ./idt/idt.o
 .eh_frame      0x0000000000000000       0x38 ./gdt/gdt.o
 .group         0x0000000000000000        0xc ./acpi/acpi.o
 .group         0x0000000000000000        0xc ./acpi/acpi.o
 .eh_frame      0x0000000000000000      0x100 ./acpi/acpi.o
 .eh_frame      0x0000000000000000       0xd0 ./mem/paging.o
 .eh_frame      0x0000000000000000       0x98 ./mem/memutils.o
 .eh_frame      0x0000000000000000      0x150 ./mem/heap.o
 .eh_frame      0x0000000000000000      0x230 ./mem/pageframeallocator.o
 .eh_frame      0x0000000000000000       0x58 ./lib/io.o
 .eh_frame      0x0000000000000000       0x40 ./lib/bitmap.o
 .eh_frame      0x0000000000000000       0x80 ./lib/mem.o
 .eh_frame      0x0000000000000000       0x30 ./lib/math.o
 .eh_frame      0x0000000000000000      0x128 ./lib/string.o
 .eh_frame      0x0000000000000000       0xf0 ./lib/serial.o
 .eh_frame      0x0000000000000000       0xb0 ./terminal/terminal.o
 .eh_frame      0x0000000000000000       0x90 ./panic.o
 .group         0x0000000000000000        0xc ./kernel.o
 .group         0x0000000000000000        0xc ./kernel.o
 .group         0x0000000000000000        0xc ./kernel.o
 .group         0x0000000000000000        0xc ./kernel.o
 .text._ZN6Logger14__internal_logEPcS0_P13__va_list_tag
                0x0000000000000000      0x127 ./kernel.o
 .text._ZN6Logger4infoEPcz
                0x0000000000000000       0x44 ./kernel.o
 .eh_frame      0x0000000000000000      0x140 ./kernel.o
 .eh_frame      0x0000000000000000      0x110 ./graphics/framebuffer.o
 .eh_frame      0x0000000000000000      0x170 ./debug.o

Memory Configuration

Name             Origin             Length             Attributes
*default*        0x0000000000000000 0xffffffffffffffff

Linker script and memory map

LOAD ./idt/ints.o
LOAD ./idt/idt.o
LOAD ./gdt/gdt.o
LOAD ./acpi/acpi.o
LOAD ./acpi/rsdt.o
LOAD ./mem/paging.o
LOAD ./mem/memutils.o
LOAD ./mem/heap.o
LOAD ./mem/pageframeallocator.o
LOAD ./lib/io.o
LOAD ./lib/bitmap.o
LOAD ./lib/mem.o
LOAD ./lib/math.o
LOAD ./lib/string.o
LOAD ./lib/serial.o
LOAD ./terminal/terminal.o
LOAD ./panic.o
LOAD ./kernel.o
LOAD ./graphics/framebuffer.o
LOAD ./debug.o
LOAD ./gdt/gdtasm.o
LOAD font.o
                0xffffffff80000000                . = 0xffffffff80000000

.text           0xffffffff80000000     0x2ddb
 *(.text .text.*)
 .text          0xffffffff80000000       0xc2 ./idt/ints.o
                0xffffffff80000000                pageFaultHandler(interrupt_frame*)
                0xffffffff80000040                doubleFaultHandler(interrupt_frame*)
                0xffffffff80000070                gpFaultHandler(interrupt_frame*)
                0xffffffff800000a0                keyboardInterruptHandler(interrupt_frame*)
                0xffffffff800000b0                mouseInterruptHandler(interrupt_frame*)
                0xffffffff800000c0                pitInterruptHandler(interrupt_frame*)
 *fill*         0xffffffff800000c2        0xe 
 .text          0xffffffff800000d0       0x39 ./idt/idt.o
                0xffffffff800000d0                idt_setOffset(IDTDescEntry*, unsigned long)
                0xffffffff800000f0                idt_getOffset(IDTDescEntry*)
 *fill*         0xffffffff80000109        0x7 
 .text          0xffffffff80000110       0x30 ./gdt/gdt.o
                0xffffffff80000110                gdt_init()
 .text          0xffffffff80000140      0x151 ./acpi/acpi.o
                0xffffffff80000140                doChecksum(ACPISDTHeader*)
                0xffffffff80000170                ACPI::findTable(char*)
                0xffffffff80000220                ACPI::init(Logger*)
 *fill*         0xffffffff80000291        0xf 
 .text._ZN6Logger14__internal_logEPcS0_P13__va_list_tag
                0xffffffff800002a0      0x127 ./acpi/acpi.o
                0xffffffff800002a0                Logger::__internal_log(char*, char*, __va_list_tag*)
 *fill*         0xffffffff800003c7        0x9 
 .text._ZN6Logger4infoEPcz
                0xffffffff800003d0       0x44 ./acpi/acpi.o
                0xffffffff800003d0                Logger::info(char*, ...)
 .text          0xffffffff80000414        0x0 ./acpi/rsdt.o
 *fill*         0xffffffff80000414        0xc 
 .text          0xffffffff80000420      0x359 ./mem/paging.o
                0xffffffff80000420                PageDirectoryEntry::SetFlag(PT_Flag, bool)
                0xffffffff80000450                PageDirectoryEntry::GetFlag(PT_Flag)
                0xffffffff80000470                PageDirectoryEntry::SetAddress(unsigned long)
                0xffffffff800004a0                PageDirectoryEntry::GetAddress()
                0xffffffff800004b0                PageMapIndexer_From(PageMapIndexer*, unsigned long)
                0xffffffff800004f0                PageTable_MapMemory(PageTable*, void*, void*, bool)
 *fill*         0xffffffff80000779        0x7 
 .text          0xffffffff80000780       0xbb ./mem/memutils.o
                0xffffffff80000780                getMemoryMappingName(unsigned long)
                0xffffffff800007a0                getMemorySize(limine_memmap_response)
                0xffffffff800007e0                getMemoryArealSize(limine_memmap_response)
                0xffffffff80000820                toPhys(unsigned long)
                0xffffffff80000830                toVirt(unsigned long)
 *fill*         0xffffffff8000083b        0x5 
 .text          0xffffffff80000840      0x3cc ./mem/heap.o
                0xffffffff80000840                initHeap(void*, unsigned long)
                0xffffffff800008d0                HeapSegHdr::split(unsigned long)
                0xffffffff80000940                HeapSegHdr::combineForward()
                0xffffffff800009a0                free(void*)
                0xffffffff80000a20                sfree(void*, unsigned long)
                0xffffffff80000a70                expandHeap(unsigned long)
                0xffffffff80000b30                malloc(unsigned long)
                0xffffffff80000bc0                HeapSegHdr::combineBackward()
                0xffffffff80000be0                getUsedMem()
 *fill*         0xffffffff80000c0c        0x4 
 .text          0xffffffff80000c10      0x6e9 ./mem/pageframeallocator.o
                0xffffffff80000c10                mem_pageframeallocator_initBitmap(unsigned long, void*)
                0xffffffff80000c60                mem_pageframeallocator_lockPage(void*)
                0xffffffff80000cf0                mem_pageframeallocator_requestPage()
                0xffffffff80000da0                mem_pageframeallocator_lockPageNonAvailable(void*)
                0xffffffff80000e10                mem_pageframeallocator_freePage(void*)
                0xffffffff80000ea0                mem_pageframeallocator_init(limine_memmap_response, limine_hhdm_response*)
                0xffffffff80001170                mem_pageframeallocator_freePages(void*, unsigned long)
                0xffffffff800011c0                mem_pageframeallocator_lockPages(void*, unsigned long)
                0xffffffff80001210                mem_pageframeallocator_lockPagesNonAvailable(void*, unsigned long)
                0xffffffff80001260                mem_getFreeRAM()
                0xffffffff80001270                mem_getUsedRAM()
                0xffffffff80001280                mem_getTotalRAM()
                0xffffffff80001290                mem_getMemoryMapSize()
                0xffffffff800012a0                mem_getMemoryMapForAddress(unsigned long)
 *fill*         0xffffffff800012f9        0x7 
 .text          0xffffffff80001300       0x25 ./lib/io.o
                0xffffffff80001300                outb(unsigned short, unsigned char)
                0xffffffff80001310                inb(unsigned short)
                0xffffffff80001320                io_wait()
 *fill*         0xffffffff80001325        0xb 
 .text          0xffffffff80001330       0x79 ./lib/bitmap.o
                0xffffffff80001330                Bitmap::get(unsigned long)
                0xffffffff80001360                Bitmap::set(unsigned long, bool)
 *fill*         0xffffffff800013a9        0x7 
 .text          0xffffffff800013b0      0x10b ./lib/mem.o
                0xffffffff800013b0                memcpy(void*, void const*, unsigned long)
                0xffffffff800013e0                memset(void*, int, unsigned long)
                0xffffffff80001400                memmove(void*, void const*, unsigned long)
                0xffffffff80001450                memcmp(void const*, void const*, unsigned long)
                0xffffffff80001490                strlen(unsigned char*)
 *fill*         0xffffffff800014bb        0x5 
 .text          0xffffffff800014c0        0xb ./lib/math.o
                0xffffffff800014c0                abs(long)
 *fill*         0xffffffff800014cb        0x5 
 .text          0xffffffff800014d0      0x31b ./lib/string.o
                0xffffffff800014d0                itoa(long, char*, long)
                0xffffffff80001560                uitoa(unsigned long, char*, unsigned long)
                0xffffffff800015e0                strncmp(char*, char*, unsigned long)
                0xffffffff80001620                FastStringBuilder::FastStringBuilder(int)
                0xffffffff80001620                FastStringBuilder::FastStringBuilder(int)
                0xffffffff80001660                FastStringBuilder::~FastStringBuilder()
                0xffffffff80001660                FastStringBuilder::~FastStringBuilder()
                0xffffffff80001690                FastStringBuilder::append(char*)
                0xffffffff800016c0                FastStringBuilder::build()
                0xffffffff800017b0                FastStringBuilder::buildAndDestroy()
 *fill*         0xffffffff800017eb        0x5 
 .text          0xffffffff800017f0      0x1a5 ./lib/serial.o
                0xffffffff800017f0                serial_init()
                0xffffffff800018b0                serial_received()
                0xffffffff800018d0                serial_read()
                0xffffffff80001900                is_transmit_empty()
                0xffffffff80001920                serial_write(char)
                0xffffffff80001950                serial_writemany(char*)
 *fill*         0xffffffff80001995        0xb 
 .text          0xffffffff800019a0      0x16d ./terminal/terminal.o
                0xffffffff800019a0                Terminal::init()
                0xffffffff800019e0                Terminal::writechar(char)
                0xffffffff80001a90                Terminal::write(char*)
                0xffffffff80001ad0                Terminal::writeln(char*)
 *fill*         0xffffffff80001b0d        0x3 
 .text          0xffffffff80001b10      0x146 ./panic.o
                0xffffffff80001b10                traceStackTrace(unsigned int)
                0xffffffff80001b70                traceStackTraceOnlySerial(unsigned int)
                0xffffffff80001bd0                panic(char*)
 *fill*         0xffffffff80001c56        0xa 
 .text          0xffffffff80001c60      0x7e7 ./kernel.o
                0xffffffff80001c60                setIdtGate(void*, unsigned char, unsigned char, unsigned char)
                0xffffffff80001cb0                initInterrupts(unsigned long)
                0xffffffff80001de0                _start
 *fill*         0xffffffff80002447        0x9 
 .text._ZN6Logger5errorEPcz
                0xffffffff80002450       0x44 ./kernel.o
                0xffffffff80002450                Logger::error(char*, ...)
 *fill*         0xffffffff80002494        0xc 
 .text._ZN6Logger4warnEPcz
                0xffffffff800024a0       0x44 ./kernel.o
                0xffffffff800024a0                Logger::warn(char*, ...)
 *fill*         0xffffffff800024e4        0xc 
 .text          0xffffffff800024f0      0x216 ./graphics/framebuffer.o
                0xffffffff800024f0                drawPoint(unsigned int, unsigned int, unsigned int)
                0xffffffff80002520                drawLine(unsigned int, unsigned int, unsigned int, unsigned int, unsigned int)
                0xffffffff80002580                drawHorizontalLine(unsigned int, unsigned int, unsigned int, unsigned int)
                0xffffffff800025b0                drawCharBg(unsigned char, unsigned int, unsigned int, unsigned int, unsigned int)
                0xffffffff80002640                drawChar(unsigned char, unsigned int, unsigned int, unsigned int)
                0xffffffff80002650                drawString(unsigned char*, unsigned int, unsigned int, unsigned int)
                0xffffffff800026a0                drawStringBg(unsigned char*, unsigned int, unsigned int, unsigned int, unsigned int)
                0xffffffff800026f0                translateToOffset(unsigned int, unsigned int)
 *fill*         0xffffffff80002706        0xa 
 .text          0xffffffff80002710      0x6a5 ./debug.o
                0xffffffff80002710                __write(char*, bool, bool)
                0xffffffff800028b0                __writeChar(char, bool, bool)
                0xffffffff800029c0                _kprintf(char*, bool, bool, __va_list_tag*)
                0xffffffff80002c90                vakprintf(char*, __va_list_tag*)
                0xffffffff80002ca0                kprintf(char*, ...)
                0xffffffff80002cf0                vakprintf_both(char*, __va_list_tag*)
                0xffffffff80002d10                kprintf_both(char*, ...)
                0xffffffff80002d60                vakprintf_serial(char*, __va_list_tag*)
                0xffffffff80002d70                kprintf_serial(char*, ...)
 *fill*         0xffffffff80002db5        0xb 
 .text          0xffffffff80002dc0       0x1b ./gdt/gdtasm.o
                0xffffffff80002dc0                loadGDT

.iplt           0xffffffff80002ddb        0x0
 .iplt          0xffffffff80002ddb        0x0 ./idt/ints.o
                0xffffffff80003ddb                . = (. + CONSTANT (MAXPAGESIZE))

.rodata         0xffffffff80003de0      0xe3e
 *(.rodata .rodata.*)
 .rodata.str1.1
                0xffffffff80003de0       0x3a ./idt/ints.o
 *fill*         0xffffffff80003e1a        0x6 
 .rodata.str1.8
                0xffffffff80003e20       0x22 ./idt/ints.o
 .rodata._ZN6Logger14__internal_logEPcS0_P13__va_list_tag.str1.1
                0xffffffff80003e42        0x7 ./acpi/acpi.o
                                          0x9 (size before relaxing)
 .rodata._ZN6Logger4infoEPcz.str1.1
                0xffffffff80003e49        0xf ./acpi/acpi.o
 .rodata.str1.1
                0xffffffff80003e58       0x33 ./acpi/acpi.o
                                         0x38 (size before relaxing)
 *fill*         0xffffffff80003e8b        0x5 
 .rodata.str1.8
                0xffffffff80003e90       0x4c ./mem/paging.o
 .rodata.str1.1
                0xffffffff80003edc       0x22 ./mem/paging.o
 .rodata.str1.1
                0xffffffff80003efe       0x79 ./mem/memutils.o
 *fill*         0xffffffff80003f77        0x9 
 .rodata        0xffffffff80003f80       0x40 ./mem/memutils.o
 .rodata.str1.8
                0xffffffff80003fc0      0x173 ./mem/pageframeallocator.o
 .rodata.str1.1
                0xffffffff80004133       0x39 ./mem/pageframeallocator.o
 *fill*         0xffffffff8000416c        0x4 
 .rodata.str1.8
                0xffffffff80004170       0x74 ./lib/string.o
 .rodata.str1.1
                0xffffffff800041e4       0x1e ./lib/string.o
 .rodata.str1.1
                0xffffffff80004202        0x6 ./terminal/terminal.o
 .rodata.str1.1
                0xffffffff80004208       0x3a ./panic.o
                                         0x3d (size before relaxing)
 *fill*         0xffffffff80004242        0x6 
 .rodata.str1.8
                0xffffffff80004248       0x6a ./panic.o
 .rodata._ZN6Logger14__internal_logEPcS0_P13__va_list_tag.str1.1
                0xffffffff800042b2        0x9 ./kernel.o
 .rodata._ZN6Logger5errorEPcz.str1.1
                0xffffffff800042b2        0xf ./kernel.o
 .rodata._ZN6Logger4warnEPcz.str1.1
                0xffffffff800042c1        0xf ./kernel.o
 .rodata._ZN6Logger4infoEPcz.str1.1
                0xffffffff800042d0        0xf ./kernel.o
 .rodata.str1.8
                0xffffffff800042d0      0x32f ./kernel.o
 .rodata.str1.1
                0xffffffff800045ff      0x20d ./kernel.o
                                        0x214 (size before relaxing)
 *fill*         0xffffffff8000480c        0x4 
 .rodata        0xffffffff80004810      0x3d0 ./debug.o
 .rodata.str1.8
                0xffffffff80004be0       0x20 ./debug.o
 .rodata.str1.1
                0xffffffff80004c00       0x1e ./debug.o

.rela.dyn       0xffffffff80004c20        0x0
 .rela.got      0xffffffff80004c20        0x0 ./idt/ints.o
 .rela.iplt     0xffffffff80004c20        0x0 ./idt/ints.o
                0xffffffff80005c20                . = (. + CONSTANT (MAXPAGESIZE))

.data           0xffffffff80006000     0x260c
 *(.data .data.*)
 .data          0xffffffff80006000        0x0 ./idt/ints.o
 .data          0xffffffff80006000        0x0 ./idt/idt.o
 .data          0xffffffff80006000     0x1000 ./gdt/gdt.o
                0xffffffff80006000                defaultGDT
 .data          0xffffffff80007000        0x0 ./acpi/acpi.o
 .data          0xffffffff80007000        0x0 ./acpi/rsdt.o
 .data          0xffffffff80007000        0x0 ./mem/paging.o
 .data          0xffffffff80007000        0x0 ./mem/memutils.o
 .data          0xffffffff80007000        0x0 ./mem/heap.o
 .data          0xffffffff80007000        0x0 ./mem/pageframeallocator.o
 .data          0xffffffff80007000        0x0 ./lib/io.o
 .data          0xffffffff80007000        0x0 ./lib/bitmap.o
 .data          0xffffffff80007000        0x0 ./lib/mem.o
 .data          0xffffffff80007000        0x0 ./lib/math.o
 .data          0xffffffff80007000        0x0 ./lib/string.o
 .data          0xffffffff80007000        0x0 ./lib/serial.o
 .data          0xffffffff80007000       0x14 ./terminal/terminal.o
                0xffffffff80007000                gTerminal
 .data          0xffffffff80007014        0x0 ./panic.o
 *fill*         0xffffffff80007014        0xc 
 .data          0xffffffff80007020      0x130 ./kernel.o
 .data          0xffffffff80007150        0x0 ./graphics/framebuffer.o
 .data          0xffffffff80007150        0x0 ./debug.o
 .data          0xffffffff80007150     0x14bc font.o
                0xffffffff80007150                _binary_font_incbin_start
                0xffffffff8000860c                _binary_font_incbin_end

.got            0xffffffff80008610        0x0
 .got           0xffffffff80008610        0x0 ./idt/ints.o

.got.plt        0xffffffff80008610        0x0
 .got.plt       0xffffffff80008610        0x0 ./idt/ints.o

.igot.plt       0xffffffff80008610        0x0
 .igot.plt      0xffffffff80008610        0x0 ./idt/ints.o

.bss            0xffffffff80008610       0xda
 *(COMMON)
 *(.bss .bss.*)
 .bss           0xffffffff80008610        0x0 ./idt/ints.o
 .bss           0xffffffff80008610        0x0 ./idt/idt.o
 .bss           0xffffffff80008610        0xa ./gdt/gdt.o
                0xffffffff80008610                gdtDescriptor
 *fill*         0xffffffff8000861a        0x6 
 .bss           0xffffffff80008620       0x10 ./acpi/acpi.o
                0xffffffff80008620                ACPI::facp
                0xffffffff80008628                ACPI::logger
 .bss           0xffffffff80008630        0x8 ./acpi/rsdt.o
                0xffffffff80008630                gRSDT
 .bss           0xffffffff80008638        0x8 ./mem/paging.o
                0xffffffff80008638                globalPageTable
 .bss           0xffffffff80008640       0x10 ./mem/memutils.o
                0xffffffff80008640                mem_kVirtOffset
                0xffffffff80008648                mem_hhdmOffset
 .bss           0xffffffff80008650       0x18 ./mem/heap.o
                0xffffffff80008650                LastHdr
                0xffffffff80008658                heapEnd
                0xffffffff80008660                heapStart
 *fill*         0xffffffff80008668        0x8 
 .bss           0xffffffff80008670       0x60 ./mem/pageframeallocator.o
                0xffffffff80008670                oomPanics
                0xffffffff80008680                __memmap
                0xffffffff800086a0                mem_pfaBitmap
                0xffffffff800086b0                end
                0xffffffff800086b8                bitmapIdx
                0xffffffff800086c0                mem_usedMemory
                0xffffffff800086c8                mem_freeMemory
 .bss           0xffffffff800086d0        0x0 ./lib/io.o
 .bss           0xffffffff800086d0        0x0 ./lib/bitmap.o
 .bss           0xffffffff800086d0        0x0 ./lib/mem.o
 .bss           0xffffffff800086d0        0x0 ./lib/math.o
 .bss           0xffffffff800086d0        0x0 ./lib/string.o
 .bss           0xffffffff800086d0        0x0 ./lib/serial.o
 .bss           0xffffffff800086d0        0x0 ./terminal/terminal.o
 .bss           0xffffffff800086d0        0x0 ./panic.o
 .bss           0xffffffff800086d0        0xa ./kernel.o
                0xffffffff800086d0                idtr
 *fill*         0xffffffff800086da        0x6 
 .bss           0xffffffff800086e0        0x8 ./graphics/framebuffer.o
                0xffffffff800086e0                gFramebuffer
 .bss           0xffffffff800086e8        0x2 ./debug.o
                0xffffffff800086e8                currentlyReadingColor
                0xffffffff800086e9                currentlyReadingAnything

/DISCARD/
 *(.eh_frame)
 *(.note .note.*)
OUTPUT(kernel.elf elf64-x86-64)

.debug_info     0x0000000000000000     0x8e85
 .debug_info    0x0000000000000000      0x29a ./idt/ints.o
 .debug_info    0x000000000000029a      0x1cc ./idt/idt.o
 .debug_info    0x0000000000000466      0x204 ./gdt/gdt.o
 .debug_info    0x000000000000066a      0xfc4 ./acpi/acpi.o
 .debug_info    0x000000000000162e      0x1a5 ./acpi/rsdt.o
 .debug_info    0x00000000000017d3      0x9e4 ./mem/paging.o
 .debug_info    0x00000000000021b7      0x2b7 ./mem/memutils.o
 .debug_info    0x000000000000246e      0x82e ./mem/heap.o
 .debug_info    0x0000000000002c9c      0xd18 ./mem/pageframeallocator.o
 .debug_info    0x00000000000039b4      0x12f ./lib/io.o
 .debug_info    0x0000000000003ae3      0x1f0 ./lib/bitmap.o
 .debug_info    0x0000000000003cd3      0x375 ./lib/mem.o
 .debug_info    0x0000000000004048       0xb0 ./lib/math.o
 .debug_info    0x00000000000040f8      0x77f ./lib/string.o
 .debug_info    0x0000000000004877      0x46a ./lib/serial.o
 .debug_info    0x0000000000004ce1      0x580 ./terminal/terminal.o
 .debug_info    0x0000000000005261      0x439 ./panic.o
 .debug_info    0x000000000000569a     0x2334 ./kernel.o
 .debug_info    0x00000000000079ce      0xa2f ./graphics/framebuffer.o
 .debug_info    0x00000000000083fd      0xa38 ./debug.o
 .debug_info    0x0000000000008e35       0x50 ./gdt/gdtasm.o

.debug_abbrev   0x0000000000000000     0x2add
 .debug_abbrev  0x0000000000000000      0x152 ./idt/ints.o
 .debug_abbrev  0x0000000000000152       0xff ./idt/idt.o
 .debug_abbrev  0x0000000000000251       0xf8 ./gdt/gdt.o
 .debug_abbrev  0x0000000000000349      0x4c1 ./acpi/acpi.o
 .debug_abbrev  0x000000000000080a       0xc5 ./acpi/rsdt.o
 .debug_abbrev  0x00000000000008cf      0x318 ./mem/paging.o
 .debug_abbrev  0x0000000000000be7      0x131 ./mem/memutils.o
 .debug_abbrev  0x0000000000000d18      0x346 ./mem/heap.o
 .debug_abbrev  0x000000000000105e      0x367 ./mem/pageframeallocator.o
 .debug_abbrev  0x00000000000013c5       0xc0 ./lib/io.o
 .debug_abbrev  0x0000000000001485      0x14f ./lib/bitmap.o
 .debug_abbrev  0x00000000000015d4      0x128 ./lib/mem.o
 .debug_abbrev  0x00000000000016fc       0x74 ./lib/math.o
 .debug_abbrev  0x0000000000001770      0x2d7 ./lib/string.o
 .debug_abbrev  0x0000000000001a47      0x198 ./lib/serial.o
 .debug_abbrev  0x0000000000001bdf      0x247 ./terminal/terminal.o
 .debug_abbrev  0x0000000000001e26      0x1cc ./panic.o
 .debug_abbrev  0x0000000000001ff2      0x55d ./kernel.o
 .debug_abbrev  0x000000000000254f      0x2a3 ./graphics/framebuffer.o
 .debug_abbrev  0x00000000000027f2      0x2d0 ./debug.o
 .debug_abbrev  0x0000000000002ac2       0x1b ./gdt/gdtasm.o

.debug_aranges  0x0000000000000000      0x440
 .debug_aranges
                0x0000000000000000       0x30 ./idt/ints.o
 .debug_aranges
                0x0000000000000030       0x30 ./idt/idt.o
 .debug_aranges
                0x0000000000000060       0x30 ./gdt/gdt.o
 .debug_aranges
                0x0000000000000090       0x50 ./acpi/acpi.o
 .debug_aranges
                0x00000000000000e0       0x20 ./acpi/rsdt.o
 .debug_aranges
                0x0000000000000100       0x30 ./mem/paging.o
 .debug_aranges
                0x0000000000000130       0x30 ./mem/memutils.o
 .debug_aranges
                0x0000000000000160       0x30 ./mem/heap.o
 .debug_aranges
                0x0000000000000190       0x30 ./mem/pageframeallocator.o
 .debug_aranges
                0x00000000000001c0       0x30 ./lib/io.o
 .debug_aranges
                0x00000000000001f0       0x30 ./lib/bitmap.o
 .debug_aranges
                0x0000000000000220       0x30 ./lib/mem.o
 .debug_aranges
                0x0000000000000250       0x30 ./lib/math.o
 .debug_aranges
                0x0000000000000280       0x30 ./lib/string.o
 .debug_aranges
                0x00000000000002b0       0x30 ./lib/serial.o
 .debug_aranges
                0x00000000000002e0       0x30 ./terminal/terminal.o
 .debug_aranges
                0x0000000000000310       0x30 ./panic.o
 .debug_aranges
                0x0000000000000340       0x70 ./kernel.o
 .debug_aranges
                0x00000000000003b0       0x30 ./graphics/framebuffer.o
 .debug_aranges
                0x00000000000003e0       0x30 ./debug.o
 .debug_aranges
                0x0000000000000410       0x30 ./gdt/gdtasm.o

.debug_line     0x0000000000000000     0x34ab
 .debug_line    0x0000000000000000      0x107 ./idt/ints.o
 .debug_line    0x0000000000000107       0xa3 ./idt/idt.o
 .debug_line    0x00000000000001aa       0x91 ./gdt/gdt.o
 .debug_line    0x000000000000023b      0x385 ./acpi/acpi.o
 .debug_line    0x00000000000005c0       0x56 ./acpi/rsdt.o
 .debug_line    0x0000000000000616      0x3fb ./mem/paging.o
 .debug_line    0x0000000000000a11      0x100 ./mem/memutils.o
 .debug_line    0x0000000000000b11      0x4c6 ./mem/heap.o
 .debug_line    0x0000000000000fd7      0x64d ./mem/pageframeallocator.o
 .debug_line    0x0000000000001624       0x7a ./lib/io.o
 .debug_line    0x000000000000169e       0xf0 ./lib/bitmap.o
 .debug_line    0x000000000000178e      0x1e2 ./lib/mem.o
 .debug_line    0x0000000000001970       0x62 ./lib/math.o
 .debug_line    0x00000000000019d2      0x3d5 ./lib/string.o
 .debug_line    0x0000000000001da7      0x1d3 ./lib/serial.o
 .debug_line    0x0000000000001f7a      0x1ca ./terminal/terminal.o
 .debug_line    0x0000000000002144      0x1bc ./panic.o
 .debug_line    0x0000000000002300      0x950 ./kernel.o
 .debug_line    0x0000000000002c50      0x30a ./graphics/framebuffer.o
 .debug_line    0x0000000000002f5a      0x506 ./debug.o
 .debug_line    0x0000000000003460       0x4b ./gdt/gdtasm.o

.debug_str      0x0000000000000000     0x1e16
 .debug_str     0x0000000000000000      0x2fe ./idt/ints.o
                                        0x34a (size before relaxing)
 .debug_str     0x00000000000002fe       0xab ./idt/idt.o
                                        0x243 (size before relaxing)
 .debug_str     0x00000000000003a9      0x180 ./gdt/gdt.o
                                        0x20a (size before relaxing)
 .debug_str     0x0000000000000529      0x8a5 ./acpi/acpi.o
                                        0xb40 (size before relaxing)
 .debug_str     0x0000000000000dce      0x20b ./acpi/rsdt.o
 .debug_str     0x0000000000000dce      0x100 ./mem/paging.o
                                        0x469 (size before relaxing)
 .debug_str     0x0000000000000ece      0x121 ./mem/memutils.o
                                        0x29e (size before relaxing)
 .debug_str     0x0000000000000fef      0x186 ./mem/heap.o
                                        0x564 (size before relaxing)
 .debug_str     0x0000000000001175      0x479 ./mem/pageframeallocator.o
                                        0x7bc (size before relaxing)
 .debug_str     0x00000000000015ee       0x3a ./lib/io.o
                                        0x180 (size before relaxing)
 .debug_str     0x0000000000001628       0x15 ./lib/bitmap.o
                                        0x1e3 (size before relaxing)
 .debug_str     0x000000000000163d       0x66 ./lib/mem.o
                                        0x1f3 (size before relaxing)
 .debug_str     0x00000000000016a3        0x8 ./lib/math.o
                                        0x13f (size before relaxing)
 .debug_str     0x00000000000016ab       0x7a ./lib/string.o
                                        0x3cc (size before relaxing)
 .debug_str     0x0000000000001725       0xcf ./lib/serial.o
                                        0x22b (size before relaxing)
 .debug_str     0x00000000000017f4      0x190 ./terminal/terminal.o
                                        0x38a (size before relaxing)
 .debug_str     0x0000000000001984       0x81 ./panic.o
                                        0x301 (size before relaxing)
 .debug_str     0x0000000000001a05      0x227 ./kernel.o
                                       0x1104 (size before relaxing)
 .debug_str     0x0000000000001c2c      0x139 ./graphics/framebuffer.o
                                        0x394 (size before relaxing)
 .debug_str     0x0000000000001d65       0xb1 ./debug.o
                                        0x4ef (size before relaxing)

.debug_line_str
                0x0000000000000000      0x3a3
 .debug_line_str
                0x0000000000000000       0x9c ./idt/ints.o
                                         0xc6 (size before relaxing)
 .debug_line_str
                0x000000000000009c       0x12 ./idt/idt.o
                                         0xab (size before relaxing)
 .debug_line_str
                0x00000000000000ae       0x21 ./gdt/gdt.o
                                         0xab (size before relaxing)
 .debug_line_str
                0x00000000000000cf       0xc5 ./acpi/acpi.o
                                        0x161 (size before relaxing)
 .debug_line_str
                0x0000000000000194        0xe ./acpi/rsdt.o
                                         0xb9 (size before relaxing)
 .debug_line_str
                0x00000000000001a2       0x5c ./mem/paging.o
                                        0x130 (size before relaxing)
 .debug_line_str
                0x00000000000001fe       0x25 ./mem/memutils.o
                                         0xcf (size before relaxing)
 .debug_line_str
                0x0000000000000223        0xd ./mem/heap.o
                                         0xf3 (size before relaxing)
 .debug_line_str
                0x0000000000000230       0x24 ./mem/pageframeallocator.o
                                        0x11b (size before relaxing)
 .debug_line_str
                0x0000000000000254        0xb ./lib/io.o
                                         0x97 (size before relaxing)
 .debug_line_str
                0x000000000000025f        0xf ./lib/bitmap.o
                                         0xac (size before relaxing)
 .debug_line_str
                0x000000000000026e        0xc ./lib/mem.o
                                         0xa3 (size before relaxing)
 .debug_line_str
                0x000000000000027a        0xd ./lib/math.o
                                         0x9d (size before relaxing)
 .debug_line_str
                0x0000000000000287       0x2d ./lib/string.o
                                         0xeb (size before relaxing)
 .debug_line_str
                0x00000000000002b4       0x14 ./lib/serial.o
                                         0xa8 (size before relaxing)
 .debug_line_str
                0x00000000000002c8       0x71 ./terminal/terminal.o
                                        0x135 (size before relaxing)
 .debug_line_str
                0x0000000000000339        0xa ./panic.o
                                         0xc4 (size before relaxing)
 .debug_line_str
                0x0000000000000343       0x3d ./kernel.o
                                        0x1d2 (size before relaxing)
 .debug_line_str
                0x0000000000000380       0x19 ./graphics/framebuffer.o
                                         0xef (size before relaxing)
 .debug_line_str
                0x0000000000000399        0xa ./debug.o
                                         0xf5 (size before relaxing)

.comment        0x0000000000000000       0x12
 .comment       0x0000000000000000       0x12 ./idt/ints.o
                                         0x13 (size before relaxing)
 .comment       0x0000000000000012       0x13 ./idt/idt.o
 .comment       0x0000000000000012       0x13 ./gdt/gdt.o
 .comment       0x0000000000000012       0x13 ./acpi/acpi.o
 .comment       0x0000000000000012       0x13 ./acpi/rsdt.o
 .comment       0x0000000000000012       0x13 ./mem/paging.o
 .comment       0x0000000000000012       0x13 ./mem/memutils.o
 .comment       0x0000000000000012       0x13 ./mem/heap.o
 .comment       0x0000000000000012       0x13 ./mem/pageframeallocator.o
 .comment       0x0000000000000012       0x13 ./lib/io.o
 .comment       0x0000000000000012       0x13 ./lib/bitmap.o
 .comment       0x0000000000000012       0x13 ./lib/mem.o
 .comment       0x0000000000000012       0x13 ./lib/math.o
 .comment       0x0000000000000012       0x13 ./lib/string.o
 .comment       0x0000000000000012       0x13 ./lib/serial.o
 .comment       0x0000000000000012       0x13 ./terminal/terminal.o
 .comment       0x0000000000000012       0x13 ./panic.o
 .comment       0x0000000000000012       0x13 ./kernel.o
 .comment       0x0000000000000012       0x13 ./graphics/framebuffer.o
 .comment       0x0000000000000012       0x13 ./debug.o

.debug_loclists
                0x0000000000000000     0x2ea2
 .debug_loclists
                0x0000000000000000       0x7f ./idt/idt.o
 .debug_loclists
                0x000000000000007f      0x2ad ./acpi/acpi.o
 .debug_loclists
                0x000000000000032c      0x71d ./mem/paging.o
 .debug_loclists
                0x0000000000000a49       0x99 ./mem/memutils.o
 .debug_loclists
                0x0000000000000ae2      0x46b ./mem/heap.o
 .debug_loclists
                0x0000000000000f4d      0x70c ./mem/pageframeallocator.o
 .debug_loclists
                0x0000000000001659       0x14 ./lib/io.o
 .debug_loclists
                0x000000000000166d       0x8b ./lib/bitmap.o
 .debug_loclists
                0x00000000000016f8      0x17c ./lib/mem.o
 .debug_loclists
                0x0000000000001874      0x347 ./lib/string.o
 .debug_loclists
                0x0000000000001bbb       0x49 ./lib/serial.o
 .debug_loclists
                0x0000000000001c04      0x12e ./terminal/terminal.o
 .debug_loclists
                0x0000000000001d32       0xbc ./panic.o
 .debug_loclists
                0x0000000000001dee      0x6fe ./kernel.o
 .debug_loclists
                0x00000000000024ec      0x58d ./graphics/framebuffer.o
 .debug_loclists
                0x0000000000002a79      0x429 ./debug.o

.debug_rnglists
                0x0000000000000000      0x50b
 .debug_rnglists
                0x0000000000000000       0x66 ./acpi/acpi.o
 .debug_rnglists
                0x0000000000000066       0xb4 ./mem/paging.o
 .debug_rnglists
                0x000000000000011a       0x2c ./mem/memutils.o
 .debug_rnglists
                0x0000000000000146       0x53 ./mem/heap.o
 .debug_rnglists
                0x0000000000000199       0x9e ./mem/pageframeallocator.o
 .debug_rnglists
                0x0000000000000237       0x13 ./lib/mem.o
 .debug_rnglists
                0x000000000000024a       0x3d ./lib/string.o
 .debug_rnglists
                0x0000000000000287       0x17 ./lib/serial.o
 .debug_rnglists
                0x000000000000029e       0x15 ./terminal/terminal.o
 .debug_rnglists
                0x00000000000002b3      0x144 ./kernel.o
 .debug_rnglists
                0x00000000000003f7       0xa9 ./graphics/framebuffer.o
 .debug_rnglists
                0x00000000000004a0       0x6b ./debug.o

.debug_pubnames
                0x0000000000000000        0x0
 .debug_pubnames
                0x0000000000000000        0x0 ./gdt/gdtasm.o

.debug_frame    0x0000000000000000        0x0
 .debug_frame   0x0000000000000000        0x0 ./gdt/gdtasm.o

.debug_loc      0x0000000000000000        0x0
 .debug_loc     0x0000000000000000        0x0 ./gdt/gdtasm.o
