
Discarded input sections

 .eh_frame      0x0000000000000000       0xe8 ./idt/ints.o
 .eh_frame      0x0000000000000000       0x40 ./idt/idt.o
 .eh_frame      0x0000000000000000       0x38 ./gdt/gdt.o
 .eh_frame      0x0000000000000000       0xd0 ./mem/paging.o
 .eh_frame      0x0000000000000000       0x98 ./mem/memutils.o
 .eh_frame      0x0000000000000000      0x110 ./mem/heap.o
 .eh_frame      0x0000000000000000      0x230 ./mem/pageframeallocator.o
 .eh_frame      0x0000000000000000       0x58 ./lib/io.o
 .eh_frame      0x0000000000000000       0x40 ./lib/bitmap.o
 .eh_frame      0x0000000000000000       0x80 ./lib/mem.o
 .eh_frame      0x0000000000000000       0x30 ./lib/math.o
 .eh_frame      0x0000000000000000       0x40 ./lib/string.o
 .eh_frame      0x0000000000000000       0xf0 ./lib/serial.o
 .eh_frame      0x0000000000000000       0xb0 ./terminal/terminal.o
 .eh_frame      0x0000000000000000       0x90 ./panic.o
 .eh_frame      0x0000000000000000       0x90 ./kernel.o
 .eh_frame      0x0000000000000000      0x110 ./graphics/framebuffer.o
 .eh_frame      0x0000000000000000      0x130 ./debug.o

Memory Configuration

Name             Origin             Length             Attributes
*default*        0x0000000000000000 0xffffffffffffffff

Linker script and memory map

LOAD ./idt/ints.o
LOAD ./idt/idt.o
LOAD ./gdt/gdt.o
LOAD ./mem/paging.o
LOAD ./mem/memutils.o
LOAD ./mem/heap.o
LOAD ./mem/pageframeallocator.o
LOAD ./lib/io.o
LOAD ./lib/bitmap.o
LOAD ./lib/mem.o
LOAD ./lib/math.o
LOAD ./lib/string.o
LOAD ./lib/serial.o
LOAD ./terminal/terminal.o
LOAD ./panic.o
LOAD ./kernel.o
LOAD ./graphics/framebuffer.o
LOAD ./debug.o
LOAD ./gdt/gdtasm.o
LOAD font.o
                0xffffffff80000000                . = 0xffffffff80000000

.text           0xffffffff80000000     0x25ab
 *(.text .text.*)
 .text          0xffffffff80000000       0xc2 ./idt/ints.o
                0xffffffff80000000                pageFaultHandler(interrupt_frame*)
                0xffffffff80000040                doubleFaultHandler(interrupt_frame*)
                0xffffffff80000070                gpFaultHandler(interrupt_frame*)
                0xffffffff800000a0                keyboardInterruptHandler(interrupt_frame*)
                0xffffffff800000b0                mouseInterruptHandler(interrupt_frame*)
                0xffffffff800000c0                pitInterruptHandler(interrupt_frame*)
 *fill*         0xffffffff800000c2        0xe 
 .text          0xffffffff800000d0       0x39 ./idt/idt.o
                0xffffffff800000d0                idt_setOffset(IDTDescEntry*, unsigned long)
                0xffffffff800000f0                idt_getOffset(IDTDescEntry*)
 *fill*         0xffffffff80000109        0x7 
 .text          0xffffffff80000110       0x30 ./gdt/gdt.o
                0xffffffff80000110                gdt_init()
 .text          0xffffffff80000140      0x359 ./mem/paging.o
                0xffffffff80000140                PageDirectoryEntry::SetFlag(PT_Flag, bool)
                0xffffffff80000170                PageDirectoryEntry::GetFlag(PT_Flag)
                0xffffffff80000190                PageDirectoryEntry::SetAddress(unsigned long)
                0xffffffff800001c0                PageDirectoryEntry::GetAddress()
                0xffffffff800001d0                PageMapIndexer_From(PageMapIndexer*, unsigned long)
                0xffffffff80000210                PageTable_MapMemory(PageTable*, void*, void*, bool)
 *fill*         0xffffffff80000499        0x7 
 .text          0xffffffff800004a0       0xbb ./mem/memutils.o
                0xffffffff800004a0                getMemoryMappingName(unsigned long)
                0xffffffff800004c0                getMemorySize(limine_memmap_response)
                0xffffffff80000500                getMemoryArealSize(limine_memmap_response)
                0xffffffff80000540                toPhys(unsigned long)
                0xffffffff80000550                toVirt(unsigned long)
 *fill*         0xffffffff8000055b        0x5 
 .text          0xffffffff80000560      0x345 ./mem/heap.o
                0xffffffff80000560                initHeap(void*, unsigned long)
                0xffffffff800005f0                HeapSegHdr::split(unsigned long)
                0xffffffff80000660                HeapSegHdr::combineForward()
                0xffffffff800006c0                free(void*)
                0xffffffff80000740                expandHeap(unsigned long)
                0xffffffff80000800                malloc(unsigned long)
                0xffffffff80000890                HeapSegHdr::combineBackward()
 *fill*         0xffffffff800008a5        0xb 
 .text          0xffffffff800008b0      0x6d9 ./mem/pageframeallocator.o
                0xffffffff800008b0                mem_pageframeallocator_initBitmap(unsigned long, void*)
                0xffffffff80000900                mem_pageframeallocator_lockPage(void*)
                0xffffffff80000990                mem_pageframeallocator_requestPage()
                0xffffffff80000a40                mem_pageframeallocator_lockPageNonAvailable(void*)
                0xffffffff80000ab0                mem_pageframeallocator_freePage(void*)
                0xffffffff80000b40                mem_pageframeallocator_init(limine_memmap_response, limine_hhdm_response*)
                0xffffffff80000e00                mem_pageframeallocator_freePages(void*, unsigned long)
                0xffffffff80000e50                mem_pageframeallocator_lockPages(void*, unsigned long)
                0xffffffff80000ea0                mem_pageframeallocator_lockPagesNonAvailable(void*, unsigned long)
                0xffffffff80000ef0                mem_getFreeRAM()
                0xffffffff80000f00                mem_getUsedRAM()
                0xffffffff80000f10                mem_getTotalRAM()
                0xffffffff80000f20                mem_getMemoryMapSize()
                0xffffffff80000f30                mem_getMemoryMapForAddress(unsigned long)
 *fill*         0xffffffff80000f89        0x7 
 .text          0xffffffff80000f90       0x25 ./lib/io.o
                0xffffffff80000f90                outb(unsigned short, unsigned char)
                0xffffffff80000fa0                inb(unsigned short)
                0xffffffff80000fb0                io_wait()
 *fill*         0xffffffff80000fb5        0xb 
 .text          0xffffffff80000fc0       0x79 ./lib/bitmap.o
                0xffffffff80000fc0                Bitmap::get(unsigned long)
                0xffffffff80000ff0                Bitmap::set(unsigned long, bool)
 *fill*         0xffffffff80001039        0x7 
 .text          0xffffffff80001040      0x10b ./lib/mem.o
                0xffffffff80001040                memcpy(void*, void const*, unsigned long)
                0xffffffff80001070                memset(void*, int, unsigned long)
                0xffffffff80001090                memmove(void*, void const*, unsigned long)
                0xffffffff800010e0                memcmp(void const*, void const*, unsigned long)
                0xffffffff80001120                strlen(unsigned char*)
 *fill*         0xffffffff8000114b        0x5 
 .text          0xffffffff80001150        0xb ./lib/math.o
                0xffffffff80001150                abs(long)
 *fill*         0xffffffff8000115b        0x5 
 .text          0xffffffff80001160      0x108 ./lib/string.o
                0xffffffff80001160                itoa(long, char*, long)
                0xffffffff800011f0                uitoa(unsigned long, char*, unsigned long)
 *fill*         0xffffffff80001268        0x8 
 .text          0xffffffff80001270      0x1a5 ./lib/serial.o
                0xffffffff80001270                serial_init()
                0xffffffff80001330                serial_received()
                0xffffffff80001350                serial_read()
                0xffffffff80001380                is_transmit_empty()
                0xffffffff800013a0                serial_write(char)
                0xffffffff800013d0                serial_writemany(char*)
 *fill*         0xffffffff80001415        0xb 
 .text          0xffffffff80001420      0x16d ./terminal/terminal.o
                0xffffffff80001420                Terminal::init()
                0xffffffff80001460                Terminal::writechar(char)
                0xffffffff80001510                Terminal::write(char*)
                0xffffffff80001550                Terminal::writeln(char*)
 *fill*         0xffffffff8000158d        0x3 
 .text          0xffffffff80001590      0x146 ./panic.o
                0xffffffff80001590                traceStackTrace(unsigned int)
                0xffffffff800015f0                traceStackTraceOnlySerial(unsigned int)
                0xffffffff80001650                panic(char*)
 *fill*         0xffffffff800016d6        0xa 
 .text          0xffffffff800016e0      0x674 ./kernel.o
                0xffffffff800016e0                setIdtGate(void*, unsigned char, unsigned char, unsigned char)
                0xffffffff80001730                initInterrupts(unsigned long)
                0xffffffff80001860                _start
 *fill*         0xffffffff80001d54        0xc 
 .text          0xffffffff80001d60      0x216 ./graphics/framebuffer.o
                0xffffffff80001d60                drawPoint(unsigned int, unsigned int, unsigned int)
                0xffffffff80001d90                drawLine(unsigned int, unsigned int, unsigned int, unsigned int, unsigned int)
                0xffffffff80001df0                drawHorizontalLine(unsigned int, unsigned int, unsigned int, unsigned int)
                0xffffffff80001e20                drawCharBg(unsigned char, unsigned int, unsigned int, unsigned int, unsigned int)
                0xffffffff80001eb0                drawChar(unsigned char, unsigned int, unsigned int, unsigned int)
                0xffffffff80001ec0                drawString(unsigned char*, unsigned int, unsigned int, unsigned int)
                0xffffffff80001f10                drawStringBg(unsigned char*, unsigned int, unsigned int, unsigned int, unsigned int)
                0xffffffff80001f60                translateToOffset(unsigned int, unsigned int)
 *fill*         0xffffffff80001f76        0xa 
 .text          0xffffffff80001f80      0x605 ./debug.o
                0xffffffff80001f80                __write(char*, bool, bool)
                0xffffffff800020e0                __writeChar(char, bool, bool)
                0xffffffff800021d0                _kprintf(char*, bool, bool, __va_list_tag*)
                0xffffffff800024a0                kprintf(char*, ...)
                0xffffffff800024f0                kprintf_both(char*, ...)
                0xffffffff80002540                kprintf_serial(char*, ...)
 *fill*         0xffffffff80002585        0xb 
 .text          0xffffffff80002590       0x1b ./gdt/gdtasm.o
                0xffffffff80002590                loadGDT

.iplt           0xffffffff800025ab        0x0
 .iplt          0xffffffff800025ab        0x0 ./idt/ints.o
                0xffffffff800035ab                . = (. + CONSTANT (MAXPAGESIZE))

.rodata         0xffffffff800035c0      0xbae
 *(.rodata .rodata.*)
 .rodata.str1.1
                0xffffffff800035c0       0x3a ./idt/ints.o
 *fill*         0xffffffff800035fa        0x6 
 .rodata.str1.8
                0xffffffff80003600       0x22 ./idt/ints.o
 *fill*         0xffffffff80003622        0x6 
 .rodata.str1.8
                0xffffffff80003628       0x4c ./mem/paging.o
 .rodata.str1.1
                0xffffffff80003674       0x22 ./mem/paging.o
 .rodata.str1.1
                0xffffffff80003696       0x79 ./mem/memutils.o
 *fill*         0xffffffff8000370f       0x11 
 .rodata        0xffffffff80003720       0x40 ./mem/memutils.o
 .rodata.str1.8
                0xffffffff80003760      0x173 ./mem/pageframeallocator.o
 .rodata.str1.1
                0xffffffff800038d3       0x39 ./mem/pageframeallocator.o
 *fill*         0xffffffff8000390c        0x4 
 .rodata.str1.8
                0xffffffff80003910       0x48 ./lib/string.o
 .rodata.str1.1
                0xffffffff80003958        0x6 ./terminal/terminal.o
 .rodata.str1.1
                0xffffffff8000395e       0x3a ./panic.o
                                         0x3d (size before relaxing)
 .rodata.str1.8
                0xffffffff80003998       0x6a ./panic.o
 *fill*         0xffffffff80003a02        0x6 
 .rodata.str1.8
                0xffffffff80003a08      0x27f ./kernel.o
 .rodata.str1.1
                0xffffffff80003c87      0x184 ./kernel.o
 *fill*         0xffffffff80003e0b        0x5 
 .rodata        0xffffffff80003e10      0x320 ./debug.o
 .rodata.str1.8
                0xffffffff80004130       0x20 ./debug.o
 .rodata.str1.1
                0xffffffff80004150       0x1e ./debug.o

.rela.dyn       0xffffffff80004170        0x0
 .rela.got      0xffffffff80004170        0x0 ./idt/ints.o
 .rela.iplt     0xffffffff80004170        0x0 ./idt/ints.o
                0xffffffff80005170                . = (. + CONSTANT (MAXPAGESIZE))

.data           0xffffffff80006000     0x260c
 *(.data .data.*)
 .data          0xffffffff80006000        0x0 ./idt/ints.o
 .data          0xffffffff80006000        0x0 ./idt/idt.o
 .data          0xffffffff80006000     0x1000 ./gdt/gdt.o
                0xffffffff80006000                defaultGDT
 .data          0xffffffff80007000        0x0 ./mem/paging.o
 .data          0xffffffff80007000        0x0 ./mem/memutils.o
 .data          0xffffffff80007000        0x0 ./mem/heap.o
 .data          0xffffffff80007000        0x0 ./mem/pageframeallocator.o
 .data          0xffffffff80007000        0x0 ./lib/io.o
 .data          0xffffffff80007000        0x0 ./lib/bitmap.o
 .data          0xffffffff80007000        0x0 ./lib/mem.o
 .data          0xffffffff80007000        0x0 ./lib/math.o
 .data          0xffffffff80007000        0x0 ./lib/string.o
 .data          0xffffffff80007000        0x0 ./lib/serial.o
 .data          0xffffffff80007000       0x14 ./terminal/terminal.o
                0xffffffff80007000                gTerminal
 .data          0xffffffff80007014        0x0 ./panic.o
 *fill*         0xffffffff80007014        0xc 
 .data          0xffffffff80007020      0x130 ./kernel.o
 .data          0xffffffff80007150        0x0 ./graphics/framebuffer.o
 .data          0xffffffff80007150        0x0 ./debug.o
 .data          0xffffffff80007150     0x14bc font.o
                0xffffffff80007150                _binary_font_incbin_start
                0xffffffff8000860c                _binary_font_incbin_end

.got            0xffffffff80008610        0x0
 .got           0xffffffff80008610        0x0 ./idt/ints.o

.got.plt        0xffffffff80008610        0x0
 .got.plt       0xffffffff80008610        0x0 ./idt/ints.o

.igot.plt       0xffffffff80008610        0x0
 .igot.plt      0xffffffff80008610        0x0 ./idt/ints.o

.bss            0xffffffff80008610       0xaa
 *(COMMON)
 *(.bss .bss.*)
 .bss           0xffffffff80008610        0x0 ./idt/ints.o
 .bss           0xffffffff80008610        0x0 ./idt/idt.o
 .bss           0xffffffff80008610        0xa ./gdt/gdt.o
                0xffffffff80008610                gdtDescriptor
 *fill*         0xffffffff8000861a        0x6 
 .bss           0xffffffff80008620        0x8 ./mem/paging.o
                0xffffffff80008620                globalPageTable
 .bss           0xffffffff80008628       0x10 ./mem/memutils.o
                0xffffffff80008628                mem_kVirtOffset
                0xffffffff80008630                mem_hhdmOffset
 .bss           0xffffffff80008638       0x18 ./mem/heap.o
                0xffffffff80008638                LastHdr
                0xffffffff80008640                heapEnd
                0xffffffff80008648                heapStart
 .bss           0xffffffff80008650       0x50 ./mem/pageframeallocator.o
                0xffffffff80008650                __memmap
                0xffffffff80008670                mem_pfaBitmap
                0xffffffff80008680                end
                0xffffffff80008688                bitmapIdx
                0xffffffff80008690                mem_usedMemory
                0xffffffff80008698                mem_freeMemory
 .bss           0xffffffff800086a0        0x0 ./lib/io.o
 .bss           0xffffffff800086a0        0x0 ./lib/bitmap.o
 .bss           0xffffffff800086a0        0x0 ./lib/mem.o
 .bss           0xffffffff800086a0        0x0 ./lib/math.o
 .bss           0xffffffff800086a0        0x0 ./lib/string.o
 .bss           0xffffffff800086a0        0x0 ./lib/serial.o
 .bss           0xffffffff800086a0        0x0 ./terminal/terminal.o
 .bss           0xffffffff800086a0        0x0 ./panic.o
 .bss           0xffffffff800086a0        0xa ./kernel.o
                0xffffffff800086a0                idtr
 *fill*         0xffffffff800086aa        0x6 
 .bss           0xffffffff800086b0        0x8 ./graphics/framebuffer.o
                0xffffffff800086b0                gFramebuffer
 .bss           0xffffffff800086b8        0x2 ./debug.o
                0xffffffff800086b8                currentlyReadingColor
                0xffffffff800086b9                currentlyReadingAnything

/DISCARD/
 *(.eh_frame)
 *(.note .note.*)
OUTPUT(kernel.elf elf64-x86-64)

.debug_info     0x0000000000000000     0x67b1
 .debug_info    0x0000000000000000      0x293 ./idt/ints.o
 .debug_info    0x0000000000000293      0x1c5 ./idt/idt.o
 .debug_info    0x0000000000000458      0x204 ./gdt/gdt.o
 .debug_info    0x000000000000065c      0x9e4 ./mem/paging.o
 .debug_info    0x0000000000001040      0x2b7 ./mem/memutils.o
 .debug_info    0x00000000000012f7      0x6bc ./mem/heap.o
 .debug_info    0x00000000000019b3      0xd03 ./mem/pageframeallocator.o
 .debug_info    0x00000000000026b6      0x12f ./lib/io.o
 .debug_info    0x00000000000027e5      0x1f0 ./lib/bitmap.o
 .debug_info    0x00000000000029d5      0x375 ./lib/mem.o
 .debug_info    0x0000000000002d4a       0xb0 ./lib/math.o
 .debug_info    0x0000000000002dfa      0x20f ./lib/string.o
 .debug_info    0x0000000000003009      0x46a ./lib/serial.o
 .debug_info    0x0000000000003473      0x579 ./terminal/terminal.o
 .debug_info    0x00000000000039ec      0x432 ./panic.o
 .debug_info    0x0000000000003e1e     0x16f6 ./kernel.o
 .debug_info    0x0000000000005514      0xa2f ./graphics/framebuffer.o
 .debug_info    0x0000000000005f43      0x81e ./debug.o
 .debug_info    0x0000000000006761       0x50 ./gdt/gdtasm.o

.debug_abbrev   0x0000000000000000     0x2170
 .debug_abbrev  0x0000000000000000      0x152 ./idt/ints.o
 .debug_abbrev  0x0000000000000152       0xff ./idt/idt.o
 .debug_abbrev  0x0000000000000251       0xf8 ./gdt/gdt.o
 .debug_abbrev  0x0000000000000349      0x318 ./mem/paging.o
 .debug_abbrev  0x0000000000000661      0x131 ./mem/memutils.o
 .debug_abbrev  0x0000000000000792      0x30a ./mem/heap.o
 .debug_abbrev  0x0000000000000a9c      0x367 ./mem/pageframeallocator.o
 .debug_abbrev  0x0000000000000e03       0xc0 ./lib/io.o
 .debug_abbrev  0x0000000000000ec3      0x14f ./lib/bitmap.o
 .debug_abbrev  0x0000000000001012      0x128 ./lib/mem.o
 .debug_abbrev  0x000000000000113a       0x74 ./lib/math.o
 .debug_abbrev  0x00000000000011ae       0xe2 ./lib/string.o
 .debug_abbrev  0x0000000000001290      0x198 ./lib/serial.o
 .debug_abbrev  0x0000000000001428      0x247 ./terminal/terminal.o
 .debug_abbrev  0x000000000000166f      0x1cc ./panic.o
 .debug_abbrev  0x000000000000183b      0x3de ./kernel.o
 .debug_abbrev  0x0000000000001c19      0x2a3 ./graphics/framebuffer.o
 .debug_abbrev  0x0000000000001ebc      0x299 ./debug.o
 .debug_abbrev  0x0000000000002155       0x1b ./gdt/gdtasm.o

.debug_aranges  0x0000000000000000      0x390
 .debug_aranges
                0x0000000000000000       0x30 ./idt/ints.o
 .debug_aranges
                0x0000000000000030       0x30 ./idt/idt.o
 .debug_aranges
                0x0000000000000060       0x30 ./gdt/gdt.o
 .debug_aranges
                0x0000000000000090       0x30 ./mem/paging.o
 .debug_aranges
                0x00000000000000c0       0x30 ./mem/memutils.o
 .debug_aranges
                0x00000000000000f0       0x30 ./mem/heap.o
 .debug_aranges
                0x0000000000000120       0x30 ./mem/pageframeallocator.o
 .debug_aranges
                0x0000000000000150       0x30 ./lib/io.o
 .debug_aranges
                0x0000000000000180       0x30 ./lib/bitmap.o
 .debug_aranges
                0x00000000000001b0       0x30 ./lib/mem.o
 .debug_aranges
                0x00000000000001e0       0x30 ./lib/math.o
 .debug_aranges
                0x0000000000000210       0x30 ./lib/string.o
 .debug_aranges
                0x0000000000000240       0x30 ./lib/serial.o
 .debug_aranges
                0x0000000000000270       0x30 ./terminal/terminal.o
 .debug_aranges
                0x00000000000002a0       0x30 ./panic.o
 .debug_aranges
                0x00000000000002d0       0x30 ./kernel.o
 .debug_aranges
                0x0000000000000300       0x30 ./graphics/framebuffer.o
 .debug_aranges
                0x0000000000000330       0x30 ./debug.o
 .debug_aranges
                0x0000000000000360       0x30 ./gdt/gdtasm.o

.debug_line     0x0000000000000000     0x290c
 .debug_line    0x0000000000000000      0x107 ./idt/ints.o
 .debug_line    0x0000000000000107       0xa3 ./idt/idt.o
 .debug_line    0x00000000000001aa       0x91 ./gdt/gdt.o
 .debug_line    0x000000000000023b      0x3f3 ./mem/paging.o
 .debug_line    0x000000000000062e      0x100 ./mem/memutils.o
 .debug_line    0x000000000000072e      0x41b ./mem/heap.o
 .debug_line    0x0000000000000b49      0x63b ./mem/pageframeallocator.o
 .debug_line    0x0000000000001184       0x7a ./lib/io.o
 .debug_line    0x00000000000011fe       0xf0 ./lib/bitmap.o
 .debug_line    0x00000000000012ee      0x1e2 ./lib/mem.o
 .debug_line    0x00000000000014d0       0x62 ./lib/math.o
 .debug_line    0x0000000000001532      0x190 ./lib/string.o
 .debug_line    0x00000000000016c2      0x1d3 ./lib/serial.o
 .debug_line    0x0000000000001895      0x1ca ./terminal/terminal.o
 .debug_line    0x0000000000001a5f      0x1bc ./panic.o
 .debug_line    0x0000000000001c1b      0x579 ./kernel.o
 .debug_line    0x0000000000002194      0x30a ./graphics/framebuffer.o
 .debug_line    0x000000000000249e      0x423 ./debug.o
 .debug_line    0x00000000000028c1       0x4b ./gdt/gdtasm.o

.debug_str      0x0000000000000000     0x163e
 .debug_str     0x0000000000000000      0x2f8 ./idt/ints.o
                                        0x335 (size before relaxing)
 .debug_str     0x00000000000002f8       0xab ./idt/idt.o
                                        0x22e (size before relaxing)
 .debug_str     0x00000000000003a3       0xb0 ./gdt/gdt.o
                                        0x20a (size before relaxing)
 .debug_str     0x0000000000000453      0x2a8 ./mem/paging.o
                                        0x459 (size before relaxing)
 .debug_str     0x00000000000006fb      0x121 ./mem/memutils.o
                                        0x29e (size before relaxing)
 .debug_str     0x000000000000081c      0x174 ./mem/heap.o
                                        0x4fe (size before relaxing)
 .debug_str     0x0000000000000990      0x47c ./mem/pageframeallocator.o
                                        0x7a2 (size before relaxing)
 .debug_str     0x0000000000000e0c       0x3a ./lib/io.o
                                        0x180 (size before relaxing)
 .debug_str     0x0000000000000e46       0x15 ./lib/bitmap.o
                                        0x1d3 (size before relaxing)
 .debug_str     0x0000000000000e5b       0x66 ./lib/mem.o
                                        0x1f3 (size before relaxing)
 .debug_str     0x0000000000000ec1        0x8 ./lib/math.o
                                        0x13f (size before relaxing)
 .debug_str     0x0000000000000ec9       0x1f ./lib/string.o
                                        0x174 (size before relaxing)
 .debug_str     0x0000000000000ee8       0xcf ./lib/serial.o
                                        0x22b (size before relaxing)
 .debug_str     0x0000000000000fb7      0x190 ./terminal/terminal.o
                                        0x375 (size before relaxing)
 .debug_str     0x0000000000001147       0x81 ./panic.o
                                        0x2ec (size before relaxing)
 .debug_str     0x00000000000011c8      0x20e ./kernel.o
                                        0xc69 (size before relaxing)
 .debug_str     0x00000000000013d6      0x139 ./graphics/framebuffer.o
                                        0x394 (size before relaxing)
 .debug_str     0x000000000000150f      0x12f ./debug.o
                                        0x44a (size before relaxing)

.debug_line_str
                0x0000000000000000      0x2d0
 .debug_line_str
                0x0000000000000000       0x96 ./idt/ints.o
                                         0xbd (size before relaxing)
 .debug_line_str
                0x0000000000000096       0x12 ./idt/idt.o
                                         0xa2 (size before relaxing)
 .debug_line_str
                0x00000000000000a8       0x21 ./gdt/gdt.o
                                         0xa2 (size before relaxing)
 .debug_line_str
                0x00000000000000c9       0x69 ./mem/paging.o
                                        0x100 (size before relaxing)
 .debug_line_str
                0x0000000000000132       0x25 ./mem/memutils.o
                                         0xc6 (size before relaxing)
 .debug_line_str
                0x0000000000000157       0x14 ./mem/heap.o
                                         0xcd (size before relaxing)
 .debug_line_str
                0x000000000000016b       0x24 ./mem/pageframeallocator.o
                                        0x112 (size before relaxing)
 .debug_line_str
                0x000000000000018f        0xb ./lib/io.o
                                         0x8e (size before relaxing)
 .debug_line_str
                0x000000000000019a        0xf ./lib/bitmap.o
                                         0xa3 (size before relaxing)
 .debug_line_str
                0x00000000000001a9        0xc ./lib/mem.o
                                         0x9a (size before relaxing)
 .debug_line_str
                0x00000000000001b5        0xd ./lib/math.o
                                         0x94 (size before relaxing)
 .debug_line_str
                0x00000000000001c2        0xf ./lib/string.o
                                         0x9a (size before relaxing)
 .debug_line_str
                0x00000000000001d1       0x14 ./lib/serial.o
                                         0x9f (size before relaxing)
 .debug_line_str
                0x00000000000001e5       0x71 ./terminal/terminal.o
                                        0x12c (size before relaxing)
 .debug_line_str
                0x0000000000000256        0xa ./panic.o
                                         0xbb (size before relaxing)
 .debug_line_str
                0x0000000000000260       0x30 ./kernel.o
                                        0x170 (size before relaxing)
 .debug_line_str
                0x0000000000000290       0x19 ./graphics/framebuffer.o
                                         0xe6 (size before relaxing)
 .debug_line_str
                0x00000000000002a9       0x27 ./debug.o
                                         0xec (size before relaxing)

.comment        0x0000000000000000       0x12
 .comment       0x0000000000000000       0x12 ./idt/ints.o
                                         0x13 (size before relaxing)
 .comment       0x0000000000000012       0x13 ./idt/idt.o
 .comment       0x0000000000000012       0x13 ./gdt/gdt.o
 .comment       0x0000000000000012       0x13 ./mem/paging.o
 .comment       0x0000000000000012       0x13 ./mem/memutils.o
 .comment       0x0000000000000012       0x13 ./mem/heap.o
 .comment       0x0000000000000012       0x13 ./mem/pageframeallocator.o
 .comment       0x0000000000000012       0x13 ./lib/io.o
 .comment       0x0000000000000012       0x13 ./lib/bitmap.o
 .comment       0x0000000000000012       0x13 ./lib/mem.o
 .comment       0x0000000000000012       0x13 ./lib/math.o
 .comment       0x0000000000000012       0x13 ./lib/string.o
 .comment       0x0000000000000012       0x13 ./lib/serial.o
 .comment       0x0000000000000012       0x13 ./terminal/terminal.o
 .comment       0x0000000000000012       0x13 ./panic.o
 .comment       0x0000000000000012       0x13 ./kernel.o
 .comment       0x0000000000000012       0x13 ./graphics/framebuffer.o
 .comment       0x0000000000000012       0x13 ./debug.o

.debug_loclists
                0x0000000000000000     0x24a5
 .debug_loclists
                0x0000000000000000       0x7f ./idt/idt.o
 .debug_loclists
                0x000000000000007f      0x71d ./mem/paging.o
 .debug_loclists
                0x000000000000079c       0x99 ./mem/memutils.o
 .debug_loclists
                0x0000000000000835      0x38d ./mem/heap.o
 .debug_loclists
                0x0000000000000bc2      0x70c ./mem/pageframeallocator.o
 .debug_loclists
                0x00000000000012ce       0x14 ./lib/io.o
 .debug_loclists
                0x00000000000012e2       0x8b ./lib/bitmap.o
 .debug_loclists
                0x000000000000136d      0x17c ./lib/mem.o
 .debug_loclists
                0x00000000000014e9      0x184 ./lib/string.o
 .debug_loclists
                0x000000000000166d       0x49 ./lib/serial.o
 .debug_loclists
                0x00000000000016b6      0x12e ./terminal/terminal.o
 .debug_loclists
                0x00000000000017e4       0xbc ./panic.o
 .debug_loclists
                0x00000000000018a0      0x372 ./kernel.o
 .debug_loclists
                0x0000000000001c12      0x58d ./graphics/framebuffer.o
 .debug_loclists
                0x000000000000219f      0x306 ./debug.o

.debug_rnglists
                0x0000000000000000      0x37b
 .debug_rnglists
                0x0000000000000000       0xb4 ./mem/paging.o
 .debug_rnglists
                0x00000000000000b4       0x2c ./mem/memutils.o
 .debug_rnglists
                0x00000000000000e0       0x48 ./mem/heap.o
 .debug_rnglists
                0x0000000000000128       0x9e ./mem/pageframeallocator.o
 .debug_rnglists
                0x00000000000001c6       0x13 ./lib/mem.o
 .debug_rnglists
                0x00000000000001d9       0x17 ./lib/serial.o
 .debug_rnglists
                0x00000000000001f0       0x15 ./terminal/terminal.o
 .debug_rnglists
                0x0000000000000205       0xa1 ./kernel.o
 .debug_rnglists
                0x00000000000002a6       0xa9 ./graphics/framebuffer.o
 .debug_rnglists
                0x000000000000034f       0x2c ./debug.o

.debug_pubnames
                0x0000000000000000        0x0
 .debug_pubnames
                0x0000000000000000        0x0 ./gdt/gdtasm.o

.debug_frame    0x0000000000000000        0x0
 .debug_frame   0x0000000000000000        0x0 ./gdt/gdtasm.o

.debug_loc      0x0000000000000000        0x0
 .debug_loc     0x0000000000000000        0x0 ./gdt/gdtasm.o
